Component: ARM Compiler 5.06 update 1 (build 61) Tool: armlink [4d35a8]

==============================================================================

Section Cross References

    main.o(i.advertising_init) refers to memseta.o(.text) for __aeabi_memclr4
    main.o(i.advertising_init) refers to ble_advertising.o(i.ble_advertising_init) for ble_advertising_init
    main.o(i.advertising_init) refers to app_error.o(i.app_error_handler) for app_error_handler
    main.o(i.advertising_init) refers to main.o(.data) for m_adv_uuids
    main.o(i.advertising_init) refers to main.o(i.on_adv_evt) for on_adv_evt
    main.o(i.assert_nrf_callback) refers to app_error.o(i.app_error_handler) for app_error_handler
    main.o(i.beacon_advertiser_error_handler) refers to app_error.o(i.app_error_handler) for app_error_handler
    main.o(i.ble_evt_dispatch) refers to ble_conn_params.o(i.ble_conn_params_on_ble_evt) for ble_conn_params_on_ble_evt
    main.o(i.ble_evt_dispatch) refers to ble_nus.o(i.ble_nus_on_ble_evt) for ble_nus_on_ble_evt
    main.o(i.ble_evt_dispatch) refers to main.o(i.on_ble_evt) for on_ble_evt
    main.o(i.ble_evt_dispatch) refers to ble_advertising.o(i.ble_advertising_on_ble_evt) for ble_advertising_on_ble_evt
    main.o(i.ble_evt_dispatch) refers to bsp_btn_ble.o(i.bsp_btn_ble_on_ble_evt) for bsp_btn_ble_on_ble_evt
    main.o(i.ble_evt_dispatch) refers to main.o(.bss) for m_nus
    main.o(i.ble_stack_init) refers to softdevice_handler.o(i.softdevice_handler_init) for softdevice_handler_init
    main.o(i.ble_stack_init) refers to app_error.o(i.app_error_handler) for app_error_handler
    main.o(i.ble_stack_init) refers to softdevice_handler.o(i.softdevice_enable_get_default_config) for softdevice_enable_get_default_config
    main.o(i.ble_stack_init) refers to softdevice_handler.o(i.sd_check_ram_start) for sd_check_ram_start
    main.o(i.ble_stack_init) refers to softdevice_handler.o(i.softdevice_enable) for softdevice_enable
    main.o(i.ble_stack_init) refers to softdevice_handler.o(i.softdevice_ble_evt_handler_set) for softdevice_ble_evt_handler_set
    main.o(i.ble_stack_init) refers to softdevice_handler.o(i.softdevice_sys_evt_handler_set) for softdevice_sys_evt_handler_set
    main.o(i.ble_stack_init) refers to main.o(.constdata) for .constdata
    main.o(i.ble_stack_init) refers to main.o(.bss) for BLE_EVT_BUFFER
    main.o(i.ble_stack_init) refers to main.o(.data) for EDDYSTONE
    main.o(i.ble_stack_init) refers to main.o(i.ble_evt_dispatch) for ble_evt_dispatch
    main.o(i.ble_stack_init) refers to main.o(i.sys_evt_dispatch) for sys_evt_dispatch
    main.o(i.bsp_event_handler) refers to main.o(i.sleep_mode_enter) for sleep_mode_enter
    main.o(i.bsp_event_handler) refers to app_error.o(i.app_error_handler) for app_error_handler
    main.o(i.bsp_event_handler) refers to ble_advertising.o(i.ble_advertising_restart_without_whitelist) for ble_advertising_restart_without_whitelist
    main.o(i.bsp_event_handler) refers to main.o(.data) for m_conn_handle
    main.o(i.buttons_leds_init) refers to bsp.o(i.bsp_init) for bsp_init
    main.o(i.buttons_leds_init) refers to app_error.o(i.app_error_handler) for app_error_handler
    main.o(i.buttons_leds_init) refers to bsp_btn_ble.o(i.bsp_btn_ble_init) for bsp_btn_ble_init
    main.o(i.buttons_leds_init) refers to main.o(i.bsp_event_handler) for bsp_event_handler
    main.o(i.conn_params_error_handler) refers to app_error.o(i.app_error_handler) for app_error_handler
    main.o(i.conn_params_init) refers to memseta.o(.text) for __aeabi_memclr4
    main.o(i.conn_params_init) refers to ble_conn_params.o(i.ble_conn_params_init) for ble_conn_params_init
    main.o(i.conn_params_init) refers to app_error.o(i.app_error_handler) for app_error_handler
    main.o(i.conn_params_init) refers to main.o(i.on_conn_params_evt) for on_conn_params_evt
    main.o(i.conn_params_init) refers to main.o(i.conn_params_error_handler) for conn_params_error_handler
    main.o(i.eddy_advertising_init) refers to memseta.o(.text) for __aeabi_memclr4
    main.o(i.eddy_advertising_init) refers to ble_advdata.o(i.ble_advdata_set) for ble_advdata_set
    main.o(i.eddy_advertising_init) refers to app_error.o(i.app_error_handler) for app_error_handler
    main.o(i.eddy_advertising_init) refers to main.o(.constdata) for .constdata
    main.o(i.eddy_advertising_init) refers to main.o(.data) for eddystone_url_data
    main.o(i.eddy_advertising_init) refers to main.o(.bss) for m_adv_params
    main.o(i.eddy_advertising_start) refers to app_error.o(i.app_error_handler) for app_error_handler
    main.o(i.eddy_advertising_start) refers to bsp.o(i.bsp_indication_set) for bsp_indication_set
    main.o(i.eddy_advertising_start) refers to main.o(.bss) for m_adv_params
    main.o(i.gap_params_init) refers to app_error.o(i.app_error_handler) for app_error_handler
    main.o(i.main) refers to app_timer.o(i.app_timer_init) for app_timer_init
[...]
    nrf_gpio_cfg_sense_set                   0x000201a1   Thumb Code    32  nrf_drv_gpiote.o(i.nrf_gpio_cfg_sense_set)
    i.nrf_gpio_pin_clear                     0x000201c4   Section        0  shiftreg.o(i.nrf_gpio_pin_clear)
    nrf_gpio_pin_clear                       0x000201c5   Thumb Code    10  shiftreg.o(i.nrf_gpio_pin_clear)
    i.nrf_gpio_pin_read                      0x000201d4   Section        0  main.o(i.nrf_gpio_pin_read)
    nrf_gpio_pin_read                        0x000201d5   Thumb Code    14  main.o(i.nrf_gpio_pin_read)
    i.nrf_gpio_pin_set                       0x000201e8   Section        0  nrf_drv_uart.o(i.nrf_gpio_pin_set)
    nrf_gpio_pin_set                         0x000201e9   Thumb Code    10  nrf_drv_uart.o(i.nrf_gpio_pin_set)
    i.nrf_gpio_pin_set                       0x000201f8   Section        0  shiftreg.o(i.nrf_gpio_pin_set)
    nrf_gpio_pin_set                         0x000201f9   Thumb Code    10  shiftreg.o(i.nrf_gpio_pin_set)
    i.nrf_gpiote_event_addr_get              0x00020208   Section        0  nrf_drv_gpiote.o(i.nrf_gpiote_event_addr_get)
    nrf_gpiote_event_addr_get                0x00020209   Thumb Code     8  nrf_drv_gpiote.o(i.nrf_gpiote_event_addr_get)
    i.nrf_gpiote_event_clear                 0x00020214   Section        0  nrf_drv_gpiote.o(i.nrf_gpiote_event_clear)
    nrf_gpiote_event_clear                   0x00020215   Thumb Code    28  nrf_drv_gpiote.o(i.nrf_gpiote_event_clear)
    i.nrf_gpiote_event_is_set                0x00020230   Section        0  nrf_drv_gpiote.o(i.nrf_gpiote_event_is_set)
    nrf_gpiote_event_is_set                  0x00020231   Thumb Code    22  nrf_drv_gpiote.o(i.nrf_gpiote_event_is_set)
    i.nrf_saadc_event_check                  0x00020248   Section        0  nrf_drv_saadc.o(i.nrf_saadc_event_check)
    nrf_saadc_event_check                    0x00020249   Thumb Code    16  nrf_drv_saadc.o(i.nrf_saadc_event_check)
    i.nrf_saadc_event_clear                  0x0002025c   Section        0  nrf_drv_saadc.o(i.nrf_saadc_event_clear)
    nrf_saadc_event_clear                    0x0002025d   Thumb Code     8  nrf_drv_saadc.o(i.nrf_saadc_event_clear)
    i.nrf_saadc_task_trigger                 0x00020268   Section        0  nrf_drv_saadc.o(i.nrf_saadc_task_trigger)
    nrf_saadc_task_trigger                   0x00020269   Thumb Code     8  nrf_drv_saadc.o(i.nrf_saadc_task_trigger)
    i.nrf_timer_compare_event_get            0x00020274   Section        0  nrf_drv_timer.o(i.nrf_timer_compare_event_get)
    nrf_timer_compare_event_get              0x00020275   Thumb Code    14  nrf_drv_timer.o(i.nrf_timer_compare_event_get)
    i.nrf_timer_compare_int_get              0x00020282   Section        0  nrf_drv_timer.o(i.nrf_timer_compare_int_get)
    nrf_timer_compare_int_get                0x00020283   Thumb Code    10  nrf_drv_timer.o(i.nrf_timer_compare_int_get)
    i.nrf_timer_event_clear                  0x0002028c   Section        0  nrf_drv_timer.o(i.nrf_timer_event_clear)
    nrf_timer_event_clear                    0x0002028d   Thumb Code     6  nrf_drv_timer.o(i.nrf_timer_event_clear)
    i.nrf_uart_errorsrc_get_and_clear        0x00020292   Section        0  nrf_drv_uart.o(i.nrf_uart_errorsrc_get_and_clear)
    nrf_uart_errorsrc_get_and_clear          0x00020293   Thumb Code    12  nrf_drv_uart.o(i.nrf_uart_errorsrc_get_and_clear)
    i.nrf_uart_event_check                   0x0002029e   Section        0  nrf_drv_uart.o(i.nrf_uart_event_check)
    nrf_uart_event_check                     0x0002029f   Thumb Code    14  nrf_drv_uart.o(i.nrf_uart_event_check)
    i.nrf_uart_event_clear                   0x000202ac   Section        0  nrf_drv_uart.o(i.nrf_uart_event_clear)
    nrf_uart_event_clear                     0x000202ad   Thumb Code     6  nrf_drv_uart.o(i.nrf_uart_event_clear)
    i.nrf_uart_hwfc_pins_set                 0x000202b2   Section        0  nrf_drv_uart.o(i.nrf_uart_hwfc_pins_set)
    nrf_uart_hwfc_pins_set                   0x000202b3   Thumb Code    10  nrf_drv_uart.o(i.nrf_uart_hwfc_pins_set)
    i.nrf_uart_int_disable                   0x000202bc   Section        0  nrf_drv_uart.o(i.nrf_uart_int_disable)
    nrf_uart_int_disable                     0x000202bd   Thumb Code     6  nrf_drv_uart.o(i.nrf_uart_int_disable)
    i.nrf_uart_int_enable                    0x000202c2   Section        0  nrf_drv_uart.o(i.nrf_uart_int_enable)
    nrf_uart_int_enable                      0x000202c3   Thumb Code     6  nrf_drv_uart.o(i.nrf_uart_int_enable)
    i.nrf_uart_int_enable_check              0x000202c8   Section        0  nrf_drv_uart.o(i.nrf_uart_int_enable_check)
    nrf_uart_int_enable_check                0x000202c9   Thumb Code    18  nrf_drv_uart.o(i.nrf_uart_int_enable_check)
    i.nrf_uart_task_trigger                  0x000202da   Section        0  nrf_drv_uart.o(i.nrf_uart_task_trigger)
    nrf_uart_task_trigger                    0x000202db   Thumb Code     6  nrf_drv_uart.o(i.nrf_uart_task_trigger)
    i.nrf_uart_txrx_pins_set                 0x000202e0   Section        0  nrf_drv_uart.o(i.nrf_uart_txrx_pins_set)
    nrf_uart_txrx_pins_set                   0x000202e1   Thumb Code    10  nrf_drv_uart.o(i.nrf_uart_txrx_pins_set)
    i.nrf_uarte_errorsrc_get_and_clear       0x000202ea   Section        0  nrf_drv_uart.o(i.nrf_uarte_errorsrc_get_and_clear)
    nrf_uarte_errorsrc_get_and_clear         0x000202eb   Thumb Code    12  nrf_drv_uart.o(i.nrf_uarte_errorsrc_get_and_clear)
    i.nrf_uarte_event_check                  0x000202f6   Section        0  nrf_drv_uart.o(i.nrf_uarte_event_check)
    nrf_uarte_event_check                    0x000202f7   Thumb Code    14  nrf_drv_uart.o(i.nrf_uarte_event_check)
    i.nrf_uarte_event_clear                  0x00020304   Section        0  nrf_drv_uart.o(i.nrf_uarte_event_clear)
    nrf_uarte_event_clear                    0x00020305   Thumb Code     6  nrf_drv_uart.o(i.nrf_uarte_event_clear)
    i.nrf_uarte_hwfc_pins_set                0x0002030a   Section        0  nrf_drv_uart.o(i.nrf_uarte_hwfc_pins_set)
    nrf_uarte_hwfc_pins_set                  0x0002030b   Thumb Code    12  nrf_drv_uart.o(i.nrf_uarte_hwfc_pins_set)
    i.nrf_uarte_int_disable                  0x00020316   Section        0  nrf_drv_uart.o(i.nrf_uarte_int_disable)
    nrf_uarte_int_disable                    0x00020317   Thumb Code     6  nrf_drv_uart.o(i.nrf_uarte_int_disable)
    i.nrf_uarte_int_enable                   0x0002031c   Section        0  nrf_drv_uart.o(i.nrf_uarte_int_enable)
    nrf_uarte_int_enable                     0x0002031d   Thumb Code     6  nrf_drv_uart.o(i.nrf_uarte_int_enable)
    i.nrf_uarte_rx_amount_get                0x00020322   Section        0  nrf_drv_uart.o(i.nrf_uarte_rx_amount_get)
    nrf_uarte_rx_amount_get                  0x00020323   Thumb Code    10  nrf_drv_uart.o(i.nrf_uarte_rx_amount_get)
    i.nrf_uarte_task_trigger                 0x0002032c   Section        0  nrf_drv_uart.o(i.nrf_uarte_task_trigger)
    nrf_uarte_task_trigger                   0x0002032d   Thumb Code     6  nrf_drv_uart.o(i.nrf_uarte_task_trigger)
    i.nrf_uarte_txrx_pins_set                0x00020332   Section        0  nrf_drv_uart.o(i.nrf_uarte_txrx_pins_set)
    nrf_uarte_txrx_pins_set                  0x00020333   Thumb Code    14  nrf_drv_uart.o(i.nrf_uarte_txrx_pins_set)
    i.nus_data_handler                       0x00020340   Section        0  main.o(i.nus_data_handler)
    nus_data_handler                         0x00020341   Thumb Code   156  main.o(i.nus_data_handler)
    i.on_adv_evt                             0x0002040c   Section        0  main.o(i.on_adv_evt)
    on_adv_evt                               0x0002040d   Thumb Code    56  main.o(i.on_adv_evt)
    i.on_ble_evt                             0x00020454   Section        0  main.o(i.on_ble_evt)
    on_ble_evt                               0x00020455   Thumb Code   192  main.o(i.on_ble_evt)
    i.on_conn_params_evt                     0x00020528   Section        0  main.o(i.on_conn_params_evt)
    on_conn_params_evt                       0x00020529   Thumb Code    44  main.o(i.on_conn_params_evt)
    i.on_conn_params_update                  0x00020568   Section        0  ble_conn_params.o(i.on_conn_params_update)
    on_conn_params_update                    0x00020569   Thumb Code    20  ble_conn_params.o(i.on_conn_params_update)
    i.on_connect                             0x00020580   Section        0  ble_conn_params.o(i.on_connect)
    on_connect                               0x00020581   Thumb Code    38  ble_conn_params.o(i.on_connect)
    i.on_connect                             0x000205b8   Section        0  ble_nus.o(i.on_connect)
    on_connect                               0x000205b9   Thumb Code     6  ble_nus.o(i.on_connect)
    i.on_disconnect                          0x000205c0   Section        0  ble_conn_params.o(i.on_disconnect)
    on_disconnect                            0x000205c1   Thumb Code    46  ble_conn_params.o(i.on_disconnect)
    i.on_disconnect                          0x00020600   Section        0  ble_nus.o(i.on_disconnect)
    on_disconnect                            0x00020601   Thumb Code     8  ble_nus.o(i.on_disconnect)
    i.on_write                               0x00020608   Section        0  ble_conn_params.o(i.on_write)
    on_write                                 0x00020609   Thumb Code    78  ble_conn_params.o(i.on_write)
    i.on_write                               0x00020660   Section        0  ble_nus.o(i.on_write)
    on_write                                 0x00020661   Thumb Code    80  ble_nus.o(i.on_write)
    i.peer_address_exists                    0x000206b0   Section        0  ble_advertising.o(i.peer_address_exists)
    peer_address_exists                      0x000206b1   Thumb Code    24  ble_advertising.o(i.peer_address_exists)
    i.pstorage_access_status_get             0x000206c8   Section        0  pstorage.o(i.pstorage_access_status_get)
    i.ram_end_address_get                    0x000206f4   Section        0  softdevice_handler.o(i.ram_end_address_get)
    ram_end_address_get                      0x000206f5   Thumb Code    16  softdevice_handler.o(i.ram_end_address_get)
    i.rtc1_compare0_set                      0x00020708   Section        0  app_timer.o(i.rtc1_compare0_set)
    rtc1_compare0_set                        0x00020709   Thumb Code     6  app_timer.o(i.rtc1_compare0_set)
    i.rtc1_counter_get                       0x00020714   Section        0  app_timer.o(i.rtc1_counter_get)
    rtc1_counter_get                         0x00020715   Thumb Code     6  app_timer.o(i.rtc1_counter_get)
    i.rtc1_init                              0x00020720   Section        0  app_timer.o(i.rtc1_init)
    rtc1_init                                0x00020721   Thumb Code    18  app_timer.o(i.rtc1_init)
    i.rtc1_start                             0x00020738   Section        0  app_timer.o(i.rtc1_start)
    rtc1_start                               0x00020739   Thumb Code    48  app_timer.o(i.rtc1_start)
    i.rtc1_stop                              0x00020774   Section        0  app_timer.o(i.rtc1_stop)
    rtc1_stop                                0x00020775   Thumb Code    68  app_timer.o(i.rtc1_stop)
    i.rx_byte                                0x000207cc   Section        0  nrf_drv_uart.o(i.rx_byte)
    rx_byte                                  0x000207cd   Thumb Code    68  nrf_drv_uart.o(i.rx_byte)
    i.rx_char_add                            0x0002081c   Section        0  ble_nus.o(i.rx_char_add)
    rx_char_add                              0x0002081d   Thumb Code   312  ble_nus.o(i.rx_char_add)
    i.rx_done_event                          0x00020954   Section        0  nrf_drv_uart.o(i.rx_done_event)
    rx_done_event                            0x00020955   Thumb Code    30  nrf_drv_uart.o(i.rx_done_event)
    i.rx_enable                              0x00020978   Section        0  nrf_drv_uart.o(i.rx_enable)
    rx_enable                                0x00020979   Thumb Code    32  nrf_drv_uart.o(i.rx_enable)
    i.sd_check_ram_start                     0x0002099c   Section        0  softdevice_handler.o(i.sd_check_ram_start)
    i.sd_nvic_EnableIRQ                      0x00020a30   Section        0  softdevice_handler.o(i.sd_nvic_EnableIRQ)
    sd_nvic_EnableIRQ                        0x00020a31   Thumb Code   190  softdevice_handler.o(i.sd_nvic_EnableIRQ)
    i.sec_mgr_oob_flags_encode               0x00020b00   Section        0  ble_advdata.o(i.sec_mgr_oob_flags_encode)
    sec_mgr_oob_flags_encode                 0x00020b01   Thumb Code    54  ble_advdata.o(i.sec_mgr_oob_flags_encode)
    i.service_data_encode                    0x00020b36   Section        0  ble_advdata.o(i.service_data_encode)
    service_data_encode                      0x00020b37   Thumb Code   150  ble_advdata.o(i.service_data_encode)
    i.services_init                          0x00020bcc   Section        0  main.o(i.services_init)
    services_init                            0x00020bcd   Thumb Code    46  main.o(i.services_init)
    i.shiftRegInit                           0x00020c14   Section        0  shiftreg.o(i.shiftRegInit)
    i.shiftRegLatch                          0x00020c7e   Section        0  shiftreg.o(i.shiftRegLatch)
    i.shiftRegPulse                          0x00020c9a   Section        0  shiftreg.o(i.shiftRegPulse)
    i.shiftRegWrite                          0x00020cb6   Section        0  shiftreg.o(i.shiftRegWrite)
    i.sleep_mode_enter                       0x00020d28   Section        0  main.o(i.sleep_mode_enter)
    sleep_mode_enter                         0x00020d29   Thumb Code    94  main.o(i.sleep_mode_enter)
    i.softdevice_ble_evt_handler_set         0x00020d98   Section        0  softdevice_handler.o(i.softdevice_ble_evt_handler_set)
    i.softdevice_enable                      0x00020db0   Section        0  softdevice_handler.o(i.softdevice_enable)
    i.softdevice_enable_get_default_config   0x00020eb4   Section        0  softdevice_handler.o(i.softdevice_enable_get_default_config)
    i.softdevice_fault_handler               0x00020ee0   Section        0  softdevice_handler.o(i.softdevice_fault_handler)
    i.softdevice_handler_init                0x00020ef4   Section        0  softdevice_handler.o(i.softdevice_handler_init)
    i.softdevice_sys_evt_handler_set         0x00020f5c   Section        0  softdevice_handler.o(i.softdevice_sys_evt_handler_set)
    i.srdata_check                           0x00020f74   Section        0  ble_advdata.o(i.srdata_check)
    srdata_check                             0x00020f75   Thumb Code    14  ble_advdata.o(i.srdata_check)
    i.startup_event_extract                  0x00020f82   Section        0  bsp_btn_ble.o(i.startup_event_extract)
    startup_event_extract                    0x00020f83   Thumb Code    76  bsp_btn_ble.o(i.startup_event_extract)
    i.sys_evt_dispatch                       0x00020fce   Section        0  main.o(i.sys_evt_dispatch)
    sys_evt_dispatch                         0x00020fcf   Thumb Code    12  main.o(i.sys_evt_dispatch)
    i.ticks_diff_get                         0x00020fda   Section        0  app_timer.o(i.ticks_diff_get)
    ticks_diff_get                           0x00020fdb   Thumb Code    10  app_timer.o(i.ticks_diff_get)
    i.timeout_handler_exec                   0x00020fe4   Section        0  app_timer.o(i.timeout_handler_exec)
    timeout_handler_exec                     0x00020fe5   Thumb Code    56  app_timer.o(i.timeout_handler_exec)
    i.timer_list_handler                     0x00021050   Section        0  app_timer.o(i.timer_list_handler)
    timer_list_handler                       0x00021051   Thumb Code    72  app_timer.o(i.timer_list_handler)
    i.timer_list_handler_sched               0x000210a4   Section        0  app_timer.o(i.timer_list_handler_sched)
    timer_list_handler_sched                 0x000210a5   Thumb Code    10  app_timer.o(i.timer_list_handler_sched)
    i.timer_list_insert                      0x000210b0   Section        0  app_timer.o(i.timer_list_insert)
    timer_list_insert                        0x000210b1   Thumb Code    98  app_timer.o(i.timer_list_insert)
    i.timer_list_remove                      0x00021118   Section        0  app_timer.o(i.timer_list_remove)
    timer_list_remove                        0x00021119   Thumb Code    90  app_timer.o(i.timer_list_remove)
    i.timer_start_op_schedule                0x00021184   Section        0  app_timer.o(i.timer_start_op_schedule)
    timer_start_op_schedule                  0x00021185   Thumb Code    86  app_timer.o(i.timer_start_op_schedule)
    i.timer_stop_op_schedule                 0x000211e0   Section        0  app_timer.o(i.timer_stop_op_schedule)
    timer_stop_op_schedule                   0x000211e1   Thumb Code    58  app_timer.o(i.timer_stop_op_schedule)
    i.timer_timeouts_check                   0x00021220   Section        0  app_timer.o(i.timer_timeouts_check)
    timer_timeouts_check                     0x00021221   Thumb Code   130  app_timer.o(i.timer_timeouts_check)
    i.timer_timeouts_check_sched             0x000212b8   Section        0  app_timer.o(i.timer_timeouts_check_sched)
    timer_timeouts_check_sched               0x000212b9   Thumb Code    10  app_timer.o(i.timer_timeouts_check_sched)
    i.timeslot_init                          0x000212c4   Section        0  main.o(i.timeslot_init)
    timeslot_init                            0x000212c5   Thumb Code    60  main.o(i.timeslot_init)
    i.tk_value_encode                        0x0002130c   Section        0  ble_advdata.o(i.tk_value_encode)
    tk_value_encode                          0x0002130d   Thumb Code    70  ble_advdata.o(i.tk_value_encode)
    i.tx_byte                                0x00021354   Section        0  nrf_drv_uart.o(i.tx_byte)
    tx_byte                                  0x00021355   Thumb Code    42  nrf_drv_uart.o(i.tx_byte)
    i.tx_char_add                            0x0002138c   Section        0  ble_nus.o(i.tx_char_add)
    tx_char_add                              0x0002138d   Thumb Code   238  ble_nus.o(i.tx_char_add)
    i.tx_done_event                          0x0002147c   Section        0  nrf_drv_uart.o(i.tx_done_event)
    tx_done_event                            0x0002147d   Thumb Code    38  nrf_drv_uart.o(i.tx_done_event)
    i.tx_power_level_encode                  0x000214a8   Section        0  ble_advdata.o(i.tx_power_level_encode)
    tx_power_level_encode                    0x000214a9   Thumb Code    54  ble_advdata.o(i.tx_power_level_encode)
    i.uart_event_handle                      0x000214e0   Section        0  main.o(i.uart_event_handle)
    i.uart_event_handler                     0x00021598   Section        0  app_uart_fifo.o(i.uart_event_handler)
    uart_event_handler                       0x00021599   Thumb Code   170  app_uart_fifo.o(i.uart_event_handler)
    i.uart_init                              0x00021658   Section        0  main.o(i.uart_init)
    uart_init                                0x00021659   Thumb Code    78  main.o(i.uart_init)
    i.uart_irq_handler                       0x000216c8   Section        0  nrf_drv_uart.o(i.uart_irq_handler)
    uart_irq_handler                         0x000216c9   Thumb Code   342  nrf_drv_uart.o(i.uart_irq_handler)
    i.uarte_irq_handler                      0x00021828   Section        0  nrf_drv_uart.o(i.uarte_irq_handler)
    uarte_irq_handler                        0x00021829   Thumb Code   286  nrf_drv_uart.o(i.uarte_irq_handler)
    i.uint16_encode                          0x00021954   Section        0  ble_advdata.o(i.uint16_encode)
    uint16_encode                            0x00021955   Thumb Code    12  ble_advdata.o(i.uint16_encode)
    i.update_timeout_handler                 0x00021960   Section        0  ble_conn_params.o(i.update_timeout_handler)
    update_timeout_handler                   0x00021961   Thumb Code   126  ble_conn_params.o(i.update_timeout_handler)
    i.user_id_get                            0x000219f0   Section        0  app_timer.o(i.user_id_get)
    user_id_get                              0x000219f1   Thumb Code    78  app_timer.o(i.user_id_get)
    i.user_op_alloc                          0x00021a48   Section        0  app_timer.o(i.user_op_alloc)
    user_op_alloc                            0x00021a49   Thumb Code    48  app_timer.o(i.user_op_alloc)
    i.user_op_enque                          0x00021a78   Section        0  app_timer.o(i.user_op_enque)
    user_op_enque                            0x00021a79   Thumb Code     4  app_timer.o(i.user_op_enque)
    i.uuid_list_encode                       0x00021a7c   Section        0  ble_advdata.o(i.uuid_list_encode)
    uuid_list_encode                         0x00021a7d   Thumb Code    78  ble_advdata.o(i.uuid_list_encode)
    i.uuid_list_sized_encode                 0x00021aca   Section        0  ble_advdata.o(i.uuid_list_sized_encode)
    uuid_list_sized_encode                   0x00021acb   Thumb Code   220  ble_advdata.o(i.uuid_list_sized_encode)
    i.whitelist_has_entries                  0x00021ba6   Section        0  ble_advertising.o(i.whitelist_has_entries)
    whitelist_has_entries                    0x00021ba7   Thumb Code    18  ble_advertising.o(i.whitelist_has_entries)
    .constdata                               0x00021bb8   Section       36  main.o(.constdata)
    m_timer                                  0x00021bb8   Data           8  main.o(.constdata)
    .constdata                               0x00021bdc   Section        4  ble_conn_params.o(.constdata)
    m_conn_params_timer_id                   0x00021bdc   Data           4  ble_conn_params.o(.constdata)
    .constdata                               0x00021be0   Section       16  ble_nus.o(.constdata)
    .constdata                               0x00021bf0   Section       32  app_uart_fifo.o(.constdata)
    .constdata                               0x00021c10   Section       32  nrf_drv_uart.o(.constdata)
    m_default_config                         0x00021c10   Data          32  nrf_drv_uart.o(.constdata)
    .constdata                               0x00021c30   Section       16  segger_rtt_printf.o(.constdata)
    _aV2C                                    0x00021c30   Data          16  segger_rtt_printf.o(.constdata)
    .conststring                             0x00021c40   Section       78  softdevice_handler.o(.conststring)
    .data                                    0x20001fe8   Section       67  main.o(.data)
    m_ppi_channel                            0x20001fe8   Data           1  main.o(.data)
    m_conn_handle                            0x20001fea   Data           2  main.o(.data)
    m_adv_uuids                              0x20001fec   Data           4  main.o(.data)
    cube_shaking                             0x20001ff0   Data           1  main.o(.data)
    eddystone_url_data                       0x20001ff1   Data          14  main.o(.data)
    EDDYSTONE                                0x20001fff   Data           1  main.o(.data)
    index                                    0x20002025   Data           1  main.o(.data)
    adc_result                               0x20002026   Data           2  main.o(.data)
    adc_result_last                          0x20002028   Data           2  main.o(.data)
    movement_counter                         0x2000202a   Data           1  main.o(.data)
    .data                                    0x2000202c   Section        8  bsp_btn_ble.o(.data)
    m_error_handler                          0x2000202c   Data           4  bsp_btn_ble.o(.data)
    m_num_connections                        0x20002030   Data           4  bsp_btn_ble.o(.data)
    .data                                    0x20002034   Section       32  ble_advertising.o(.data)
    m_advertising_start_pending              0x20002034   Data           1  ble_advertising.o(.data)
    m_peer_address                           0x20002035   Data           7  ble_advertising.o(.data)
    m_adv_evt                                0x2000203c   Data           1  ble_advertising.o(.data)
    m_evt_handler                            0x20002040   Data           4  ble_advertising.o(.data)
    m_error_handler                          0x20002044   Data           4  ble_advertising.o(.data)
    m_adv_mode_current                       0x20002048   Data           1  ble_advertising.o(.data)
    m_whitelist_temporarily_disabled         0x20002049   Data           1  ble_advertising.o(.data)
    m_whitelist_reply_expected               0x2000204a   Data           1  ble_advertising.o(.data)
    m_peer_addr_reply_expected               0x2000204b   Data           1  ble_advertising.o(.data)
    m_slave_conn_int                         0x2000204c   Data           4  ble_advertising.o(.data)
    m_tx_power_level                         0x20002050   Data           1  ble_advertising.o(.data)
    current_slave_link_conn_handle           0x20002052   Data           2  ble_advertising.o(.data)
    .data                                    0x20002054   Section       21  ble_conn_params.o(.data)
    m_preferred_conn_params                  0x20002054   Data           8  ble_conn_params.o(.data)
    m_update_count                           0x2000205c   Data           1  ble_conn_params.o(.data)
    m_conn_handle                            0x2000205e   Data           2  ble_conn_params.o(.data)
    m_current_conn_params                    0x20002060   Data           8  ble_conn_params.o(.data)
    m_change_param                           0x20002068   Data           1  ble_conn_params.o(.data)
    .data                                    0x2000206c   Section        9  advertiser_beacon_timeslot.o(.data)
    signal_callback_return_param             0x2000206c   Data           8  advertiser_beacon_timeslot.o(.data)
    mode                                     0x20002074   Data           1  advertiser_beacon_timeslot.o(.data)
    .data                                    0x20002078   Section        6  app_uart_fifo.o(.data)
    m_event_handler                          0x20002078   Data           4  app_uart_fifo.o(.data)
    tx_buffer                                0x2000207c   Data           1  app_uart_fifo.o(.data)
    rx_buffer                                0x2000207d   Data           1  app_uart_fifo.o(.data)
    .data                                    0x20002080   Section       40  pstorage.o(.data)
    m_next_app_instance                      0x20002080   Data           2  pstorage.o(.data)
    m_next_page_addr                         0x20002084   Data           4  pstorage.o(.data)
    m_state                                  0x20002088   Data           1  pstorage.o(.data)
    m_swap_sub_state                         0x20002089   Data           1  pstorage.o(.data)
    m_head_word_size                         0x2000208c   Data           4  pstorage.o(.data)
    m_tail_word_size                         0x20002090   Data           4  pstorage.o(.data)
    m_current_page_id                        0x20002094   Data           4  pstorage.o(.data)
    m_num_of_command_retries                 0x20002098   Data           4  pstorage.o(.data)
    m_num_of_bytes_written                   0x2000209c   Data           4  pstorage.o(.data)
    m_app_data_size                          0x200020a0   Data           4  pstorage.o(.data)
    m_flags                                  0x200020a4   Data           4  pstorage.o(.data)
    .data                                    0x200020a8   Section       34  app_timer.o(.data)
    m_user_array_size                        0x200020a8   Data           1  app_timer.o(.data)
    mp_users                                 0x200020ac   Data           4  app_timer.o(.data)
    mp_timer_id_head                         0x200020b0   Data           4  app_timer.o(.data)
    m_ticks_latest                           0x200020b4   Data           4  app_timer.o(.data)
    m_ticks_elapsed                          0x200020b8   Data           8  app_timer.o(.data)
    m_ticks_elapsed_q_read_ind               0x200020c0   Data           1  app_timer.o(.data)
    m_ticks_elapsed_q_write_ind              0x200020c1   Data           1  app_timer.o(.data)
    m_evt_schedule_func                      0x200020c4   Data           4  app_timer.o(.data)
    m_rtc1_running                           0x200020c8   Data           1  app_timer.o(.data)
    m_rtc1_reset                             0x200020c9   Data           1  app_timer.o(.data)
    .data                                    0x200020ca   Section        4  nrf_log.o(.data)
    initialized                              0x200020ca   Data           1  nrf_log.o(.data)
    hex_string                               0x200020cb   Data           3  nrf_log.o(.data)
    .data                                    0x200020d0   Section       24  softdevice_handler.o(.data)
    m_evt_schedule_func                      0x200020d0   Data           4  softdevice_handler.o(.data)
    m_softdevice_enabled                     0x200020d4   Data           1  softdevice_handler.o(.data)
    mp_ble_evt_buffer                        0x200020d8   Data           4  softdevice_handler.o(.data)
    m_ble_evt_buffer_size                    0x200020dc   Data           2  softdevice_handler.o(.data)
    m_ble_evt_handler                        0x200020e0   Data           4  softdevice_handler.o(.data)
    m_sys_evt_handler                        0x200020e4   Data           4  softdevice_handler.o(.data)
    .data                                    0x200020e8   Section        4  system_nrf52.o(.data)
    __tagsym$$used                           0x200020e8   Number         0  system_nrf52.o(.data)
    .data                                    0x200020ec   Section        4  stdout.o(.data)
    .bss                                     0x200020f0   Section     1156  main.o(.bss)
    m_nus                                    0x200020f0   Data          28  main.o(.bss)
    m_buffer_pool                            0x2000210c   Data          20  main.o(.bss)
    m_adv_params                             0x20002120   Data          24  main.o(.bss)
    BLE_EVT_BUFFER                           0x20002138   Data          72  main.o(.bss)
    data_array                               0x20002180   Data          20  main.o(.bss)
    rx_buf                                   0x20002194   Data         256  main.o(.bss)
    tx_buf                                   0x20002294   Data         256  main.o(.bss)
    beacon_init                              0x20002394   Data          24  main.o(.bss)
    APP_TIMER_BUF                            0x200023ac   Data         456  main.o(.bss)
    .bss                                     0x20002574   Section      259  ble_advertising.o(.bss)
    m_advdata                                0x20002574   Data          56  ble_advertising.o(.bss)
    m_adv_modes_config                       0x200025ac   Data          36  ble_advertising.o(.bss)
    m_whitelist                              0x200025d0   Data          16  ble_advertising.o(.bss)
    mp_whitelist_addr                        0x200025e0   Data          32  ble_advertising.o(.bss)
    mp_whitelist_irk                         0x20002600   Data          32  ble_advertising.o(.bss)
    m_manuf_specific_data                    0x20002620   Data          12  ble_advertising.o(.bss)
    m_manuf_data_array                       0x2000262c   Data          31  ble_advertising.o(.bss)
    m_service_data                           0x2000264c   Data          12  ble_advertising.o(.bss)
    m_service_data_array                     0x20002658   Data          31  ble_advertising.o(.bss)
    .bss                                     0x20002678   Section       60  ble_conn_params.o(.bss)
    m_conn_params_config                     0x20002678   Data          28  ble_conn_params.o(.bss)
    m_conn_params_timer_id_data              0x20002694   Data          32  ble_conn_params.o(.bss)
    .bss                                     0x200026b4   Section       88  advertiser_beacon_timeslot.o(.bss)
    m_beacon                                 0x200026b4   Data          48  advertiser_beacon_timeslot.o(.bss)
    adv_pdu                                  0x200026e4   Data          40  advertiser_beacon_timeslot.o(.bss)
    .bss                                     0x2000270c   Section       32  app_uart_fifo.o(.bss)
    m_rx_fifo                                0x2000270c   Data          16  app_uart_fifo.o(.bss)
    m_tx_fifo                                0x2000271c   Data          16  app_uart_fifo.o(.bss)
    .bss                                     0x2000272c   Section       88  nrf_drv_gpiote.o(.bss)
    m_cb                                     0x2000272c   Data          88  nrf_drv_gpiote.o(.bss)
    .bss                                     0x20002784   Section       32  nrf_drv_uart.o(.bss)
    m_cb                                     0x20002784   Data          32  nrf_drv_uart.o(.bss)
    .bss                                     0x200027a4   Section      216  pstorage.o(.bss)
    m_cmd_queue                              0x200027a4   Data         204  pstorage.o(.bss)
    m_app_table                              0x20002870   Data          12  pstorage.o(.bss)
    .bss                                     0x2000287c   Section       44  nrf_drv_saadc.o(.bss)
    m_cb                                     0x2000287c   Data          44  nrf_drv_saadc.o(.bss)
    .bss                                     0x200028a8   Section       12  nrf_drv_timer.o(.bss)
    m_cb                                     0x200028a8   Data          12  nrf_drv_timer.o(.bss)
    .bss                                     0x200028b4   Section       32  app_error.o(.bss)
    m_error_data                             0x200028b4   Data          32  app_error.o(.bss)
    .bss                                     0x200028d4   Section       88  fstorage.o(.bss)
    m_queue                                  0x200028d4   Data          88  fstorage.o(.bss)
    .bss                                     0x2000292c   Section     1051  nrf_log.o(.bss)
    buf_normal_up                            0x2000292c   Data        1024  nrf_log.o(.bss)
    buf_down                                 0x20002d2c   Data          16  nrf_log.o(.bss)
    hex_string                               0x20002d3c   Data          11  nrf_log.o(.bss)
    .bss                                     0x20002d48   Section     1160  segger_rtt.o(.bss)
    _acUpBuffer                              0x20002d48   Data        1024  segger_rtt.o(.bss)
    _acDownBuffer                            0x20003148   Data          16  segger_rtt.o(.bss)
    .bss                                     0x200031d0   Section       12  softdevice_handler.o(.bss)
    STACK                                    0x200031e0   Section     8192  arm_startup_nrf52.o(STACK)

    Global Symbols

    Symbol Name                              Value     Ov Type        Size  Object(Section)

    BuildAttributes$$THM_ISAv4$E$P$D$K$B$S$7EM$VFPi3$EXTD16$VFPS$VFMA$PE$A:L22UL41UL21$X:L11$S22US41US21$IEEE1$IW$USESV6$~STKCKD$USESV7$~SHL$OSPACE$ROPI$EBA8$MICROLIB$REQ8$PRES8$EABIv2 0x00000000   Number         0  anon$$obj.o ABSOLUTE
    __ARM_use_no_argv                        0x00000000   Number         0  main.o ABSOLUTE
    _printf_a                                0x00000000   Number         0  stubs.o ABSOLUTE
    _printf_c                                0x00000000   Number         0  stubs.o ABSOLUTE
    _printf_charcount                        0x00000000   Number         0  stubs.o ABSOLUTE
    _printf_d                                0x00000000   Number         0  stubs.o ABSOLUTE
    _printf_e                                0x00000000   Number         0  stubs.o ABSOLUTE
    _printf_f                                0x00000000   Number         0  stubs.o ABSOLUTE
    _printf_flags                            0x00000000   Number         0  stubs.o ABSOLUTE
    _printf_fp_dec                           0x00000000   Number         0  stubs.o ABSOLUTE
    _printf_fp_hex                           0x00000000   Number         0  stubs.o ABSOLUTE
    _printf_g                                0x00000000   Number         0  stubs.o ABSOLUTE
    _printf_i                                0x00000000   Number         0  stubs.o ABSOLUTE
    _printf_int_dec                          0x00000000   Number         0  stubs.o ABSOLUTE
    _printf_l                                0x00000000   Number         0  stubs.o ABSOLUTE
    _printf_lc                               0x00000000   Number         0  stubs.o ABSOLUTE
    _printf_ll                               0x00000000   Number         0  stubs.o ABSOLUTE
    _printf_lld                              0x00000000   Number         0  stubs.o ABSOLUTE
    _printf_lli                              0x00000000   Number         0  stubs.o ABSOLUTE
    _printf_llo                              0x00000000   Number         0  stubs.o ABSOLUTE
    _printf_llu                              0x00000000   Number         0  stubs.o ABSOLUTE
    _printf_llx                              0x00000000   Number         0  stubs.o ABSOLUTE
    _printf_longlong_dec                     0x00000000   Number         0  stubs.o ABSOLUTE
    _printf_longlong_hex                     0x00000000   Number         0  stubs.o ABSOLUTE
    _printf_longlong_oct                     0x00000000   Number         0  stubs.o ABSOLUTE
    _printf_ls                               0x00000000   Number         0  stubs.o ABSOLUTE
    _printf_mbtowc                           0x00000000   Number         0  stubs.o ABSOLUTE
    _printf_n                                0x00000000   Number         0  stubs.o ABSOLUTE
    _printf_o                                0x00000000   Number         0  stubs.o ABSOLUTE
    _printf_p                                0x00000000   Number         0  stubs.o ABSOLUTE
    _printf_percent                          0x00000000   Number         0  stubs.o ABSOLUTE
    _printf_pre_padding                      0x00000000   Number         0  stubs.o ABSOLUTE
    _printf_return_value                     0x00000000   Number         0  stubs.o ABSOLUTE
    _printf_s                                0x00000000   Number         0  stubs.o ABSOLUTE
    _printf_sizespec                         0x00000000   Number         0  stubs.o ABSOLUTE
    _printf_str                              0x00000000   Number         0  stubs.o ABSOLUTE
    _printf_truncate_signed                  0x00000000   Number         0  stubs.o ABSOLUTE
    _printf_truncate_unsigned                0x00000000   Number         0  stubs.o ABSOLUTE
    _printf_u                                0x00000000   Number         0  stubs.o ABSOLUTE
    _printf_wc                               0x00000000   Number         0  stubs.o ABSOLUTE
    _printf_wctomb                           0x00000000   Number         0  stubs.o ABSOLUTE
    _printf_widthprec                        0x00000000   Number         0  stubs.o ABSOLUTE
    _printf_x                                0x00000000   Number         0  stubs.o ABSOLUTE
    __cpp_initialize__aeabi_                  - Undefined Weak Reference
    __cxa_finalize                            - Undefined Weak Reference
    __decompress                              - Undefined Weak Reference
    _clock_init                               - Undefined Weak Reference
    _microlib_exit                            - Undefined Weak Reference
    fs_data$$Base                             - Undefined Reference
    fs_data$$Limit                            - Undefined Reference
    __Vectors_Size                           0x00000400   Number         0  arm_startup_nrf52.o ABSOLUTE
    __Vectors                                0x0001c000   Data           4  arm_startup_nrf52.o(RESET)
    __Vectors_End                            0x0001c400   Data           0  arm_startup_nrf52.o(RESET)
    __main                                   0x0001c401   Thumb Code     0  entry.o(.ARM.Collect$$$$00000000)
    _main_stk                                0x0001c401   Thumb Code     0  entry2.o(.ARM.Collect$$$$00000001)
    _main_scatterload                        0x0001c405   Thumb Code     0  entry5.o(.ARM.Collect$$$$00000004)
    __main_after_scatterload                 0x0001c409   Thumb Code     0  entry5.o(.ARM.Collect$$$$00000004)
    _main_clock                              0x0001c409   Thumb Code     0  entry7b.o(.ARM.Collect$$$$00000008)
    _main_cpp_init                           0x0001c409   Thumb Code     0  entry8b.o(.ARM.Collect$$$$0000000A)
    _main_init                               0x0001c409   Thumb Code     0  entry9a.o(.ARM.Collect$$$$0000000B)
    __rt_final_cpp                           0x0001c411   Thumb Code     0  entry10a.o(.ARM.Collect$$$$0000000D)
    __rt_final_exit                          0x0001c411   Thumb Code     0  entry11a.o(.ARM.Collect$$$$0000000F)
    __asm___11_nrf_delay_c_532987f3__nrf_delay_us 0x0001c415   Thumb Code   118  nrf_delay.o(.emb_text)
    __asm___11_app_timer_c_cd27f9c3__nrf_delay_us 0x0001c48d   Thumb Code   118  app_timer.o(.emb_text)
    Reset_Handler                            0x0001c505   Thumb Code     8  arm_startup_nrf52.o(.text)
    NMI_Handler                              0x0001c50d   Thumb Code     2  arm_startup_nrf52.o(.text)
    HardFault_Handler                        0x0001c50f   Thumb Code     2  arm_startup_nrf52.o(.text)
    MemoryManagement_Handler                 0x0001c511   Thumb Code     2  arm_startup_nrf52.o(.text)
    BusFault_Handler                         0x0001c513   Thumb Code     2  arm_startup_nrf52.o(.text)
    UsageFault_Handler                       0x0001c515   Thumb Code     2  arm_startup_nrf52.o(.text)
    SVC_Handler                              0x0001c517   Thumb Code     2  arm_startup_nrf52.o(.text)
    DebugMonitor_Handler                     0x0001c519   Thumb Code     2  arm_startup_nrf52.o(.text)
    PendSV_Handler                           0x0001c51b   Thumb Code     2  arm_startup_nrf52.o(.text)
    SysTick_Handler                          0x0001c51d   Thumb Code     2  arm_startup_nrf52.o(.text)
    CCM_AAR_IRQHandler                       0x0001c51f   Thumb Code     0  arm_startup_nrf52.o(.text)
    COMP_LPCOMP_IRQHandler                   0x0001c51f   Thumb Code     0  arm_startup_nrf52.o(.text)
    ECB_IRQHandler                           0x0001c51f   Thumb Code     0  arm_startup_nrf52.o(.text)
    FPU_IRQHandler                           0x0001c51f   Thumb Code     0  arm_startup_nrf52.o(.text)
    I2S_IRQHandler                           0x0001c51f   Thumb Code     0  arm_startup_nrf52.o(.text)
    MWU_IRQHandler                           0x0001c51f   Thumb Code     0  arm_startup_nrf52.o(.text)
    NFCT_IRQHandler                          0x0001c51f   Thumb Code     0  arm_startup_nrf52.o(.text)
    PDM_IRQHandler                           0x0001c51f   Thumb Code     0  arm_startup_nrf52.o(.text)
    POWER_CLOCK_IRQHandler                   0x0001c51f   Thumb Code     0  arm_startup_nrf52.o(.text)
    PWM0_IRQHandler                          0x0001c51f   Thumb Code     0  arm_startup_nrf52.o(.text)
    PWM1_IRQHandler                          0x0001c51f   Thumb Code     0  arm_startup_nrf52.o(.text)
    PWM2_IRQHandler                          0x0001c51f   Thumb Code     0  arm_startup_nrf52.o(.text)
    QDEC_IRQHandler                          0x0001c51f   Thumb Code     0  arm_startup_nrf52.o(.text)
    RADIO_IRQHandler                         0x0001c51f   Thumb Code     0  arm_startup_nrf52.o(.text)
    RNG_IRQHandler                           0x0001c51f   Thumb Code     0  arm_startup_nrf52.o(.text)
    RTC0_IRQHandler                          0x0001c51f   Thumb Code     0  arm_startup_nrf52.o(.text)
    RTC2_IRQHandler                          0x0001c51f   Thumb Code     0  arm_startup_nrf52.o(.text)
    SPIM0_SPIS0_TWIM0_TWIS0_SPI0_TWI0_IRQHandler 0x0001c51f   Thumb Code     0  arm_startup_nrf52.o(.text)
    SPIM1_SPIS1_TWIM1_TWIS1_SPI1_TWI1_IRQHandler 0x0001c51f   Thumb Code     0  arm_startup_nrf52.o(.text)
    SPIM2_SPIS2_SPI2_IRQHandler              0x0001c51f   Thumb Code     0  arm_startup_nrf52.o(.text)
    SWI1_EGU1_IRQHandler                     0x0001c51f   Thumb Code     0  arm_startup_nrf52.o(.text)
    SWI3_EGU3_IRQHandler                     0x0001c51f   Thumb Code     0  arm_startup_nrf52.o(.text)
    SWI4_EGU4_IRQHandler                     0x0001c51f   Thumb Code     0  arm_startup_nrf52.o(.text)
    SWI5_EGU5_IRQHandler                     0x0001c51f   Thumb Code     0  arm_startup_nrf52.o(.text)
    TEMP_IRQHandler                          0x0001c51f   Thumb Code     0  arm_startup_nrf52.o(.text)
    TIMER1_IRQHandler                        0x0001c51f   Thumb Code     0  arm_startup_nrf52.o(.text)
    TIMER2_IRQHandler                        0x0001c51f   Thumb Code     0  arm_startup_nrf52.o(.text)
    TIMER3_IRQHandler                        0x0001c51f   Thumb Code     0  arm_startup_nrf52.o(.text)
    TIMER4_IRQHandler                        0x0001c51f   Thumb Code     0  arm_startup_nrf52.o(.text)
    WDT_IRQHandler                           0x0001c51f   Thumb Code     0  arm_startup_nrf52.o(.text)
    __aeabi_memcpy                           0x0001c529   Thumb Code    36  memcpya.o(.text)
    __aeabi_memcpy4                          0x0001c529   Thumb Code     0  memcpya.o(.text)
    __aeabi_memcpy8                          0x0001c529   Thumb Code     0  memcpya.o(.text)
    __aeabi_memset                           0x0001c54d   Thumb Code    14  memseta.o(.text)
    __aeabi_memset4                          0x0001c54d   Thumb Code     0  memseta.o(.text)
    __aeabi_memset8                          0x0001c54d   Thumb Code     0  memseta.o(.text)
    __aeabi_memclr                           0x0001c55b   Thumb Code     4  memseta.o(.text)
    __aeabi_memclr4                          0x0001c55b   Thumb Code     0  memseta.o(.text)
    __aeabi_memclr8                          0x0001c55b   Thumb Code     0  memseta.o(.text)
    _memset$wrapper                          0x0001c55f   Thumb Code    18  memseta.o(.text)
    strcpy                                   0x0001c571   Thumb Code    18  strcpy.o(.text)
    __aeabi_uidiv                            0x0001c583   Thumb Code     0  uidiv.o(.text)
    __aeabi_uidivmod                         0x0001c583   Thumb Code    44  uidiv.o(.text)
    __semihosting_library_function           0x0001c583   Thumb Code     0  semi.o(.text)
    __I$use$semihosting$fputc                0x0001c5af   Thumb Code     0  iusesemip.o(.text)
    __scatterload                            0x0001c5b1   Thumb Code    28  init.o(.text)
    __scatterload_rt2                        0x0001c5b1   Thumb Code     0  init.o(.text)
    GPIOTE_IRQHandler                        0x0001c5d5   Thumb Code   420  nrf_drv_gpiote.o(i.GPIOTE_IRQHandler)
    RTC1_IRQHandler                          0x0001c83d   Thumb Code    44  app_timer.o(i.RTC1_IRQHandler)
    SAADC_IRQHandler                         0x0001c871   Thumb Code   208  nrf_drv_saadc.o(i.SAADC_IRQHandler)
    SEGGER_RTT_ConfigDownBuffer              0x0001c949   Thumb Code   142  segger_rtt.o(i.SEGGER_RTT_ConfigDownBuffer)
    SEGGER_RTT_ConfigUpBuffer                0x0001c9dd   Thumb Code   142  segger_rtt.o(i.SEGGER_RTT_ConfigUpBuffer)
    SEGGER_RTT_Write                         0x0001ca71   Thumb Code    46  segger_rtt.o(i.SEGGER_RTT_Write)
    SEGGER_RTT_WriteNoLock                   0x0001caa5   Thumb Code   126  segger_rtt.o(i.SEGGER_RTT_WriteNoLock)
    SEGGER_RTT_printf                        0x0001cb29   Thumb Code    26  segger_rtt_printf.o(i.SEGGER_RTT_printf)
    SEGGER_RTT_vprintf                       0x0001cb43   Thumb Code   522  segger_rtt_printf.o(i.SEGGER_RTT_vprintf)
    SWI0_EGU0_IRQHandler                     0x0001cd4d   Thumb Code     8  app_timer.o(i.SWI0_EGU0_IRQHandler)
    SWI2_EGU2_IRQHandler                     0x0001cd55   Thumb Code    48  softdevice_handler.o(i.SWI2_EGU2_IRQHandler)
    SystemCoreClockUpdate                    0x0001cd8d   Thumb Code     8  system_nrf52.o(i.SystemCoreClockUpdate)
    SystemInit                               0x0001cd9d   Thumb Code   526  system_nrf52.o(i.SystemInit)
    TIMER0_IRQHandler                        0x0001cfdd   Thumb Code    14  nrf_drv_timer.o(i.TIMER0_IRQHandler)
    UARTE0_UART0_IRQHandler                  0x0001cff5   Thumb Code    20  nrf_drv_uart.o(i.UARTE0_UART0_IRQHandler)
    __0printf$1                              0x0001d375   Thumb Code    22  printf1.o(i.__0printf$1)
    __1printf$1                              0x0001d375   Thumb Code     0  printf1.o(i.__0printf$1)
    __2printf                                0x0001d375   Thumb Code     0  printf1.o(i.__0printf$1)
    __scatterload_copy                       0x0001d395   Thumb Code    14  handlers.o(i.__scatterload_copy)
    __scatterload_null                       0x0001d3a3   Thumb Code     2  handlers.o(i.__scatterload_null)
    __scatterload_zeroinit                   0x0001d3a5   Thumb Code    14  handlers.o(i.__scatterload_zeroinit)
    adv_data_encode                          0x0001d509   Thumb Code   454  ble_advdata.o(i.adv_data_encode)
    app_beacon_init                          0x0001d7c1   Thumb Code    58  advertiser_beacon_timeslot.o(i.app_beacon_init)
    app_beacon_on_sys_evt                    0x0001d815   Thumb Code   108  advertiser_beacon_timeslot.o(i.app_beacon_on_sys_evt)
    app_beacon_start                         0x0001d8a1   Thumb Code    82  advertiser_beacon_timeslot.o(i.app_beacon_start)
    app_error_fault_handler                  0x0001d911   Thumb Code    26  app_error_weak.o(i.app_error_fault_handler)
    app_error_handler                        0x0001d92b   Thumb Code    32  app_error.o(i.app_error_handler)
    app_error_save_and_stop                  0x0001d94d   Thumb Code   132  app_error.o(i.app_error_save_and_stop)
    app_fifo_get                             0x0001d9d5   Thumb Code    30  app_fifo.o(i.app_fifo_get)
    app_fifo_init                            0x0001d9f3   Thumb Code    36  app_fifo.o(i.app_fifo_init)
    app_fifo_put                             0x0001da17   Thumb Code    34  app_fifo.o(i.app_fifo_put)
    app_timer_create                         0x0001da39   Thumb Code    56  app_timer.o(i.app_timer_create)
    app_timer_init                           0x0001da75   Thumb Code   154  app_timer.o(i.app_timer_init)
    app_timer_start                          0x0001db2d   Thumb Code    84  app_timer.o(i.app_timer_start)
    app_timer_stop                           0x0001db85   Thumb Code    48  app_timer.o(i.app_timer_stop)
    app_uart_get                             0x0001dbb9   Thumb Code    46  app_uart_fifo.o(i.app_uart_get)
    app_uart_init                            0x0001dbf1   Thumb Code   178  app_uart_fifo.o(i.app_uart_init)
    app_uart_put                             0x0001dcbd   Thumb Code    46  app_uart_fifo.o(i.app_uart_put)
    ble_advdata_set                          0x0001de2d   Thumb Code   148  ble_advdata.o(i.ble_advdata_set)
    ble_advertising_init                     0x0001dec1   Thumb Code   324  ble_advertising.o(i.ble_advertising_init)
    ble_advertising_on_ble_evt               0x0001e03d   Thumb Code   224  ble_advertising.o(i.ble_advertising_on_ble_evt)
    ble_advertising_restart_without_whitelist 0x0001e145   Thumb Code    98  ble_advertising.o(i.ble_advertising_restart_without_whitelist)
    ble_advertising_start                    0x0001e1bd   Thumb Code   604  ble_advertising.o(i.ble_advertising_start)
    ble_conn_params_init                     0x0001e445   Thumb Code    84  ble_conn_params.o(i.ble_conn_params_init)
    ble_conn_params_on_ble_evt               0x0001e4b5   Thumb Code    62  ble_conn_params.o(i.ble_conn_params_on_ble_evt)
    ble_nus_init                             0x0001e595   Thumb Code   148  ble_nus.o(i.ble_nus_init)
    ble_nus_on_ble_evt                       0x0001e62d   Thumb Code    66  ble_nus.o(i.ble_nus_on_ble_evt)
    ble_nus_string_send                      0x0001e66f   Thumb Code    86  ble_nus.o(i.ble_nus_string_send)
    bsp_btn_ble_init                         0x0001e7d5   Thumb Code    48  bsp_btn_ble.o(i.bsp_btn_ble_init)
    bsp_btn_ble_on_ble_evt                   0x0001e80d   Thumb Code   110  bsp_btn_ble.o(i.bsp_btn_ble_on_ble_evt)
    bsp_btn_ble_sleep_mode_prepare           0x0001e885   Thumb Code    28  bsp_btn_ble.o(i.bsp_btn_ble_sleep_mode_prepare)
    bsp_button_is_pressed                    0x0001e8a1   Thumb Code     8  bsp.o(i.bsp_button_is_pressed)
    bsp_event_handler                        0x0001e8a9   Thumb Code   104  main.o(i.bsp_event_handler)
    bsp_event_to_button_action_assign        0x0001e925   Thumb Code    10  bsp.o(i.bsp_event_to_button_action_assign)
    bsp_indication_set                       0x0001e92f   Thumb Code     6  bsp.o(i.bsp_indication_set)
    bsp_init                                 0x0001e935   Thumb Code     8  bsp.o(i.bsp_init)
    bsp_wakeup_buttons_set                   0x0001e93d   Thumb Code     6  bsp.o(i.bsp_wakeup_buttons_set)
    btnCounter                               0x0001e945   Thumb Code    34  shiftreg.o(i.btnCounter)
    fputc                                    0x0001f0d1   Thumb Code    18  fputc.o(i.fputc)
    fs_queued_op_count_get                   0x0001f0e5   Thumb Code    18  fstorage.o(i.fs_queued_op_count_get)
    intern_softdevice_events_execute         0x0001f195   Thumb Code   150  softdevice_handler.o(i.intern_softdevice_events_execute)
    log_rtt_init                             0x0001f4d5   Thumb Code    64  nrf_log.o(i.log_rtt_init)
    log_rtt_printf                           0x0001f531   Thumb Code    30  nrf_log.o(i.log_rtt_printf)
    m_configure_next_event                   0x0001f551   Thumb Code    34  advertiser_beacon_timeslot.o(i.m_configure_next_event)
    m_handle_radio_disabled                  0x0001f719   Thumb Code    82  advertiser_beacon_timeslot.o(i.m_handle_radio_disabled)
    m_handle_start                           0x0001f779   Thumb Code    34  advertiser_beacon_timeslot.o(i.m_handle_start)
    m_request_earliest                       0x0001f7a9   Thumb Code    32  advertiser_beacon_timeslot.o(i.m_request_earliest)
    main                                     0x0001f8ad   Thumb Code   476  main.o(i.main)
    nrf_delay_ms                             0x0001fc05   Thumb Code    26  nrf_delay.o(i.nrf_delay_ms)
    nrf_drv_common_irq_enable                0x0001fc21   Thumb Code    84  nrf_drv_common.o(i.nrf_drv_common_irq_enable)
    nrf_drv_uart_init                        0x0001fc81   Thumb Code   202  nrf_drv_uart.o(i.nrf_drv_uart_init)
    nrf_drv_uart_rx                          0x0001fd65   Thumb Code   168  nrf_drv_uart.o(i.nrf_drv_uart_rx)
    nrf_drv_uart_rx_enable                   0x0001fe15   Thumb Code    26  nrf_drv_uart.o(i.nrf_drv_uart_rx_enable)
    nrf_drv_uart_tx                          0x0001ff9d   Thumb Code    66  nrf_drv_uart.o(i.nrf_drv_uart_tx)
    nrf_drv_uart_tx_in_progress              0x000200e1   Thumb Code    14  nrf_drv_uart.o(i.nrf_drv_uart_tx_in_progress)
    pstorage_access_status_get               0x000206c9   Thumb Code    36  pstorage.o(i.pstorage_access_status_get)
    sd_check_ram_start                       0x0002099d   Thumb Code    52  softdevice_handler.o(i.sd_check_ram_start)
    shiftRegInit                             0x00020c15   Thumb Code   106  shiftreg.o(i.shiftRegInit)
    shiftRegLatch                            0x00020c7f   Thumb Code    28  shiftreg.o(i.shiftRegLatch)
    shiftRegPulse                            0x00020c9b   Thumb Code    28  shiftreg.o(i.shiftRegPulse)
    shiftRegWrite                            0x00020cb7   Thumb Code   112  shiftreg.o(i.shiftRegWrite)
    softdevice_ble_evt_handler_set           0x00020d99   Thumb Code    20  softdevice_handler.o(i.softdevice_ble_evt_handler_set)
    softdevice_enable                        0x00020db1   Thumb Code    90  softdevice_handler.o(i.softdevice_enable)
    softdevice_enable_get_default_config     0x00020eb5   Thumb Code    44  softdevice_handler.o(i.softdevice_enable_get_default_config)
    softdevice_fault_handler                 0x00020ee1   Thumb Code    20  softdevice_handler.o(i.softdevice_fault_handler)
    softdevice_handler_init                  0x00020ef5   Thumb Code    84  softdevice_handler.o(i.softdevice_handler_init)
    softdevice_sys_evt_handler_set           0x00020f5d   Thumb Code    20  softdevice_handler.o(i.softdevice_sys_evt_handler_set)
    uart_event_handle                        0x000214e1   Thumb Code   154  main.o(i.uart_event_handle)
    Region$$Table$$Base                      0x00021c90   Number         0  anon$$obj.o(Region$$Table)
    Region$$Table$$Limit                     0x00021cb0   Number         0  anon$$obj.o(Region$$Table)
    Image$$RW_IRAM1$$Base                    0x20001fe8   Number         0  anon$$obj.o ABSOLUTE
    dataReceived                             0x20002000   Data           8  main.o(.data)
    solution                                 0x20002008   Data           8  main.o(.data)
    btn1_counter                             0x20002010   Data           1  main.o(.data)
    btn2_counter                             0x20002011   Data           1  main.o(.data)
    btn3_counter                             0x20002012   Data           1  main.o(.data)
    btn4_counter                             0x20002013   Data           1  main.o(.data)
    btn5_counter                             0x20002014   Data           1  main.o(.data)
    btn6_counter                             0x20002015   Data           1  main.o(.data)
    knappSjekk                               0x20002016   Data           1  main.o(.data)
    ledMatriseA                              0x20002017   Data           7  main.o(.data)
    ledMatriseB                              0x2000201e   Data           7  main.o(.data)
    SystemCoreClock                          0x200020e8   Data           4  system_nrf52.o(.data)
    __stdout                                 0x200020ec   Data           4  stdout.o(.data)
    _SEGGER_RTT                              0x20003158   Data         120  segger_rtt.o(.bss)
    nrf_nvic_state                           0x200031d0   Data          12  softdevice_handler.o(.bss)
    __initial_sp                             0x200051e0   Data           0  arm_startup_nrf52.o(STACK)



==============================================================================

Memory Map of the image

  Image Entry point : 0x0001c401

  Load Region LR_IROM1 (Base: 0x0001c000, Size: 0x00005db8, Max: 0x00064000, ABSOLUTE)

    Execution Region ER_IROM1 (Base: 0x0001c000, Size: 0x00005cb0, Max: 0x00064000, ABSOLUTE)

    Base Addr    Size         Type   Attr      Idx    E Section Name        Object

    0x0001c000   0x00000400   Data   RO         3741    RESET               arm_startup_nrf52.o
    0x0001c400   0x00000000   Code   RO         3826  * .ARM.Collect$$$$00000000  mc_w.l(entry.o)
    0x0001c400   0x00000004   Code   RO         4107    .ARM.Collect$$$$00000001  mc_w.l(entry2.o)
    0x0001c404   0x00000004   Code   RO         4110    .ARM.Collect$$$$00000004  mc_w.l(entry5.o)
    0x0001c408   0x00000000   Code   RO         4112    .ARM.Collect$$$$00000008  mc_w.l(entry7b.o)
    0x0001c408   0x00000000   Code   RO         4114    .ARM.Collect$$$$0000000A  mc_w.l(entry8b.o)
    0x0001c408   0x00000008   Code   RO         4115    .ARM.Collect$$$$0000000B  mc_w.l(entry9a.o)
    0x0001c410   0x00000000   Code   RO         4117    .ARM.Collect$$$$0000000D  mc_w.l(entry10a.o)
    0x0001c410   0x00000000   Code   RO         4119    .ARM.Collect$$$$0000000F  mc_w.l(entry11a.o)
    0x0001c410   0x00000004   Code   RO         4108    .ARM.Collect$$$$00002712  mc_w.l(entry2.o)
    0x0001c414   0x00000076   Code   RO         1169    .emb_text           nrf_delay.o
    0x0001c48a   0x00000002   PAD
    0x0001c48c   0x00000076   Code   RO         2786    .emb_text           app_timer.o
    0x0001c502   0x00000002   PAD
    0x0001c504   0x00000024   Code   RO         3742    .text               arm_startup_nrf52.o
    0x0001c528   0x00000024   Code   RO         3834    .text               mc_w.l(memcpya.o)
    0x0001c54c   0x00000024   Code   RO         3836    .text               mc_w.l(memseta.o)
    0x0001c570   0x00000012   Code   RO         3842    .text               mc_w.l(strcpy.o)
    0x0001c582   0x00000000   Code   RO         4121    .text               mc_w.l(semi.o)
    0x0001c582   0x0000002c   Code   RO         4122    .text               mc_w.l(uidiv.o)
    0x0001c5ae   0x00000000   Code   RO         4127    .text               mc_w.l(iusesemip.o)
    0x0001c5ae   0x00000002   PAD
    0x0001c5b0   0x00000024   Code   RO         4138    .text               mc_w.l(init.o)
    0x0001c5d4   0x000001b8   Code   RO         1239    i.GPIOTE_IRQHandler  nrf_drv_gpiote.o
    0x0001c78c   0x00000018   Code   RO         2787    i.NVIC_ClearPendingIRQ  app_timer.o
    0x0001c7a4   0x00000016   Code   RO         2788    i.NVIC_EnableIRQ    app_timer.o
    0x0001c7ba   0x00000002   PAD
    0x0001c7bc   0x00000018   Code   RO         2789    i.NVIC_SetPendingIRQ  app_timer.o
    0x0001c7d4   0x00000028   Code   RO         2790    i.NVIC_SetPriority  app_timer.o
    0x0001c7fc   0x00000040   Code   RO         3749    i.NVIC_SystemReset  system_nrf52.o
    0x0001c83c   0x00000034   Code   RO         2791    i.RTC1_IRQHandler   app_timer.o
    0x0001c870   0x000000d8   Code   RO         2098    i.SAADC_IRQHandler  nrf_drv_saadc.o
    0x0001c948   0x00000094   Code   RO         3458    i.SEGGER_RTT_ConfigDownBuffer  segger_rtt.o
    0x0001c9dc   0x00000094   Code   RO         3459    i.SEGGER_RTT_ConfigUpBuffer  segger_rtt.o
    0x0001ca70   0x00000034   Code   RO         3471    i.SEGGER_RTT_Write  segger_rtt.o
    0x0001caa4   0x00000084   Code   RO         3472    i.SEGGER_RTT_WriteNoLock  segger_rtt.o
    0x0001cb28   0x0000001a   Code   RO         3598    i.SEGGER_RTT_printf  segger_rtt_printf.o
    0x0001cb42   0x0000020a   Code   RO         3599    i.SEGGER_RTT_vprintf  segger_rtt_printf.o
    0x0001cd4c   0x00000008   Code   RO         2792    i.SWI0_EGU0_IRQHandler  app_timer.o
    0x0001cd54   0x00000038   Code   RO         3635    i.SWI2_EGU2_IRQHandler  softdevice_handler.o
    0x0001cd8c   0x00000010   Code   RO         3750    i.SystemCoreClockUpdate  system_nrf52.o
    0x0001cd9c   0x00000240   Code   RO         3751    i.SystemInit        system_nrf52.o
    0x0001cfdc   0x00000018   Code   RO         2421    i.TIMER0_IRQHandler  nrf_drv_timer.o
    0x0001cff4   0x00000018   Code   RO         1478    i.UARTE0_UART0_IRQHandler  nrf_drv_uart.o
    0x0001d00c   0x00000070   Code   RO         3475    i._DoInit           segger_rtt.o
    0x0001d07c   0x0000001c   Code   RO         3476    i._GetAvailWriteSpace  segger_rtt.o
    0x0001d098   0x000000ec   Code   RO         3600    i._PrintInt         segger_rtt_printf.o
    0x0001d184   0x000000ec   Code   RO         3601    i._PrintUnsigned    segger_rtt_printf.o
    0x0001d270   0x00000044   Code   RO         3602    i._StoreChar        segger_rtt_printf.o
    0x0001d2b4   0x00000072   Code   RO         3478    i._WriteBlocking    segger_rtt.o
    0x0001d326   0x0000004c   Code   RO         3479    i._WriteNoCheck     segger_rtt.o
    0x0001d372   0x00000002   PAD
    0x0001d374   0x00000020   Code   RO         3891    i.__0printf$1       mc_w.l(printf1.o)
    0x0001d394   0x0000000e   Code   RO         4150    i.__scatterload_copy  mc_w.l(handlers.o)
    0x0001d3a2   0x00000002   Code   RO         4151    i.__scatterload_null  mc_w.l(handlers.o)
    0x0001d3a4   0x0000000e   Code   RO         4152    i.__scatterload_zeroinit  mc_w.l(handlers.o)
    0x0001d3b2   0x00000002   PAD
    0x0001d3b4   0x00000154   Code   RO         3898    i._printf_core      mc_w.l(printf1.o)
    0x0001d508   0x000001c6   Code   RO          556    i.adv_data_encode   ble_advdata.o
    0x0001d6ce   0x00000012   Code   RO          557    i.advdata_check     ble_advdata.o
    0x0001d6e0   0x00000054   Code   RO          503    i.advertising_buttons_configure  bsp_btn_ble.o
    0x0001d734   0x0000008c   Code   RO            5    i.advertising_init  main.o
    0x0001d7c0   0x00000054   Code   RO          986    i.app_beacon_init   advertiser_beacon_timeslot.o
    0x0001d814   0x0000008c   Code   RO          987    i.app_beacon_on_sys_evt  advertiser_beacon_timeslot.o
    0x0001d8a0   0x00000070   Code   RO          988    i.app_beacon_start  advertiser_beacon_timeslot.o
    0x0001d910   0x0000001a   Code   RO         2682    i.app_error_fault_handler  app_error_weak.o
    0x0001d92a   0x00000020   Code   RO         2642    i.app_error_handler  app_error.o
    0x0001d94a   0x00000002   PAD
    0x0001d94c   0x00000088   Code   RO         2644    i.app_error_save_and_stop  app_error.o
    0x0001d9d4   0x0000001e   Code   RO         2707    i.app_fifo_get      app_fifo.o
    0x0001d9f2   0x00000024   Code   RO         2708    i.app_fifo_init     app_fifo.o
    0x0001da16   0x00000022   Code   RO         2710    i.app_fifo_put      app_fifo.o
    0x0001da38   0x0000003c   Code   RO         2795    i.app_timer_create  app_timer.o
    0x0001da74   0x000000b8   Code   RO         2796    i.app_timer_init    app_timer.o
    0x0001db2c   0x00000058   Code   RO         2797    i.app_timer_start   app_timer.o
    0x0001db84   0x00000034   Code   RO         2798    i.app_timer_stop    app_timer.o
    0x0001dbb8   0x00000038   Code   RO         1091    i.app_uart_get      app_uart_fifo.o
    0x0001dbf0   0x000000cc   Code   RO         1092    i.app_uart_init     app_uart_fifo.o
    0x0001dcbc   0x00000038   Code   RO         1093    i.app_uart_put      app_uart_fifo.o
    0x0001dcf4   0x00000052   Code   RO          558    i.appearance_encode  ble_advdata.o
    0x0001dd46   0x00000002   PAD
    0x0001dd48   0x000000bc   Code   RO         1479    i.apply_config      nrf_drv_uart.o
    0x0001de04   0x00000028   Code   RO            7    i.beacon_advertiser_error_handler  main.o
    0x0001de2c   0x00000094   Code   RO          559    i.ble_advdata_set   ble_advdata.o
    0x0001dec0   0x0000017c   Code   RO          684    i.ble_advertising_init  ble_advertising.o
    0x0001e03c   0x000000f8   Code   RO          685    i.ble_advertising_on_ble_evt  ble_advertising.o
    0x0001e134   0x00000010   Code   RO          688    i.ble_advertising_peer_address_clear  ble_advertising.o
    0x0001e144   0x00000078   Code   RO          689    i.ble_advertising_restart_without_whitelist  ble_advertising.o
    0x0001e1bc   0x00000288   Code   RO          690    i.ble_advertising_start  ble_advertising.o
    0x0001e444   0x00000070   Code   RO          780    i.ble_conn_params_init  ble_conn_params.o
    0x0001e4b4   0x0000003e   Code   RO          781    i.ble_conn_params_on_ble_evt  ble_conn_params.o
    0x0001e4f2   0x00000074   Code   RO          560    i.ble_device_addr_encode  ble_advdata.o
    0x0001e566   0x00000002   PAD
    0x0001e568   0x0000002c   Code   RO            8    i.ble_evt_dispatch  main.o
    0x0001e594   0x00000098   Code   RO          877    i.ble_nus_init      ble_nus.o
    0x0001e62c   0x00000042   Code   RO          878    i.ble_nus_on_ble_evt  ble_nus.o
    0x0001e66e   0x00000056   Code   RO          879    i.ble_nus_string_send  ble_nus.o
    0x0001e6c4   0x00000110   Code   RO            9    i.ble_stack_init    main.o
    0x0001e7d4   0x00000038   Code   RO          504    i.bsp_btn_ble_init  bsp_btn_ble.o
    0x0001e80c   0x00000078   Code   RO          505    i.bsp_btn_ble_on_ble_evt  bsp_btn_ble.o
    0x0001e884   0x0000001c   Code   RO          506    i.bsp_btn_ble_sleep_mode_prepare  bsp_btn_ble.o
    0x0001e8a0   0x00000008   Code   RO          415    i.bsp_button_is_pressed  bsp.o
    0x0001e8a8   0x0000007c   Code   RO           10    i.bsp_event_handler  main.o
    0x0001e924   0x0000000a   Code   RO          419    i.bsp_event_to_button_action_assign  bsp.o
    0x0001e92e   0x00000006   Code   RO          420    i.bsp_indication_set  bsp.o
    0x0001e934   0x00000008   Code   RO          422    i.bsp_init          bsp.o
    0x0001e93c   0x00000006   Code   RO          423    i.bsp_wakeup_buttons_set  bsp.o
    0x0001e942   0x00000002   PAD
    0x0001e944   0x00000028   Code   RO         3295    i.btnCounter        shiftreg.o
    0x0001e96c   0x00000074   Code   RO           11    i.buttons_leds_init  main.o
    0x0001e9e0   0x00000010   Code   RO         1241    i.channel_handler_get  nrf_drv_gpiote.o
    0x0001e9f0   0x0000000c   Code   RO         1243    i.channel_port_get  nrf_drv_gpiote.o
    0x0001e9fc   0x00000090   Code   RO         2800    i.compare_reg_update  app_timer.o
    0x0001ea8c   0x0000005a   Code   RO          561    i.conn_int_check    ble_advdata.o
    0x0001eae6   0x00000068   Code   RO          562    i.conn_int_encode   ble_advdata.o
    0x0001eb4e   0x00000002   PAD
    0x0001eb50   0x00000028   Code   RO           12    i.conn_params_error_handler  main.o
    0x0001eb78   0x00000070   Code   RO           13    i.conn_params_init  main.o
    0x0001ebe8   0x00000084   Code   RO          783    i.conn_params_negotiation  ble_conn_params.o
    0x0001ec6c   0x00000054   Code   RO          507    i.connection_buttons_configure  bsp_btn_ble.o
    0x0001ecc0   0x000000a8   Code   RO           14    i.eddy_advertising_init  main.o
    0x0001ed68   0x00000058   Code   RO           15    i.eddy_advertising_start  main.o
    0x0001edc0   0x00000064   Code   RO         2801    i.elapsed_ticks_acquire  app_timer.o
    0x0001ee24   0x00000030   Code   RO         3752    i.errata_16         system_nrf52.o
    0x0001ee54   0x00000054   Code   RO         3753    i.errata_31         system_nrf52.o
    0x0001eea8   0x00000030   Code   RO         3754    i.errata_32         system_nrf52.o
    0x0001eed8   0x00000054   Code   RO         3755    i.errata_36         system_nrf52.o
    0x0001ef2c   0x00000030   Code   RO         3756    i.errata_37         system_nrf52.o
    0x0001ef5c   0x00000030   Code   RO         3757    i.errata_57         system_nrf52.o
    0x0001ef8c   0x00000030   Code   RO         3758    i.errata_66         system_nrf52.o
    0x0001efbc   0x00000058   Code   RO         2802    i.expired_timers_handler  app_timer.o
    0x0001f014   0x00000018   Code   RO         2713    i.fifo_get          app_fifo.o
    0x0001f02c   0x0000000a   Code   RO         1094    i.fifo_length       app_uart_fifo.o
    0x0001f036   0x0000000a   Code   RO         2714    i.fifo_length       app_fifo.o
    0x0001f040   0x00000012   Code   RO         2715    i.fifo_peek         app_fifo.o
    0x0001f052   0x00000012   Code   RO         2716    i.fifo_put          app_fifo.o
    0x0001f064   0x00000036   Code   RO          563    i.flags_encode      ble_advdata.o
    0x0001f09a   0x00000036   Code   RO          692    i.flash_access_in_progress  ble_advertising.o
    0x0001f0d0   0x00000012   Code   RO         3829    i.fputc             mc_w.l(fputc.o)
    0x0001f0e2   0x00000002   PAD
    0x0001f0e4   0x00000018   Code   RO         3083    i.fs_queued_op_count_get  fstorage.o
    0x0001f0fc   0x00000098   Code   RO           16    i.gap_params_init   main.o
    0x0001f194   0x000000b0   Code   RO         3636    i.intern_softdevice_events_execute  softdevice_handler.o
    0x0001f244   0x0000005c   Code   RO         2422    i.irq_handler       nrf_drv_timer.o
    0x0001f2a0   0x00000024   Code   RO          784    i.is_conn_params_ok  ble_conn_params.o
    0x0001f2c4   0x0000006a   Code   RO          564    i.le_role_encode    ble_advdata.o
    0x0001f32e   0x00000002   PAD
    0x0001f330   0x00000098   Code   RO         2803    i.list_deletions_handler  app_timer.o
    0x0001f3c8   0x0000010c   Code   RO         2804    i.list_insertions_handler  app_timer.o
    0x0001f4d4   0x0000005c   Code   RO         3211    i.log_rtt_init      nrf_log.o
    0x0001f530   0x0000001e   Code   RO         3212    i.log_rtt_printf    nrf_log.o
    0x0001f54e   0x00000002   PAD
    0x0001f550   0x00000028   Code   RO          990    i.m_configure_next_event  advertiser_beacon_timeslot.o
    0x0001f578   0x000000a4   Code   RO          991    i.m_configure_radio  advertiser_beacon_timeslot.o
    0x0001f61c   0x000000fc   Code   RO          992    i.m_get_adv_packet  advertiser_beacon_timeslot.o
    0x0001f718   0x00000060   Code   RO          993    i.m_handle_radio_disabled  advertiser_beacon_timeslot.o
    0x0001f778   0x00000030   Code   RO          994    i.m_handle_start    advertiser_beacon_timeslot.o
    0x0001f7a8   0x00000028   Code   RO          995    i.m_request_earliest  advertiser_beacon_timeslot.o
    0x0001f7d0   0x0000003c   Code   RO          996    i.m_set_adv_ch      advertiser_beacon_timeslot.o
    0x0001f80c   0x000000a0   Code   RO          997    i.m_timeslot_callback  advertiser_beacon_timeslot.o
    0x0001f8ac   0x00000220   Code   RO           17    i.main              main.o
    0x0001facc   0x00000076   Code   RO          565    i.manuf_specific_data_encode  ble_advdata.o
    0x0001fb42   0x000000c2   Code   RO          566    i.name_encode       ble_advdata.o
    0x0001fc04   0x0000001a   Code   RO         1170    i.nrf_delay_ms      nrf_delay.o
    0x0001fc1e   0x00000002   PAD
    0x0001fc20   0x00000060   Code   RO         1201    i.nrf_drv_common_irq_enable  nrf_drv_common.o
    0x0001fc80   0x000000e4   Code   RO         1481    i.nrf_drv_uart_init  nrf_drv_uart.o
    0x0001fd64   0x000000b0   Code   RO         1482    i.nrf_drv_uart_rx   nrf_drv_uart.o
    0x0001fe14   0x00000020   Code   RO         1485    i.nrf_drv_uart_rx_enable  nrf_drv_uart.o
    0x0001fe34   0x000000b4   Code   RO         1486    i.nrf_drv_uart_rx_for_uart  nrf_drv_uart.o
    0x0001fee8   0x000000b4   Code   RO         1487    i.nrf_drv_uart_rx_for_uarte  nrf_drv_uart.o
    0x0001ff9c   0x00000048   Code   RO         1488    i.nrf_drv_uart_tx   nrf_drv_uart.o
    0x0001ffe4   0x0000008c   Code   RO         1490    i.nrf_drv_uart_tx_for_uart  nrf_drv_uart.o
    0x00020070   0x00000070   Code   RO         1491    i.nrf_drv_uart_tx_for_uarte  nrf_drv_uart.o
    0x000200e0   0x00000014   Code   RO         1492    i.nrf_drv_uart_tx_in_progress  nrf_drv_uart.o
    0x000200f4   0x00000024   Code   RO         1494    i.nrf_gpio_cfg      nrf_drv_uart.o
    0x00020118   0x00000024   Code   RO         3296    i.nrf_gpio_cfg      shiftreg.o
    0x0002013c   0x0000001a   Code   RO         1496    i.nrf_gpio_cfg_input  nrf_drv_uart.o
    0x00020156   0x0000001a   Code   RO         3297    i.nrf_gpio_cfg_input  shiftreg.o
    0x00020170   0x00000018   Code   RO         1497    i.nrf_gpio_cfg_output  nrf_drv_uart.o
    0x00020188   0x00000018   Code   RO         3298    i.nrf_gpio_cfg_output  shiftreg.o
    0x000201a0   0x00000024   Code   RO         1265    i.nrf_gpio_cfg_sense_set  nrf_drv_gpiote.o
    0x000201c4   0x00000010   Code   RO         3299    i.nrf_gpio_pin_clear  shiftreg.o
    0x000201d4   0x00000014   Code   RO           18    i.nrf_gpio_pin_read  main.o
    0x000201e8   0x00000010   Code   RO         1498    i.nrf_gpio_pin_set  nrf_drv_uart.o
    0x000201f8   0x00000010   Code   RO         3300    i.nrf_gpio_pin_set  shiftreg.o
    0x00020208   0x0000000c   Code   RO         1268    i.nrf_gpiote_event_addr_get  nrf_drv_gpiote.o
    0x00020214   0x0000001c   Code   RO         1269    i.nrf_gpiote_event_clear  nrf_drv_gpiote.o
    0x00020230   0x00000016   Code   RO         1270    i.nrf_gpiote_event_is_set  nrf_drv_gpiote.o
    0x00020246   0x00000002   PAD
    0x00020248   0x00000014   Code   RO         2111    i.nrf_saadc_event_check  nrf_drv_saadc.o
    0x0002025c   0x0000000c   Code   RO         2112    i.nrf_saadc_event_clear  nrf_drv_saadc.o
    0x00020268   0x0000000c   Code   RO         2116    i.nrf_saadc_task_trigger  nrf_drv_saadc.o
    0x00020274   0x0000000e   Code   RO         2437    i.nrf_timer_compare_event_get  nrf_drv_timer.o
    0x00020282   0x0000000a   Code   RO         2438    i.nrf_timer_compare_int_get  nrf_drv_timer.o
    0x0002028c   0x00000006   Code   RO         2439    i.nrf_timer_event_clear  nrf_drv_timer.o
    0x00020292   0x0000000c   Code   RO         1499    i.nrf_uart_errorsrc_get_and_clear  nrf_drv_uart.o
    0x0002029e   0x0000000e   Code   RO         1500    i.nrf_uart_event_check  nrf_drv_uart.o
    0x000202ac   0x00000006   Code   RO         1501    i.nrf_uart_event_clear  nrf_drv_uart.o
    0x000202b2   0x0000000a   Code   RO         1502    i.nrf_uart_hwfc_pins_set  nrf_drv_uart.o
    0x000202bc   0x00000006   Code   RO         1503    i.nrf_uart_int_disable  nrf_drv_uart.o
    0x000202c2   0x00000006   Code   RO         1504    i.nrf_uart_int_enable  nrf_drv_uart.o
    0x000202c8   0x00000012   Code   RO         1505    i.nrf_uart_int_enable_check  nrf_drv_uart.o
    0x000202da   0x00000006   Code   RO         1506    i.nrf_uart_task_trigger  nrf_drv_uart.o
    0x000202e0   0x0000000a   Code   RO         1507    i.nrf_uart_txrx_pins_set  nrf_drv_uart.o
    0x000202ea   0x0000000c   Code   RO         1508    i.nrf_uarte_errorsrc_get_and_clear  nrf_drv_uart.o
    0x000202f6   0x0000000e   Code   RO         1509    i.nrf_uarte_event_check  nrf_drv_uart.o
    0x00020304   0x00000006   Code   RO         1510    i.nrf_uarte_event_clear  nrf_drv_uart.o
    0x0002030a   0x0000000c   Code   RO         1511    i.nrf_uarte_hwfc_pins_set  nrf_drv_uart.o
    0x00020316   0x00000006   Code   RO         1512    i.nrf_uarte_int_disable  nrf_drv_uart.o
    0x0002031c   0x00000006   Code   RO         1513    i.nrf_uarte_int_enable  nrf_drv_uart.o
    0x00020322   0x0000000a   Code   RO         1514    i.nrf_uarte_rx_amount_get  nrf_drv_uart.o
    0x0002032c   0x00000006   Code   RO         1515    i.nrf_uarte_task_trigger  nrf_drv_uart.o
    0x00020332   0x0000000e   Code   RO         1516    i.nrf_uarte_txrx_pins_set  nrf_drv_uart.o
    0x00020340   0x000000cc   Code   RO           19    i.nus_data_handler  main.o
    0x0002040c   0x00000048   Code   RO           20    i.on_adv_evt        main.o
    0x00020454   0x000000d4   Code   RO           21    i.on_ble_evt        main.o
    0x00020528   0x00000040   Code   RO           22    i.on_conn_params_evt  main.o
    0x00020568   0x00000018   Code   RO          785    i.on_conn_params_update  ble_conn_params.o
    0x00020580   0x00000038   Code   RO          786    i.on_connect        ble_conn_params.o
    0x000205b8   0x00000006   Code   RO          880    i.on_connect        ble_nus.o
    0x000205be   0x00000002   PAD
    0x000205c0   0x00000040   Code   RO          787    i.on_disconnect     ble_conn_params.o
    0x00020600   0x00000008   Code   RO          881    i.on_disconnect     ble_nus.o
    0x00020608   0x00000058   Code   RO          788    i.on_write          ble_conn_params.o
    0x00020660   0x00000050   Code   RO          882    i.on_write          ble_nus.o
    0x000206b0   0x00000018   Code   RO          693    i.peer_address_exists  ble_advertising.o
    0x000206c8   0x0000002c   Code   RO         1788    i.pstorage_access_status_get  pstorage.o
    0x000206f4   0x00000014   Code   RO         3637    i.ram_end_address_get  softdevice_handler.o
    0x00020708   0x0000000c   Code   RO         2805    i.rtc1_compare0_set  app_timer.o
    0x00020714   0x0000000c   Code   RO         2806    i.rtc1_counter_get  app_timer.o
    0x00020720   0x00000018   Code   RO         2807    i.rtc1_init         app_timer.o
    0x00020738   0x0000003c   Code   RO         2808    i.rtc1_start        app_timer.o
    0x00020774   0x00000058   Code   RO         2809    i.rtc1_stop         app_timer.o
    0x000207cc   0x00000050   Code   RO         1518    i.rx_byte           nrf_drv_uart.o
    0x0002081c   0x00000138   Code   RO          883    i.rx_char_add       ble_nus.o
    0x00020954   0x00000024   Code   RO         1519    i.rx_done_event     nrf_drv_uart.o
    0x00020978   0x00000024   Code   RO         1520    i.rx_enable         nrf_drv_uart.o
    0x0002099c   0x00000094   Code   RO         3638    i.sd_check_ram_start  softdevice_handler.o
    0x00020a30   0x000000d0   Code   RO         3639    i.sd_nvic_EnableIRQ  softdevice_handler.o
    0x00020b00   0x00000036   Code   RO          567    i.sec_mgr_oob_flags_encode  ble_advdata.o
    0x00020b36   0x00000096   Code   RO          568    i.service_data_encode  ble_advdata.o
    0x00020bcc   0x00000048   Code   RO           27    i.services_init     main.o
    0x00020c14   0x0000006a   Code   RO         3301    i.shiftRegInit      shiftreg.o
    0x00020c7e   0x0000001c   Code   RO         3302    i.shiftRegLatch     shiftreg.o
    0x00020c9a   0x0000001c   Code   RO         3303    i.shiftRegPulse     shiftreg.o
    0x00020cb6   0x00000070   Code   RO         3304    i.shiftRegWrite     shiftreg.o
    0x00020d26   0x00000002   PAD
    0x00020d28   0x00000070   Code   RO           28    i.sleep_mode_enter  main.o
    0x00020d98   0x00000018   Code   RO         3640    i.softdevice_ble_evt_handler_set  softdevice_handler.o
    0x00020db0   0x00000104   Code   RO         3641    i.softdevice_enable  softdevice_handler.o
    0x00020eb4   0x0000002c   Code   RO         3642    i.softdevice_enable_get_default_config  softdevice_handler.o
    0x00020ee0   0x00000014   Code   RO         3643    i.softdevice_fault_handler  softdevice_handler.o
    0x00020ef4   0x00000068   Code   RO         3644    i.softdevice_handler_init  softdevice_handler.o
    0x00020f5c   0x00000018   Code   RO         3647    i.softdevice_sys_evt_handler_set  softdevice_handler.o
    0x00020f74   0x0000000e   Code   RO          569    i.srdata_check      ble_advdata.o
    0x00020f82   0x0000004c   Code   RO          508    i.startup_event_extract  bsp_btn_ble.o
    0x00020fce   0x0000000c   Code   RO           29    i.sys_evt_dispatch  main.o
    0x00020fda   0x0000000a   Code   RO         2810    i.ticks_diff_get    app_timer.o
    0x00020fe4   0x0000006c   Code   RO         2811    i.timeout_handler_exec  app_timer.o
    0x00021050   0x00000054   Code   RO         2812    i.timer_list_handler  app_timer.o
    0x000210a4   0x0000000a   Code   RO         2813    i.timer_list_handler_sched  app_timer.o
    0x000210ae   0x00000002   PAD
    0x000210b0   0x00000068   Code   RO         2814    i.timer_list_insert  app_timer.o
    0x00021118   0x0000006c   Code   RO         2815    i.timer_list_remove  app_timer.o
    0x00021184   0x0000005c   Code   RO         2816    i.timer_start_op_schedule  app_timer.o
    0x000211e0   0x00000040   Code   RO         2818    i.timer_stop_op_schedule  app_timer.o
    0x00021220   0x00000098   Code   RO         2819    i.timer_timeouts_check  app_timer.o
    0x000212b8   0x0000000a   Code   RO         2820    i.timer_timeouts_check_sched  app_timer.o
    0x000212c2   0x00000002   PAD
    0x000212c4   0x00000048   Code   RO           31    i.timeslot_init     main.o
    0x0002130c   0x00000046   Code   RO          570    i.tk_value_encode   ble_advdata.o
    0x00021352   0x00000002   PAD
    0x00021354   0x00000038   Code   RO         1521    i.tx_byte           nrf_drv_uart.o
    0x0002138c   0x000000ee   Code   RO          884    i.tx_char_add       ble_nus.o
    0x0002147a   0x00000002   PAD
    0x0002147c   0x0000002c   Code   RO         1522    i.tx_done_event     nrf_drv_uart.o
    0x000214a8   0x00000036   Code   RO          571    i.tx_power_level_encode  ble_advdata.o
    0x000214de   0x00000002   PAD
    0x000214e0   0x000000b8   Code   RO           32    i.uart_event_handle  main.o
    0x00021598   0x000000c0   Code   RO         1095    i.uart_event_handler  app_uart_fifo.o
    0x00021658   0x00000070   Code   RO           33    i.uart_init         main.o
    0x000216c8   0x00000160   Code   RO         1523    i.uart_irq_handler  nrf_drv_uart.o
    0x00021828   0x0000012c   Code   RO         1524    i.uarte_irq_handler  nrf_drv_uart.o
    0x00021954   0x0000000c   Code   RO          572    i.uint16_encode     ble_advdata.o
    0x00021960   0x00000090   Code   RO          789    i.update_timeout_handler  ble_conn_params.o
    0x000219f0   0x00000058   Code   RO         2821    i.user_id_get       app_timer.o
    0x00021a48   0x00000030   Code   RO         2822    i.user_op_alloc     app_timer.o
    0x00021a78   0x00000004   Code   RO         2823    i.user_op_enque     app_timer.o
    0x00021a7c   0x0000004e   Code   RO          573    i.uuid_list_encode  ble_advdata.o
    0x00021aca   0x000000dc   Code   RO          574    i.uuid_list_sized_encode  ble_advdata.o
    0x00021ba6   0x00000012   Code   RO          694    i.whitelist_has_entries  ble_advertising.o
    0x00021bb8   0x00000024   Data   RO           35    .constdata          main.o
    0x00021bdc   0x00000004   Data   RO          791    .constdata          ble_conn_params.o
    0x00021be0   0x00000010   Data   RO          885    .constdata          ble_nus.o
    0x00021bf0   0x00000020   Data   RO         1097    .constdata          app_uart_fifo.o
    0x00021c10   0x00000020   Data   RO         1526    .constdata          nrf_drv_uart.o
    0x00021c30   0x00000010   Data   RO         3603    .constdata          segger_rtt_printf.o
    0x00021c40   0x0000004e   Data   RO         3649    .conststring        softdevice_handler.o
    0x00021c8e   0x00000002   PAD
    0x00021c90   0x00000020   Data   RO         4148    Region$$Table       anon$$obj.o


    Execution Region RW_IRAM1 (Base: 0x20001fe8, Size: 0x000031f8, Max: 0x0000e018, ABSOLUTE)

    Base Addr    Size         Type   Attr      Idx    E Section Name        Object

    0x20001fe8   0x00000043   Data   RW           36    .data               main.o
    0x2000202b   0x00000001   PAD
    0x2000202c   0x00000008   Data   RW          509    .data               bsp_btn_ble.o
    0x20002034   0x00000020   Data   RW          696    .data               ble_advertising.o
    0x20002054   0x00000015   Data   RW          792    .data               ble_conn_params.o
    0x20002069   0x00000003   PAD
    0x2000206c   0x00000009   Data   RW          999    .data               advertiser_beacon_timeslot.o
    0x20002075   0x00000003   PAD
    0x20002078   0x00000006   Data   RW         1098    .data               app_uart_fifo.o
    0x2000207e   0x00000002   PAD
    0x20002080   0x00000028   Data   RW         1824    .data               pstorage.o
    0x200020a8   0x00000022   Data   RW         2824    .data               app_timer.o
    0x200020ca   0x00000004   Data   RW         3217    .data               nrf_log.o
    0x200020ce   0x00000002   PAD
    0x200020d0   0x00000018   Data   RW         3650    .data               softdevice_handler.o
    0x200020e8   0x00000004   Data   RW         3759    .data               system_nrf52.o
    0x200020ec   0x00000004   Data   RW         3833    .data               mc_w.l(stdout.o)
    0x200020f0   0x00000484   Zero   RW           34    .bss                main.o
    0x20002574   0x00000103   Zero   RW          695    .bss                ble_advertising.o
    0x20002677   0x00000001   PAD
    0x20002678   0x0000003c   Zero   RW          790    .bss                ble_conn_params.o
    0x200026b4   0x00000058   Zero   RW          998    .bss                advertiser_beacon_timeslot.o
    0x2000270c   0x00000020   Zero   RW         1096    .bss                app_uart_fifo.o
    0x2000272c   0x00000058   Zero   RW         1277    .bss                nrf_drv_gpiote.o
    0x20002784   0x00000020   Zero   RW         1525    .bss                nrf_drv_uart.o
    0x200027a4   0x000000d8   Zero   RW         1822    .bss                pstorage.o
    0x2000287c   0x0000002c   Zero   RW         2117    .bss                nrf_drv_saadc.o
    0x200028a8   0x0000000c   Zero   RW         2444    .bss                nrf_drv_timer.o
    0x200028b4   0x00000020   Zero   RW         2645    .bss                app_error.o
    0x200028d4   0x00000058   Zero   RW         3094    .bss                fstorage.o
    0x2000292c   0x0000041b   Zero   RW         3216    .bss                nrf_log.o
    0x20002d47   0x00000001   PAD
    0x20002d48   0x00000488   Zero   RW         3480    .bss                segger_rtt.o
    0x200031d0   0x0000000c   Zero   RW         3648    .bss                softdevice_handler.o
    0x200031dc   0x00000004   PAD
    0x200031e0   0x00002000   Zero   RW         3739    STACK               arm_startup_nrf52.o


==============================================================================

Image component sizes


      Code (inc. data)   RO Data    RW Data    ZI Data      Debug   Object Name

      1196        198          0          9         88      36525   advertiser_beacon_timeslot.o
       168          4          0          0         32       4026   app_error.o
        26          0          0          0          0        770   app_error_weak.o
       170          0          0          0          0       5426   app_fifo.o
      2502        324          0         34          0      61279   app_timer.o
       518         68         32          6         32      10834   app_uart_fifo.o
        36          8       1024          0       8192        928   arm_startup_nrf52.o
      2136          0          0          0          0      24476   ble_advdata.o
      1508        150          0         32        259      10172   ble_advertising.o
       718        122          4         21         60      19080   ble_conn_params.o
       948          4         16          0          0       7574   ble_nus.o
        38          0          0          0          0       3349   bsp.o
       448         18          0          8          0       5937   bsp_btn_ble.o
        24          6          0          0         88       3312   fstorage.o
      2976        550         36         67       1156     145214   main.o
       144          0          0          0          0       1831   nrf_delay.o
        96         12          0          0          0      28923   nrf_drv_common.o
       566         38          0          0         88      16120   nrf_drv_gpiote.o
       260         20          0          0         44      11699   nrf_drv_saadc.o
       146         10          0          0         12      12336   nrf_drv_timer.o
      2532        184         32          0         32      43721   nrf_drv_uart.o
       122         28          0          4       1051       4389   nrf_log.o
        44          8          0         40        216       9437   pstorage.o
       810         62          0          0       1160      10332   segger_rtt.o
      1088          6         16          0          0       6317   segger_rtt_printf.o
       432         24          0          0          0       9720   shiftreg.o
      1084        350         78         24         12      40921   softdevice_handler.o
      1064        108          0          4          0       6523   system_nrf52.o

    ----------------------------------------------------------------------
     21840       2302       1272        260      12528     541171   Object Totals
         0          0         32          0          0          0   (incl. Generated)
        40          0          2         11          6          0   (incl. Padding)

    ----------------------------------------------------------------------

      Code (inc. data)   RO Data    RW Data    ZI Data      Debug   Library Member Name

         0          0          0          0          0          0   entry.o
         0          0          0          0          0          0   entry10a.o
         0          0          0          0          0          0   entry11a.o
         8          4          0          0          0          0   entry2.o
         4          0          0          0          0          0   entry5.o
         0          0          0          0          0          0   entry7b.o
         0          0          0          0          0          0   entry8b.o
         8          4          0          0          0          0   entry9a.o
        18          0          0          0          0         80   fputc.o
        30          0          0          0          0          0   handlers.o
        36          8          0          0          0         68   init.o
         0          0          0          0          0          0   iusesemip.o
        36          0          0          0          0         68   memcpya.o
        36          0          0          0          0        108   memseta.o
       372         14          0          0          0        184   printf1.o
         0          0          0          0          0          0   semi.o
         0          0          0          4          0          0   stdout.o
        18          0          0          0          0         68   strcpy.o
        44          0          0          0          0         80   uidiv.o

    ----------------------------------------------------------------------
       616         30          0          4          0        656   Library Totals
         6          0          0          0          0          0   (incl. Padding)

    ----------------------------------------------------------------------

      Code (inc. data)   RO Data    RW Data    ZI Data      Debug   Library Name

       610         30          0          4          0        656   mc_w.l

    ----------------------------------------------------------------------
       616         30          0          4          0        656   Library Totals

    ----------------------------------------------------------------------

==============================================================================


      Code (inc. data)   RO Data    RW Data    ZI Data      Debug   

     22456       2332       1272        264      12528     517771   Grand Totals
     22456       2332       1272        264      12528     517771   ELF Image Totals
     22456       2332       1272        264          0          0   ROM Totals

==============================================================================

    Total RO  Size (Code + RO Data)                23728 (  23.17kB)
    Total RW  Size (RW Data + ZI Data)             12792 (  12.49kB)
    Total ROM Size (Code + RO Data + RW Data)      23992 (  23.43kB)

==============================================================================

