Component: ARM Compiler 5.06 update 1 (build 61) Tool: armlink [4d35a8]

==============================================================================

Section Cross References

    main.o(i.advertising_init) refers to memseta.o(.text) for __aeabi_memclr4
    main.o(i.advertising_init) refers to ble_advertising.o(i.ble_advertising_init) for ble_advertising_init
    main.o(i.advertising_init) refers to app_error.o(i.app_error_handler) for app_error_handler
    main.o(i.advertising_init) refers to main.o(.data) for m_adv_uuids
    main.o(i.advertising_init) refers to main.o(i.on_adv_evt) for on_adv_evt
    main.o(i.assert_nrf_callback) refers to app_error.o(i.app_error_handler) for app_error_handler
    main.o(i.beacon_advertiser_error_handler) refers to app_error.o(i.app_error_handler) for app_error_handler
    main.o(i.ble_evt_dispatch) refers to ble_conn_params.o(i.ble_conn_params_on_ble_evt) for ble_conn_params_on_ble_evt
    main.o(i.ble_evt_dispatch) refers to ble_nus.o(i.ble_nus_on_ble_evt) for ble_nus_on_ble_evt
    main.o(i.ble_evt_dispatch) refers to main.o(i.on_ble_evt) for on_ble_evt
    main.o(i.ble_evt_dispatch) refers to ble_advertising.o(i.ble_advertising_on_ble_evt) for ble_advertising_on_ble_evt
    main.o(i.ble_evt_dispatch) refers to bsp_btn_ble.o(i.bsp_btn_ble_on_ble_evt) for bsp_btn_ble_on_ble_evt
    main.o(i.ble_evt_dispatch) refers to main.o(.bss) for m_nus
    main.o(i.ble_stack_init) refers to segger_rtt_printf.o(i.SEGGER_RTT_printf) for SEGGER_RTT_printf
    main.o(i.ble_stack_init) refers to softdevice_handler.o(i.softdevice_handler_init) for softdevice_handler_init
    main.o(i.ble_stack_init) refers to app_error.o(i.app_error_handler) for app_error_handler
    main.o(i.ble_stack_init) refers to softdevice_handler.o(i.softdevice_enable_get_default_config) for softdevice_enable_get_default_config
    main.o(i.ble_stack_init) refers to softdevice_handler.o(i.sd_check_ram_start) for sd_check_ram_start
    main.o(i.ble_stack_init) refers to softdevice_handler.o(i.softdevice_enable) for softdevice_enable
    main.o(i.ble_stack_init) refers to softdevice_handler.o(i.softdevice_ble_evt_handler_set) for softdevice_ble_evt_handler_set
    main.o(i.ble_stack_init) refers to softdevice_handler.o(i.softdevice_sys_evt_handler_set) for softdevice_sys_evt_handler_set
    main.o(i.ble_stack_init) refers to main.o(.constdata) for .constdata
    main.o(i.ble_stack_init) refers to main.o(.bss) for BLE_EVT_BUFFER
    main.o(i.ble_stack_init) refers to main.o(i.ble_evt_dispatch) for ble_evt_dispatch
    main.o(i.ble_stack_init) refers to main.o(i.sys_evt_dispatch) for sys_evt_dispatch
    main.o(i.bsp_event_handler) refers to main.o(i.sleep_mode_enter) for sleep_mode_enter
    main.o(i.bsp_event_handler) refers to app_error.o(i.app_error_handler) for app_error_handler
    main.o(i.bsp_event_handler) refers to ble_advertising.o(i.ble_advertising_restart_without_whitelist) for ble_advertising_restart_without_whitelist
    main.o(i.bsp_event_handler) refers to main.o(.data) for m_conn_handle
    main.o(i.buttons_leds_init) refers to bsp.o(i.bsp_init) for bsp_init
    main.o(i.buttons_leds_init) refers to app_error.o(i.app_error_handler) for app_error_handler
    main.o(i.buttons_leds_init) refers to bsp_btn_ble.o(i.bsp_btn_ble_init) for bsp_btn_ble_init
    main.o(i.buttons_leds_init) refers to main.o(i.bsp_event_handler) for bsp_event_handler
    main.o(i.conn_params_error_handler) refers to app_error.o(i.app_error_handler) for app_error_handler
    main.o(i.conn_params_init) refers to memseta.o(.text) for __aeabi_memclr4
    main.o(i.conn_params_init) refers to ble_conn_params.o(i.ble_conn_params_init) for ble_conn_params_init
    main.o(i.conn_params_init) refers to app_error.o(i.app_error_handler) for app_error_handler
    main.o(i.conn_params_init) refers to main.o(i.on_conn_params_evt) for on_conn_params_evt
    main.o(i.conn_params_init) refers to main.o(i.conn_params_error_handler) for conn_params_error_handler
    main.o(i.gap_params_init) refers to app_error.o(i.app_error_handler) for app_error_handler
    main.o(i.main) refers to main.o(i.nrf_gpio_pin_clear) for nrf_gpio_pin_clear
    main.o(i.main) refers to segger_rtt_printf.o(i.SEGGER_RTT_printf) for SEGGER_RTT_printf
    main.o(i.main) refers to app_timer.o(i.app_timer_init) for app_timer_init
    main.o(i.main) refers to app_error.o(i.app_error_handler) for app_error_handler
    main.o(i.main) refers to main.o(i.buttons_leds_init) for buttons_leds_init
    main.o(i.main) refers to main.o(i.ble_stack_init) for ble_stack_init
    main.o(i.main) refers to main.o(i.gap_params_init) for gap_params_init
    main.o(i.main) refers to main.o(i.services_init) for services_init
    main.o(i.main) refers to main.o(i.advertising_init) for advertising_init
    main.o(i.main) refers to main.o(i.conn_params_init) for conn_params_init
    main.o(i.main) refers to main.o(i.saadc_sampling_event_init) for saadc_sampling_event_init
[...]
    i.log_rtt_printf                         0x0001f168   Section        0  nrf_log.o(i.log_rtt_printf)
    i.m_configure_next_event                 0x0001f188   Section        0  advertiser_beacon_timeslot.o(i.m_configure_next_event)
    i.m_configure_radio                      0x0001f1b0   Section        0  advertiser_beacon_timeslot.o(i.m_configure_radio)
    m_configure_radio                        0x0001f1b1   Thumb Code   132  advertiser_beacon_timeslot.o(i.m_configure_radio)
    i.m_get_adv_packet                       0x0001f254   Section        0  advertiser_beacon_timeslot.o(i.m_get_adv_packet)
    m_get_adv_packet                         0x0001f255   Thumb Code   242  advertiser_beacon_timeslot.o(i.m_get_adv_packet)
    i.m_handle_radio_disabled                0x0001f350   Section        0  advertiser_beacon_timeslot.o(i.m_handle_radio_disabled)
    i.m_handle_start                         0x0001f3b0   Section        0  advertiser_beacon_timeslot.o(i.m_handle_start)
    i.m_request_earliest                     0x0001f3e0   Section        0  advertiser_beacon_timeslot.o(i.m_request_earliest)
    i.m_set_adv_ch                           0x0001f408   Section        0  advertiser_beacon_timeslot.o(i.m_set_adv_ch)
    m_set_adv_ch                             0x0001f409   Thumb Code    56  advertiser_beacon_timeslot.o(i.m_set_adv_ch)
    i.m_timeslot_callback                    0x0001f444   Section        0  advertiser_beacon_timeslot.o(i.m_timeslot_callback)
    m_timeslot_callback                      0x0001f445   Thumb Code   138  advertiser_beacon_timeslot.o(i.m_timeslot_callback)
    i.main                                   0x0001f4e4   Section        0  main.o(i.main)
    i.manuf_specific_data_encode             0x0001f824   Section        0  ble_advdata.o(i.manuf_specific_data_encode)
    manuf_specific_data_encode               0x0001f825   Thumb Code   118  ble_advdata.o(i.manuf_specific_data_encode)
    i.name_encode                            0x0001f89a   Section        0  ble_advdata.o(i.name_encode)
    name_encode                              0x0001f89b   Thumb Code   194  ble_advdata.o(i.name_encode)
    i.nrf_delay_ms                           0x0001f95c   Section        0  nrf_delay.o(i.nrf_delay_ms)
    i.nrf_drv_common_irq_enable              0x0001f978   Section        0  nrf_drv_common.o(i.nrf_drv_common_irq_enable)
    i.nrf_drv_get_IRQn                       0x0001f9d8   Section        0  nrf_drv_timer.o(i.nrf_drv_get_IRQn)
    nrf_drv_get_IRQn                         0x0001f9d9   Thumb Code    10  nrf_drv_timer.o(i.nrf_drv_get_IRQn)
    i.nrf_drv_ppi_channel_alloc              0x0001f9e4   Section        0  nrf_drv_ppi.o(i.nrf_drv_ppi_channel_alloc)
    i.nrf_drv_ppi_channel_assign             0x0001fa50   Section        0  nrf_drv_ppi.o(i.nrf_drv_ppi_channel_assign)
    i.nrf_drv_ppi_channel_enable             0x0001fa9c   Section        0  nrf_drv_ppi.o(i.nrf_drv_ppi_channel_enable)
    i.nrf_drv_ppi_channel_to_mask            0x0001fad4   Section        0  nrf_drv_ppi.o(i.nrf_drv_ppi_channel_to_mask)
    nrf_drv_ppi_channel_to_mask              0x0001fad5   Thumb Code     8  nrf_drv_ppi.o(i.nrf_drv_ppi_channel_to_mask)
    i.nrf_drv_ppi_init                       0x0001fadc   Section        0  nrf_drv_ppi.o(i.nrf_drv_ppi_init)
    i.nrf_drv_saadc_buffer_convert           0x0001faf4   Section        0  nrf_drv_saadc.o(i.nrf_drv_saadc_buffer_convert)
    i.nrf_drv_saadc_channel_init             0x0001fb80   Section        0  nrf_drv_saadc.o(i.nrf_drv_saadc_channel_init)
    i.nrf_drv_saadc_init                     0x0001fbd8   Section        0  nrf_drv_saadc.o(i.nrf_drv_saadc_init)
    i.nrf_drv_timer_compare                  0x0001fc58   Section        0  nrf_drv_timer.o(i.nrf_drv_timer_compare)
    i.nrf_drv_timer_enable                   0x0001fc90   Section        0  nrf_drv_timer.o(i.nrf_drv_timer_enable)
    i.nrf_drv_timer_extended_compare         0x0001fcb4   Section        0  nrf_drv_timer.o(i.nrf_drv_timer_extended_compare)
    i.nrf_drv_timer_init                     0x0001fcf8   Section        0  nrf_drv_timer.o(i.nrf_drv_timer_init)
    i.nrf_gpio_cfg                           0x0001fedc   Section        0  shiftreg.o(i.nrf_gpio_cfg)
    nrf_gpio_cfg                             0x0001fedd   Thumb Code    30  shiftreg.o(i.nrf_gpio_cfg)
    i.nrf_gpio_cfg_input                     0x0001ff00   Section        0  shiftreg.o(i.nrf_gpio_cfg_input)
    nrf_gpio_cfg_input                       0x0001ff01   Thumb Code    26  shiftreg.o(i.nrf_gpio_cfg_input)
    i.nrf_gpio_cfg_output                    0x0001ff1a   Section        0  shiftreg.o(i.nrf_gpio_cfg_output)
    nrf_gpio_cfg_output                      0x0001ff1b   Thumb Code    24  shiftreg.o(i.nrf_gpio_cfg_output)
    i.nrf_gpio_cfg_sense_set                 0x0001ff34   Section        0  nrf_drv_gpiote.o(i.nrf_gpio_cfg_sense_set)
    nrf_gpio_cfg_sense_set                   0x0001ff35   Thumb Code    32  nrf_drv_gpiote.o(i.nrf_gpio_cfg_sense_set)
    i.nrf_gpio_pin_clear                     0x0001ff58   Section        0  main.o(i.nrf_gpio_pin_clear)
    nrf_gpio_pin_clear                       0x0001ff59   Thumb Code    10  main.o(i.nrf_gpio_pin_clear)
    i.nrf_gpio_pin_clear                     0x0001ff68   Section        0  shiftreg.o(i.nrf_gpio_pin_clear)
    nrf_gpio_pin_clear                       0x0001ff69   Thumb Code    10  shiftreg.o(i.nrf_gpio_pin_clear)
    i.nrf_gpio_pin_read                      0x0001ff78   Section        0  main.o(i.nrf_gpio_pin_read)
    nrf_gpio_pin_read                        0x0001ff79   Thumb Code    14  main.o(i.nrf_gpio_pin_read)
    i.nrf_gpio_pin_set                       0x0001ff8c   Section        0  shiftreg.o(i.nrf_gpio_pin_set)
    nrf_gpio_pin_set                         0x0001ff8d   Thumb Code    10  shiftreg.o(i.nrf_gpio_pin_set)
    i.nrf_gpiote_event_addr_get              0x0001ff9c   Section        0  nrf_drv_gpiote.o(i.nrf_gpiote_event_addr_get)
    nrf_gpiote_event_addr_get                0x0001ff9d   Thumb Code     8  nrf_drv_gpiote.o(i.nrf_gpiote_event_addr_get)
    i.nrf_gpiote_event_clear                 0x0001ffa8   Section        0  nrf_drv_gpiote.o(i.nrf_gpiote_event_clear)
    nrf_gpiote_event_clear                   0x0001ffa9   Thumb Code    28  nrf_drv_gpiote.o(i.nrf_gpiote_event_clear)
    i.nrf_gpiote_event_is_set                0x0001ffc4   Section        0  nrf_drv_gpiote.o(i.nrf_gpiote_event_is_set)
    nrf_gpiote_event_is_set                  0x0001ffc5   Thumb Code    22  nrf_drv_gpiote.o(i.nrf_gpiote_event_is_set)
    i.nrf_saadc_buffer_init                  0x0001ffdc   Section        0  nrf_drv_saadc.o(i.nrf_saadc_buffer_init)
    nrf_saadc_buffer_init                    0x0001ffdd   Thumb Code    10  nrf_drv_saadc.o(i.nrf_saadc_buffer_init)
    i.nrf_saadc_channel_init                 0x0001ffec   Section        0  nrf_saadc.o(i.nrf_saadc_channel_init)
    i.nrf_saadc_channel_input_set            0x00020054   Section        0  nrf_drv_saadc.o(i.nrf_saadc_channel_input_set)
    nrf_saadc_channel_input_set              0x00020055   Thumb Code    18  nrf_drv_saadc.o(i.nrf_saadc_channel_input_set)
    i.nrf_saadc_event_check                  0x0002006c   Section        0  nrf_drv_saadc.o(i.nrf_saadc_event_check)
    nrf_saadc_event_check                    0x0002006d   Thumb Code    16  nrf_drv_saadc.o(i.nrf_saadc_event_check)
    i.nrf_saadc_event_clear                  0x00020080   Section        0  nrf_drv_saadc.o(i.nrf_saadc_event_clear)
    nrf_saadc_event_clear                    0x00020081   Thumb Code     8  nrf_drv_saadc.o(i.nrf_saadc_event_clear)
    i.nrf_saadc_int_disable                  0x0002008c   Section        0  nrf_drv_saadc.o(i.nrf_saadc_int_disable)
    nrf_saadc_int_disable                    0x0002008d   Thumb Code     6  nrf_drv_saadc.o(i.nrf_saadc_int_disable)
    i.nrf_saadc_int_enable                   0x00020098   Section        0  nrf_drv_saadc.o(i.nrf_saadc_int_enable)
    nrf_saadc_int_enable                     0x00020099   Thumb Code     6  nrf_drv_saadc.o(i.nrf_saadc_int_enable)
    i.nrf_saadc_task_trigger                 0x000200a4   Section        0  nrf_drv_saadc.o(i.nrf_saadc_task_trigger)
    nrf_saadc_task_trigger                   0x000200a5   Thumb Code     8  nrf_drv_saadc.o(i.nrf_saadc_task_trigger)
    i.nrf_timer_compare_event_get            0x000200b0   Section        0  nrf_drv_timer.o(i.nrf_timer_compare_event_get)
    nrf_timer_compare_event_get              0x000200b1   Thumb Code    14  nrf_drv_timer.o(i.nrf_timer_compare_event_get)
    i.nrf_timer_compare_int_get              0x000200be   Section        0  nrf_drv_timer.o(i.nrf_timer_compare_int_get)
    nrf_timer_compare_int_get                0x000200bf   Thumb Code    10  nrf_drv_timer.o(i.nrf_timer_compare_int_get)
    i.nrf_timer_event_clear                  0x000200c8   Section        0  nrf_drv_timer.o(i.nrf_timer_event_clear)
    nrf_timer_event_clear                    0x000200c9   Thumb Code     6  nrf_drv_timer.o(i.nrf_timer_event_clear)
    i.nrf_timer_int_disable                  0x000200ce   Section        0  nrf_drv_timer.o(i.nrf_timer_int_disable)
    nrf_timer_int_disable                    0x000200cf   Thumb Code     6  nrf_drv_timer.o(i.nrf_timer_int_disable)
    i.nrf_timer_int_enable                   0x000200d4   Section        0  nrf_drv_timer.o(i.nrf_timer_int_enable)
    nrf_timer_int_enable                     0x000200d5   Thumb Code     6  nrf_drv_timer.o(i.nrf_timer_int_enable)
    i.nrf_timer_shorts_disable               0x000200da   Section        0  nrf_drv_timer.o(i.nrf_timer_shorts_disable)
    nrf_timer_shorts_disable                 0x000200db   Thumb Code    12  nrf_drv_timer.o(i.nrf_timer_shorts_disable)
    i.nrf_timer_task_trigger                 0x000200e6   Section        0  nrf_drv_timer.o(i.nrf_timer_task_trigger)
    nrf_timer_task_trigger                   0x000200e7   Thumb Code     6  nrf_drv_timer.o(i.nrf_timer_task_trigger)
    i.nrf_uart_errorsrc_get_and_clear        0x000200ec   Section        0  nrf_drv_uart.o(i.nrf_uart_errorsrc_get_and_clear)
    nrf_uart_errorsrc_get_and_clear          0x000200ed   Thumb Code    12  nrf_drv_uart.o(i.nrf_uart_errorsrc_get_and_clear)
    i.nrf_uart_event_check                   0x000200f8   Section        0  nrf_drv_uart.o(i.nrf_uart_event_check)
    nrf_uart_event_check                     0x000200f9   Thumb Code    14  nrf_drv_uart.o(i.nrf_uart_event_check)
    i.nrf_uart_event_clear                   0x00020106   Section        0  nrf_drv_uart.o(i.nrf_uart_event_clear)
    nrf_uart_event_clear                     0x00020107   Thumb Code     6  nrf_drv_uart.o(i.nrf_uart_event_clear)
    i.nrf_uart_int_disable                   0x0002010c   Section        0  nrf_drv_uart.o(i.nrf_uart_int_disable)
    nrf_uart_int_disable                     0x0002010d   Thumb Code     6  nrf_drv_uart.o(i.nrf_uart_int_disable)
    i.nrf_uart_int_enable_check              0x00020112   Section        0  nrf_drv_uart.o(i.nrf_uart_int_enable_check)
    nrf_uart_int_enable_check                0x00020113   Thumb Code    18  nrf_drv_uart.o(i.nrf_uart_int_enable_check)
    i.nrf_uart_task_trigger                  0x00020124   Section        0  nrf_drv_uart.o(i.nrf_uart_task_trigger)
    nrf_uart_task_trigger                    0x00020125   Thumb Code     6  nrf_drv_uart.o(i.nrf_uart_task_trigger)
    i.nrf_uarte_errorsrc_get_and_clear       0x0002012a   Section        0  nrf_drv_uart.o(i.nrf_uarte_errorsrc_get_and_clear)
    nrf_uarte_errorsrc_get_and_clear         0x0002012b   Thumb Code    12  nrf_drv_uart.o(i.nrf_uarte_errorsrc_get_and_clear)
    i.nrf_uarte_event_check                  0x00020136   Section        0  nrf_drv_uart.o(i.nrf_uarte_event_check)
    nrf_uarte_event_check                    0x00020137   Thumb Code    14  nrf_drv_uart.o(i.nrf_uarte_event_check)
    i.nrf_uarte_event_clear                  0x00020144   Section        0  nrf_drv_uart.o(i.nrf_uarte_event_clear)
    nrf_uarte_event_clear                    0x00020145   Thumb Code     6  nrf_drv_uart.o(i.nrf_uarte_event_clear)
    i.nrf_uarte_rx_amount_get                0x0002014a   Section        0  nrf_drv_uart.o(i.nrf_uarte_rx_amount_get)
    nrf_uarte_rx_amount_get                  0x0002014b   Thumb Code    10  nrf_drv_uart.o(i.nrf_uarte_rx_amount_get)
    i.nus_data_handler                       0x00020154   Section        0  main.o(i.nus_data_handler)
    nus_data_handler                         0x00020155   Thumb Code   210  main.o(i.nus_data_handler)
    i.on_adv_evt                             0x00020250   Section        0  main.o(i.on_adv_evt)
    on_adv_evt                               0x00020251   Thumb Code    56  main.o(i.on_adv_evt)
    i.on_ble_evt                             0x00020298   Section        0  main.o(i.on_ble_evt)
    on_ble_evt                               0x00020299   Thumb Code   192  main.o(i.on_ble_evt)
    i.on_conn_params_evt                     0x0002036c   Section        0  main.o(i.on_conn_params_evt)
    on_conn_params_evt                       0x0002036d   Thumb Code    44  main.o(i.on_conn_params_evt)
    i.on_conn_params_update                  0x000203ac   Section        0  ble_conn_params.o(i.on_conn_params_update)
    on_conn_params_update                    0x000203ad   Thumb Code    20  ble_conn_params.o(i.on_conn_params_update)
    i.on_connect                             0x000203c4   Section        0  ble_conn_params.o(i.on_connect)
    on_connect                               0x000203c5   Thumb Code    38  ble_conn_params.o(i.on_connect)
    i.on_connect                             0x000203fc   Section        0  ble_nus.o(i.on_connect)
    on_connect                               0x000203fd   Thumb Code     6  ble_nus.o(i.on_connect)
    i.on_disconnect                          0x00020404   Section        0  ble_conn_params.o(i.on_disconnect)
    on_disconnect                            0x00020405   Thumb Code    46  ble_conn_params.o(i.on_disconnect)
    i.on_disconnect                          0x00020444   Section        0  ble_nus.o(i.on_disconnect)
    on_disconnect                            0x00020445   Thumb Code     8  ble_nus.o(i.on_disconnect)
    i.on_write                               0x0002044c   Section        0  ble_conn_params.o(i.on_write)
    on_write                                 0x0002044d   Thumb Code    78  ble_conn_params.o(i.on_write)
    i.on_write                               0x000204a4   Section        0  ble_nus.o(i.on_write)
    on_write                                 0x000204a5   Thumb Code    80  ble_nus.o(i.on_write)
    i.peer_address_exists                    0x000204f4   Section        0  ble_advertising.o(i.peer_address_exists)
    peer_address_exists                      0x000204f5   Thumb Code    24  ble_advertising.o(i.peer_address_exists)
    i.pstorage_access_status_get             0x0002050c   Section        0  pstorage.o(i.pstorage_access_status_get)
    i.ram_end_address_get                    0x00020538   Section        0  softdevice_handler.o(i.ram_end_address_get)
    ram_end_address_get                      0x00020539   Thumb Code    16  softdevice_handler.o(i.ram_end_address_get)
    i.rtc1_compare0_set                      0x0002054c   Section        0  app_timer.o(i.rtc1_compare0_set)
    rtc1_compare0_set                        0x0002054d   Thumb Code     6  app_timer.o(i.rtc1_compare0_set)
    i.rtc1_counter_get                       0x00020558   Section        0  app_timer.o(i.rtc1_counter_get)
    rtc1_counter_get                         0x00020559   Thumb Code     6  app_timer.o(i.rtc1_counter_get)
    i.rtc1_init                              0x00020564   Section        0  app_timer.o(i.rtc1_init)
    rtc1_init                                0x00020565   Thumb Code    18  app_timer.o(i.rtc1_init)
    i.rtc1_start                             0x0002057c   Section        0  app_timer.o(i.rtc1_start)
    rtc1_start                               0x0002057d   Thumb Code    48  app_timer.o(i.rtc1_start)
    i.rtc1_stop                              0x000205b8   Section        0  app_timer.o(i.rtc1_stop)
    rtc1_stop                                0x000205b9   Thumb Code    68  app_timer.o(i.rtc1_stop)
    i.rx_byte                                0x00020610   Section        0  nrf_drv_uart.o(i.rx_byte)
    rx_byte                                  0x00020611   Thumb Code    68  nrf_drv_uart.o(i.rx_byte)
    i.rx_char_add                            0x00020660   Section        0  ble_nus.o(i.rx_char_add)
    rx_char_add                              0x00020661   Thumb Code   312  ble_nus.o(i.rx_char_add)
    i.rx_done_event                          0x00020798   Section        0  nrf_drv_uart.o(i.rx_done_event)
    rx_done_event                            0x00020799   Thumb Code    30  nrf_drv_uart.o(i.rx_done_event)
    i.saadc_event_handler                    0x000207bc   Section        0  main.o(i.saadc_event_handler)
    i.saadc_init                             0x000208d8   Section        0  main.o(i.saadc_init)
    i.saadc_sampling_event_enable            0x00020a18   Section        0  main.o(i.saadc_sampling_event_enable)
    i.saadc_sampling_event_init              0x00020a54   Section        0  main.o(i.saadc_sampling_event_init)
    i.sd_check_ram_start                     0x00020b6c   Section        0  softdevice_handler.o(i.sd_check_ram_start)
    i.sd_nvic_EnableIRQ                      0x00020c00   Section        0  softdevice_handler.o(i.sd_nvic_EnableIRQ)
    sd_nvic_EnableIRQ                        0x00020c01   Thumb Code   190  softdevice_handler.o(i.sd_nvic_EnableIRQ)
    i.sd_nvic_critical_region_enter          0x00020cd0   Section        0  app_util_platform.o(i.sd_nvic_critical_region_enter)
    sd_nvic_critical_region_enter            0x00020cd1   Thumb Code    90  app_util_platform.o(i.sd_nvic_critical_region_enter)
    i.sec_mgr_oob_flags_encode               0x00020d38   Section        0  ble_advdata.o(i.sec_mgr_oob_flags_encode)
    sec_mgr_oob_flags_encode                 0x00020d39   Thumb Code    54  ble_advdata.o(i.sec_mgr_oob_flags_encode)
    i.service_data_encode                    0x00020d6e   Section        0  ble_advdata.o(i.service_data_encode)
    service_data_encode                      0x00020d6f   Thumb Code   150  ble_advdata.o(i.service_data_encode)
    i.services_init                          0x00020e04   Section        0  main.o(i.services_init)
    services_init                            0x00020e05   Thumb Code    46  main.o(i.services_init)
    i.shiftRegInit                           0x00020e4c   Section        0  shiftreg.o(i.shiftRegInit)
    i.shiftRegLatch                          0x00020eb6   Section        0  shiftreg.o(i.shiftRegLatch)
    i.shiftRegPulse                          0x00020ed2   Section        0  shiftreg.o(i.shiftRegPulse)
    i.shiftRegWrite                          0x00020eee   Section        0  shiftreg.o(i.shiftRegWrite)
    i.sleep_mode_enter                       0x00020f60   Section        0  main.o(i.sleep_mode_enter)
    sleep_mode_enter                         0x00020f61   Thumb Code    94  main.o(i.sleep_mode_enter)
    i.softdevice_ble_evt_handler_set         0x00020fd0   Section        0  softdevice_handler.o(i.softdevice_ble_evt_handler_set)
    i.softdevice_enable                      0x00020fe8   Section        0  softdevice_handler.o(i.softdevice_enable)
    i.softdevice_enable_get_default_config   0x000210ec   Section        0  softdevice_handler.o(i.softdevice_enable_get_default_config)
    i.softdevice_fault_handler               0x00021118   Section        0  softdevice_handler.o(i.softdevice_fault_handler)
    i.softdevice_handler_init                0x0002112c   Section        0  softdevice_handler.o(i.softdevice_handler_init)
    i.softdevice_sys_evt_handler_set         0x00021194   Section        0  softdevice_handler.o(i.softdevice_sys_evt_handler_set)
    i.srdata_check                           0x000211ac   Section        0  ble_advdata.o(i.srdata_check)
    srdata_check                             0x000211ad   Thumb Code    14  ble_advdata.o(i.srdata_check)
    i.startup_event_extract                  0x000211ba   Section        0  bsp_btn_ble.o(i.startup_event_extract)
    startup_event_extract                    0x000211bb   Thumb Code    76  bsp_btn_ble.o(i.startup_event_extract)
    i.sys_evt_dispatch                       0x00021206   Section        0  main.o(i.sys_evt_dispatch)
    sys_evt_dispatch                         0x00021207   Thumb Code    12  main.o(i.sys_evt_dispatch)
    i.ticks_diff_get                         0x00021212   Section        0  app_timer.o(i.ticks_diff_get)
    ticks_diff_get                           0x00021213   Thumb Code    10  app_timer.o(i.ticks_diff_get)
    i.timeout_handler_exec                   0x0002121c   Section        0  app_timer.o(i.timeout_handler_exec)
    timeout_handler_exec                     0x0002121d   Thumb Code    56  app_timer.o(i.timeout_handler_exec)
    i.timer_light_show_handler               0x00021288   Section        0  main.o(i.timer_light_show_handler)
    i.timer_list_handler                     0x000214f4   Section        0  app_timer.o(i.timer_list_handler)
    timer_list_handler                       0x000214f5   Thumb Code    72  app_timer.o(i.timer_list_handler)
    i.timer_list_handler_sched               0x00021548   Section        0  app_timer.o(i.timer_list_handler_sched)
    timer_list_handler_sched                 0x00021549   Thumb Code    10  app_timer.o(i.timer_list_handler_sched)
    i.timer_list_insert                      0x00021554   Section        0  app_timer.o(i.timer_list_insert)
    timer_list_insert                        0x00021555   Thumb Code    98  app_timer.o(i.timer_list_insert)
    i.timer_list_remove                      0x000215bc   Section        0  app_timer.o(i.timer_list_remove)
    timer_list_remove                        0x000215bd   Thumb Code    90  app_timer.o(i.timer_list_remove)
    i.timer_start_op_schedule                0x00021628   Section        0  app_timer.o(i.timer_start_op_schedule)
    timer_start_op_schedule                  0x00021629   Thumb Code    86  app_timer.o(i.timer_start_op_schedule)
    i.timer_stop_op_schedule                 0x00021684   Section        0  app_timer.o(i.timer_stop_op_schedule)
    timer_stop_op_schedule                   0x00021685   Thumb Code    58  app_timer.o(i.timer_stop_op_schedule)
    i.timer_timeouts_check                   0x000216c4   Section        0  app_timer.o(i.timer_timeouts_check)
    timer_timeouts_check                     0x000216c5   Thumb Code   130  app_timer.o(i.timer_timeouts_check)
    i.timer_timeouts_check_sched             0x0002175c   Section        0  app_timer.o(i.timer_timeouts_check_sched)
    timer_timeouts_check_sched               0x0002175d   Thumb Code    10  app_timer.o(i.timer_timeouts_check_sched)
    i.timeslot_init                          0x00021768   Section        0  main.o(i.timeslot_init)
    timeslot_init                            0x00021769   Thumb Code    60  main.o(i.timeslot_init)
    i.tk_value_encode                        0x000217b0   Section        0  ble_advdata.o(i.tk_value_encode)
    tk_value_encode                          0x000217b1   Thumb Code    70  ble_advdata.o(i.tk_value_encode)
    i.tx_byte                                0x000217f8   Section        0  nrf_drv_uart.o(i.tx_byte)
    tx_byte                                  0x000217f9   Thumb Code    42  nrf_drv_uart.o(i.tx_byte)
    i.tx_char_add                            0x00021830   Section        0  ble_nus.o(i.tx_char_add)
    tx_char_add                              0x00021831   Thumb Code   238  ble_nus.o(i.tx_char_add)
    i.tx_done_event                          0x00021920   Section        0  nrf_drv_uart.o(i.tx_done_event)
    tx_done_event                            0x00021921   Thumb Code    38  nrf_drv_uart.o(i.tx_done_event)
    i.tx_power_level_encode                  0x0002194c   Section        0  ble_advdata.o(i.tx_power_level_encode)
    tx_power_level_encode                    0x0002194d   Thumb Code    54  ble_advdata.o(i.tx_power_level_encode)
    i.uart_irq_handler                       0x00021984   Section        0  nrf_drv_uart.o(i.uart_irq_handler)
    uart_irq_handler                         0x00021985   Thumb Code   342  nrf_drv_uart.o(i.uart_irq_handler)
    i.uarte_irq_handler                      0x00021ae4   Section        0  nrf_drv_uart.o(i.uarte_irq_handler)
    uarte_irq_handler                        0x00021ae5   Thumb Code   286  nrf_drv_uart.o(i.uarte_irq_handler)
    i.uint16_encode                          0x00021c10   Section        0  ble_advdata.o(i.uint16_encode)
    uint16_encode                            0x00021c11   Thumb Code    12  ble_advdata.o(i.uint16_encode)
    i.update_timeout_handler                 0x00021c1c   Section        0  ble_conn_params.o(i.update_timeout_handler)
    update_timeout_handler                   0x00021c1d   Thumb Code   126  ble_conn_params.o(i.update_timeout_handler)
    i.user_id_get                            0x00021cac   Section        0  app_timer.o(i.user_id_get)
    user_id_get                              0x00021cad   Thumb Code    78  app_timer.o(i.user_id_get)
    i.user_op_alloc                          0x00021d04   Section        0  app_timer.o(i.user_op_alloc)
    user_op_alloc                            0x00021d05   Thumb Code    48  app_timer.o(i.user_op_alloc)
    i.user_op_enque                          0x00021d34   Section        0  app_timer.o(i.user_op_enque)
    user_op_enque                            0x00021d35   Thumb Code     4  app_timer.o(i.user_op_enque)
    i.uuid_list_encode                       0x00021d38   Section        0  ble_advdata.o(i.uuid_list_encode)
    uuid_list_encode                         0x00021d39   Thumb Code    78  ble_advdata.o(i.uuid_list_encode)
    i.uuid_list_sized_encode                 0x00021d86   Section        0  ble_advdata.o(i.uuid_list_sized_encode)
    uuid_list_sized_encode                   0x00021d87   Thumb Code   220  ble_advdata.o(i.uuid_list_sized_encode)
    i.whitelist_has_entries                  0x00021e62   Section        0  ble_advertising.o(i.whitelist_has_entries)
    whitelist_has_entries                    0x00021e63   Thumb Code    18  ble_advertising.o(i.whitelist_has_entries)
    .constdata                               0x00021e74   Section       36  main.o(.constdata)
    m_timer                                  0x00021e74   Data           8  main.o(.constdata)
    .constdata                               0x00021e98   Section        4  ble_conn_params.o(.constdata)
    m_conn_params_timer_id                   0x00021e98   Data           4  ble_conn_params.o(.constdata)
    .constdata                               0x00021e9c   Section       16  ble_nus.o(.constdata)
    .constdata                               0x00021eac   Section        3  nrf_drv_saadc.o(.constdata)
    m_default_config                         0x00021eac   Data           3  nrf_drv_saadc.o(.constdata)
    .constdata                               0x00021eb0   Section       16  nrf_drv_timer.o(.constdata)
    m_default_config                         0x00021eb0   Data          16  nrf_drv_timer.o(.constdata)
    .constdata                               0x00021ec0   Section       16  segger_rtt_printf.o(.constdata)
    _aV2C                                    0x00021ec0   Data          16  segger_rtt_printf.o(.constdata)
    .conststring                             0x00021ed0   Section       78  softdevice_handler.o(.conststring)
    .data                                    0x20001fe8   Section       74  main.o(.data)
    m_ppi_channel                            0x20001fe8   Data           1  main.o(.data)
    m_conn_handle                            0x20001fea   Data           2  main.o(.data)
    m_adv_uuids                              0x20001fec   Data           4  main.o(.data)
    cube_shaking                             0x20001ff0   Data           1  main.o(.data)
    eddystone_url_data                       0x20001ff1   Data          14  main.o(.data)
    movement_counter                         0x20001fff   Data           1  main.o(.data)
    i                                        0x2000202c   Data           4  main.o(.data)
    adc_result_last                          0x20002030   Data           2  main.o(.data)
    .data                                    0x20002034   Section        8  bsp_btn_ble.o(.data)
    m_error_handler                          0x20002034   Data           4  bsp_btn_ble.o(.data)
    m_num_connections                        0x20002038   Data           4  bsp_btn_ble.o(.data)
    .data                                    0x2000203c   Section       32  ble_advertising.o(.data)
    m_advertising_start_pending              0x2000203c   Data           1  ble_advertising.o(.data)
    m_peer_address                           0x2000203d   Data           7  ble_advertising.o(.data)
    m_adv_evt                                0x20002044   Data           1  ble_advertising.o(.data)
    m_evt_handler                            0x20002048   Data           4  ble_advertising.o(.data)
    m_error_handler                          0x2000204c   Data           4  ble_advertising.o(.data)
    m_adv_mode_current                       0x20002050   Data           1  ble_advertising.o(.data)
    m_whitelist_temporarily_disabled         0x20002051   Data           1  ble_advertising.o(.data)
    m_whitelist_reply_expected               0x20002052   Data           1  ble_advertising.o(.data)
    m_peer_addr_reply_expected               0x20002053   Data           1  ble_advertising.o(.data)
    m_slave_conn_int                         0x20002054   Data           4  ble_advertising.o(.data)
    m_tx_power_level                         0x20002058   Data           1  ble_advertising.o(.data)
    current_slave_link_conn_handle           0x2000205a   Data           2  ble_advertising.o(.data)
    .data                                    0x2000205c   Section       21  ble_conn_params.o(.data)
    m_preferred_conn_params                  0x2000205c   Data           8  ble_conn_params.o(.data)
    m_update_count                           0x20002064   Data           1  ble_conn_params.o(.data)
    m_conn_handle                            0x20002066   Data           2  ble_conn_params.o(.data)
    m_current_conn_params                    0x20002068   Data           8  ble_conn_params.o(.data)
    m_change_param                           0x20002070   Data           1  ble_conn_params.o(.data)
    .data                                    0x20002074   Section        9  advertiser_beacon_timeslot.o(.data)
    signal_callback_return_param             0x20002074   Data           8  advertiser_beacon_timeslot.o(.data)
    mode                                     0x2000207c   Data           1  advertiser_beacon_timeslot.o(.data)
    .data                                    0x20002080   Section       40  pstorage.o(.data)
    m_next_app_instance                      0x20002080   Data           2  pstorage.o(.data)
    m_next_page_addr                         0x20002084   Data           4  pstorage.o(.data)
    m_state                                  0x20002088   Data           1  pstorage.o(.data)
    m_swap_sub_state                         0x20002089   Data           1  pstorage.o(.data)
    m_head_word_size                         0x2000208c   Data           4  pstorage.o(.data)
    m_tail_word_size                         0x20002090   Data           4  pstorage.o(.data)
    m_current_page_id                        0x20002094   Data           4  pstorage.o(.data)
    m_num_of_command_retries                 0x20002098   Data           4  pstorage.o(.data)
    m_num_of_bytes_written                   0x2000209c   Data           4  pstorage.o(.data)
    m_app_data_size                          0x200020a0   Data           4  pstorage.o(.data)
    m_flags                                  0x200020a4   Data           4  pstorage.o(.data)
    .data                                    0x200020a8   Section        9  nrf_drv_ppi.o(.data)
    m_drv_state                              0x200020a8   Data           1  nrf_drv_ppi.o(.data)
    m_channels_allocated                     0x200020ac   Data           4  nrf_drv_ppi.o(.data)
    m_groups_allocated                       0x200020b0   Data           1  nrf_drv_ppi.o(.data)
    .data                                    0x200020b4   Section       34  app_timer.o(.data)
    m_user_array_size                        0x200020b4   Data           1  app_timer.o(.data)
    mp_users                                 0x200020b8   Data           4  app_timer.o(.data)
    mp_timer_id_head                         0x200020bc   Data           4  app_timer.o(.data)
    m_ticks_latest                           0x200020c0   Data           4  app_timer.o(.data)
    m_ticks_elapsed                          0x200020c4   Data           8  app_timer.o(.data)
    m_ticks_elapsed_q_read_ind               0x200020cc   Data           1  app_timer.o(.data)
    m_ticks_elapsed_q_write_ind              0x200020cd   Data           1  app_timer.o(.data)
    m_evt_schedule_func                      0x200020d0   Data           4  app_timer.o(.data)
    m_rtc1_running                           0x200020d4   Data           1  app_timer.o(.data)
    m_rtc1_reset                             0x200020d5   Data           1  app_timer.o(.data)
    .data                                    0x200020d6   Section        4  nrf_log.o(.data)
    initialized                              0x200020d6   Data           1  nrf_log.o(.data)
    hex_string                               0x200020d7   Data           3  nrf_log.o(.data)
    .data                                    0x200020dc   Section       24  softdevice_handler.o(.data)
    m_evt_schedule_func                      0x200020dc   Data           4  softdevice_handler.o(.data)
    m_softdevice_enabled                     0x200020e0   Data           1  softdevice_handler.o(.data)
    mp_ble_evt_buffer                        0x200020e4   Data           4  softdevice_handler.o(.data)
    m_ble_evt_buffer_size                    0x200020e8   Data           2  softdevice_handler.o(.data)
    m_ble_evt_handler                        0x200020ec   Data           4  softdevice_handler.o(.data)
    m_sys_evt_handler                        0x200020f0   Data           4  softdevice_handler.o(.data)
    .data                                    0x200020f4   Section        4  system_nrf52.o(.data)
    __tagsym$$used                           0x200020f4   Number         0  system_nrf52.o(.data)
    .bss                                     0x200020f8   Section      592  main.o(.bss)
    m_nus                                    0x200020f8   Data          28  main.o(.bss)
    m_buffer_pool                            0x20002114   Data          12  main.o(.bss)
    BLE_EVT_BUFFER                           0x20002120   Data          72  main.o(.bss)
    beacon_init                              0x20002168   Data          24  main.o(.bss)
    APP_TIMER_BUF                            0x20002180   Data         456  main.o(.bss)
    .bss                                     0x20002348   Section      259  ble_advertising.o(.bss)
    m_advdata                                0x20002348   Data          56  ble_advertising.o(.bss)
    m_adv_modes_config                       0x20002380   Data          36  ble_advertising.o(.bss)
    m_whitelist                              0x200023a4   Data          16  ble_advertising.o(.bss)
    mp_whitelist_addr                        0x200023b4   Data          32  ble_advertising.o(.bss)
    mp_whitelist_irk                         0x200023d4   Data          32  ble_advertising.o(.bss)
    m_manuf_specific_data                    0x200023f4   Data          12  ble_advertising.o(.bss)
    m_manuf_data_array                       0x20002400   Data          31  ble_advertising.o(.bss)
    m_service_data                           0x20002420   Data          12  ble_advertising.o(.bss)
    m_service_data_array                     0x2000242c   Data          31  ble_advertising.o(.bss)
    .bss                                     0x2000244c   Section       60  ble_conn_params.o(.bss)
    m_conn_params_config                     0x2000244c   Data          28  ble_conn_params.o(.bss)
    m_conn_params_timer_id_data              0x20002468   Data          32  ble_conn_params.o(.bss)
    .bss                                     0x20002488   Section       88  advertiser_beacon_timeslot.o(.bss)
    m_beacon                                 0x20002488   Data          48  advertiser_beacon_timeslot.o(.bss)
    adv_pdu                                  0x200024b8   Data          40  advertiser_beacon_timeslot.o(.bss)
    .bss                                     0x200024e0   Section       88  nrf_drv_gpiote.o(.bss)
    m_cb                                     0x200024e0   Data          88  nrf_drv_gpiote.o(.bss)
    .bss                                     0x20002538   Section       32  nrf_drv_uart.o(.bss)
    m_cb                                     0x20002538   Data          32  nrf_drv_uart.o(.bss)
    .bss                                     0x20002558   Section      216  pstorage.o(.bss)
    m_cmd_queue                              0x20002558   Data         204  pstorage.o(.bss)
    m_app_table                              0x20002624   Data          12  pstorage.o(.bss)
    .bss                                     0x20002630   Section       44  nrf_drv_saadc.o(.bss)
    m_cb                                     0x20002630   Data          44  nrf_drv_saadc.o(.bss)
    .bss                                     0x2000265c   Section       24  nrf_drv_timer.o(.bss)
    m_cb                                     0x2000265c   Data          24  nrf_drv_timer.o(.bss)
    .bss                                     0x20002674   Section       32  app_error.o(.bss)
    m_error_data                             0x20002674   Data          32  app_error.o(.bss)
    .bss                                     0x20002694   Section       88  fstorage.o(.bss)
    m_queue                                  0x20002694   Data          88  fstorage.o(.bss)
    .bss                                     0x200026ec   Section     1051  nrf_log.o(.bss)
    buf_normal_up                            0x200026ec   Data        1024  nrf_log.o(.bss)
    buf_down                                 0x20002aec   Data          16  nrf_log.o(.bss)
    hex_string                               0x20002afc   Data          11  nrf_log.o(.bss)
    .bss                                     0x20002b08   Section     1160  segger_rtt.o(.bss)
    _acUpBuffer                              0x20002b08   Data        1024  segger_rtt.o(.bss)
    _acDownBuffer                            0x20002f08   Data          16  segger_rtt.o(.bss)
    .bss                                     0x20002f90   Section       12  softdevice_handler.o(.bss)
    STACK                                    0x20002fa0   Section     8192  arm_startup_nrf52.o(STACK)

    Global Symbols

    Symbol Name                              Value     Ov Type        Size  Object(Section)

    BuildAttributes$$THM_ISAv4$E$P$D$K$B$S$7EM$VFPi3$EXTD16$VFPS$VFMA$PE$A:L22UL41UL21$X:L11$S22US41US21$IEEE1$IW$USESV6$~STKCKD$USESV7$~SHL$OSPACE$EBA8$MICROLIB$REQ8$PRES8$EABIv2 0x00000000   Number         0  anon$$obj.o ABSOLUTE
    __ARM_use_no_argv                        0x00000000   Number         0  main.o ABSOLUTE
    __cpp_initialize__aeabi_                  - Undefined Weak Reference
    __cxa_finalize                            - Undefined Weak Reference
    __decompress                              - Undefined Weak Reference
    _clock_init                               - Undefined Weak Reference
    _microlib_exit                            - Undefined Weak Reference
    fs_data$$Base                             - Undefined Reference
    fs_data$$Limit                            - Undefined Reference
    __Vectors_Size                           0x00000400   Number         0  arm_startup_nrf52.o ABSOLUTE
    __Vectors                                0x0001c000   Data           4  arm_startup_nrf52.o(RESET)
    __Vectors_End                            0x0001c400   Data           0  arm_startup_nrf52.o(RESET)
    __main                                   0x0001c401   Thumb Code     0  entry.o(.ARM.Collect$$$$00000000)
    _main_stk                                0x0001c401   Thumb Code     0  entry2.o(.ARM.Collect$$$$00000001)
    _main_scatterload                        0x0001c405   Thumb Code     0  entry5.o(.ARM.Collect$$$$00000004)
    __main_after_scatterload                 0x0001c409   Thumb Code     0  entry5.o(.ARM.Collect$$$$00000004)
    _main_clock                              0x0001c409   Thumb Code     0  entry7b.o(.ARM.Collect$$$$00000008)
    _main_cpp_init                           0x0001c409   Thumb Code     0  entry8b.o(.ARM.Collect$$$$0000000A)
    _main_init                               0x0001c409   Thumb Code     0  entry9a.o(.ARM.Collect$$$$0000000B)
    __rt_final_cpp                           0x0001c411   Thumb Code     0  entry10a.o(.ARM.Collect$$$$0000000D)
    __rt_final_exit                          0x0001c411   Thumb Code     0  entry11a.o(.ARM.Collect$$$$0000000F)
    __asm___11_nrf_delay_c_532987f3__nrf_delay_us 0x0001c415   Thumb Code   118  nrf_delay.o(.emb_text)
    __asm___11_app_timer_c_cd27f9c3__nrf_delay_us 0x0001c48d   Thumb Code   118  app_timer.o(.emb_text)
    Reset_Handler                            0x0001c505   Thumb Code     8  arm_startup_nrf52.o(.text)
    NMI_Handler                              0x0001c50d   Thumb Code     2  arm_startup_nrf52.o(.text)
    HardFault_Handler                        0x0001c50f   Thumb Code     2  arm_startup_nrf52.o(.text)
    MemoryManagement_Handler                 0x0001c511   Thumb Code     2  arm_startup_nrf52.o(.text)
    BusFault_Handler                         0x0001c513   Thumb Code     2  arm_startup_nrf52.o(.text)
    UsageFault_Handler                       0x0001c515   Thumb Code     2  arm_startup_nrf52.o(.text)
    SVC_Handler                              0x0001c517   Thumb Code     2  arm_startup_nrf52.o(.text)
    DebugMonitor_Handler                     0x0001c519   Thumb Code     2  arm_startup_nrf52.o(.text)
    PendSV_Handler                           0x0001c51b   Thumb Code     2  arm_startup_nrf52.o(.text)
    SysTick_Handler                          0x0001c51d   Thumb Code     2  arm_startup_nrf52.o(.text)
    CCM_AAR_IRQHandler                       0x0001c51f   Thumb Code     0  arm_startup_nrf52.o(.text)
    COMP_LPCOMP_IRQHandler                   0x0001c51f   Thumb Code     0  arm_startup_nrf52.o(.text)
    ECB_IRQHandler                           0x0001c51f   Thumb Code     0  arm_startup_nrf52.o(.text)
    FPU_IRQHandler                           0x0001c51f   Thumb Code     0  arm_startup_nrf52.o(.text)
    I2S_IRQHandler                           0x0001c51f   Thumb Code     0  arm_startup_nrf52.o(.text)
    MWU_IRQHandler                           0x0001c51f   Thumb Code     0  arm_startup_nrf52.o(.text)
    NFCT_IRQHandler                          0x0001c51f   Thumb Code     0  arm_startup_nrf52.o(.text)
    PDM_IRQHandler                           0x0001c51f   Thumb Code     0  arm_startup_nrf52.o(.text)
    POWER_CLOCK_IRQHandler                   0x0001c51f   Thumb Code     0  arm_startup_nrf52.o(.text)
    PWM0_IRQHandler                          0x0001c51f   Thumb Code     0  arm_startup_nrf52.o(.text)
    PWM1_IRQHandler                          0x0001c51f   Thumb Code     0  arm_startup_nrf52.o(.text)
    PWM2_IRQHandler                          0x0001c51f   Thumb Code     0  arm_startup_nrf52.o(.text)
    QDEC_IRQHandler                          0x0001c51f   Thumb Code     0  arm_startup_nrf52.o(.text)
    RADIO_IRQHandler                         0x0001c51f   Thumb Code     0  arm_startup_nrf52.o(.text)
    RNG_IRQHandler                           0x0001c51f   Thumb Code     0  arm_startup_nrf52.o(.text)
    RTC0_IRQHandler                          0x0001c51f   Thumb Code     0  arm_startup_nrf52.o(.text)
    RTC2_IRQHandler                          0x0001c51f   Thumb Code     0  arm_startup_nrf52.o(.text)
    SPIM0_SPIS0_TWIM0_TWIS0_SPI0_TWI0_IRQHandler 0x0001c51f   Thumb Code     0  arm_startup_nrf52.o(.text)
    SPIM1_SPIS1_TWIM1_TWIS1_SPI1_TWI1_IRQHandler 0x0001c51f   Thumb Code     0  arm_startup_nrf52.o(.text)
    SPIM2_SPIS2_SPI2_IRQHandler              0x0001c51f   Thumb Code     0  arm_startup_nrf52.o(.text)
    SWI1_EGU1_IRQHandler                     0x0001c51f   Thumb Code     0  arm_startup_nrf52.o(.text)
    SWI3_EGU3_IRQHandler                     0x0001c51f   Thumb Code     0  arm_startup_nrf52.o(.text)
    SWI4_EGU4_IRQHandler                     0x0001c51f   Thumb Code     0  arm_startup_nrf52.o(.text)
    SWI5_EGU5_IRQHandler                     0x0001c51f   Thumb Code     0  arm_startup_nrf52.o(.text)
    TEMP_IRQHandler                          0x0001c51f   Thumb Code     0  arm_startup_nrf52.o(.text)
    TIMER2_IRQHandler                        0x0001c51f   Thumb Code     0  arm_startup_nrf52.o(.text)
    TIMER3_IRQHandler                        0x0001c51f   Thumb Code     0  arm_startup_nrf52.o(.text)
    TIMER4_IRQHandler                        0x0001c51f   Thumb Code     0  arm_startup_nrf52.o(.text)
    WDT_IRQHandler                           0x0001c51f   Thumb Code     0  arm_startup_nrf52.o(.text)
    __aeabi_memcpy                           0x0001c529   Thumb Code    36  memcpya.o(.text)
    __aeabi_memcpy4                          0x0001c529   Thumb Code     0  memcpya.o(.text)
    __aeabi_memcpy8                          0x0001c529   Thumb Code     0  memcpya.o(.text)
    __aeabi_memset                           0x0001c54d   Thumb Code    14  memseta.o(.text)
    __aeabi_memset4                          0x0001c54d   Thumb Code     0  memseta.o(.text)
    __aeabi_memset8                          0x0001c54d   Thumb Code     0  memseta.o(.text)
    __aeabi_memclr                           0x0001c55b   Thumb Code     4  memseta.o(.text)
    __aeabi_memclr4                          0x0001c55b   Thumb Code     0  memseta.o(.text)
    __aeabi_memclr8                          0x0001c55b   Thumb Code     0  memseta.o(.text)
    _memset$wrapper                          0x0001c55f   Thumb Code    18  memseta.o(.text)
    strcpy                                   0x0001c571   Thumb Code    18  strcpy.o(.text)
    __scatterload                            0x0001c585   Thumb Code    28  init.o(.text)
    __scatterload_rt2                        0x0001c585   Thumb Code     0  init.o(.text)
    GPIOTE_IRQHandler                        0x0001c5a9   Thumb Code   420  nrf_drv_gpiote.o(i.GPIOTE_IRQHandler)
    RTC1_IRQHandler                          0x0001c811   Thumb Code    44  app_timer.o(i.RTC1_IRQHandler)
    SAADC_IRQHandler                         0x0001c845   Thumb Code   208  nrf_drv_saadc.o(i.SAADC_IRQHandler)
    SEGGER_RTT_ConfigDownBuffer              0x0001c91d   Thumb Code   142  segger_rtt.o(i.SEGGER_RTT_ConfigDownBuffer)
    SEGGER_RTT_ConfigUpBuffer                0x0001c9b1   Thumb Code   142  segger_rtt.o(i.SEGGER_RTT_ConfigUpBuffer)
    SEGGER_RTT_Write                         0x0001ca45   Thumb Code    46  segger_rtt.o(i.SEGGER_RTT_Write)
    SEGGER_RTT_WriteNoLock                   0x0001ca79   Thumb Code   126  segger_rtt.o(i.SEGGER_RTT_WriteNoLock)
    SEGGER_RTT_printf                        0x0001cafd   Thumb Code    26  segger_rtt_printf.o(i.SEGGER_RTT_printf)
    SEGGER_RTT_vprintf                       0x0001cb17   Thumb Code   522  segger_rtt_printf.o(i.SEGGER_RTT_vprintf)
    SWI0_EGU0_IRQHandler                     0x0001cd21   Thumb Code     8  app_timer.o(i.SWI0_EGU0_IRQHandler)
    SWI2_EGU2_IRQHandler                     0x0001cd29   Thumb Code    48  softdevice_handler.o(i.SWI2_EGU2_IRQHandler)
    SystemCoreClockUpdate                    0x0001cd61   Thumb Code     8  system_nrf52.o(i.SystemCoreClockUpdate)
    SystemInit                               0x0001cd71   Thumb Code   526  system_nrf52.o(i.SystemInit)
    TIMER0_IRQHandler                        0x0001cfb1   Thumb Code    14  nrf_drv_timer.o(i.TIMER0_IRQHandler)
    TIMER1_IRQHandler                        0x0001cfc9   Thumb Code    14  nrf_drv_timer.o(i.TIMER1_IRQHandler)
    UARTE0_UART0_IRQHandler                  0x0001cfe1   Thumb Code    20  nrf_drv_uart.o(i.UARTE0_UART0_IRQHandler)
    __scatterload_copy                       0x0001d35f   Thumb Code    14  handlers.o(i.__scatterload_copy)
    __scatterload_null                       0x0001d36d   Thumb Code     2  handlers.o(i.__scatterload_null)
    __scatterload_zeroinit                   0x0001d36f   Thumb Code    14  handlers.o(i.__scatterload_zeroinit)
    adv_data_encode                          0x0001d389   Thumb Code   454  ble_advdata.o(i.adv_data_encode)
    app_beacon_init                          0x0001d641   Thumb Code    58  advertiser_beacon_timeslot.o(i.app_beacon_init)
    app_beacon_on_sys_evt                    0x0001d695   Thumb Code   108  advertiser_beacon_timeslot.o(i.app_beacon_on_sys_evt)
    app_beacon_start                         0x0001d721   Thumb Code    82  advertiser_beacon_timeslot.o(i.app_beacon_start)
    app_error_fault_handler                  0x0001d791   Thumb Code    26  app_error_weak.o(i.app_error_fault_handler)
    app_error_handler                        0x0001d7ab   Thumb Code    32  app_error.o(i.app_error_handler)
    app_error_save_and_stop                  0x0001d7cd   Thumb Code   132  app_error.o(i.app_error_save_and_stop)
    app_timer_create                         0x0001d855   Thumb Code    56  app_timer.o(i.app_timer_create)
    app_timer_init                           0x0001d891   Thumb Code   154  app_timer.o(i.app_timer_init)
    app_timer_start                          0x0001d949   Thumb Code    84  app_timer.o(i.app_timer_start)
    app_timer_stop                           0x0001d9a1   Thumb Code    48  app_timer.o(i.app_timer_stop)
    app_util_critical_region_enter           0x0001d9d5   Thumb Code    12  app_util_platform.o(i.app_util_critical_region_enter)
    app_util_critical_region_exit            0x0001d9e1   Thumb Code    62  app_util_platform.o(i.app_util_critical_region_exit)
    ble_advdata_set                          0x0001dab9   Thumb Code   148  ble_advdata.o(i.ble_advdata_set)
    ble_advertising_init                     0x0001db4d   Thumb Code   324  ble_advertising.o(i.ble_advertising_init)
    ble_advertising_on_ble_evt               0x0001dcc9   Thumb Code   224  ble_advertising.o(i.ble_advertising_on_ble_evt)
    ble_advertising_restart_without_whitelist 0x0001ddd1   Thumb Code    98  ble_advertising.o(i.ble_advertising_restart_without_whitelist)
    ble_advertising_start                    0x0001de49   Thumb Code   604  ble_advertising.o(i.ble_advertising_start)
    ble_conn_params_init                     0x0001e0d1   Thumb Code    84  ble_conn_params.o(i.ble_conn_params_init)
    ble_conn_params_on_ble_evt               0x0001e141   Thumb Code    62  ble_conn_params.o(i.ble_conn_params_on_ble_evt)
    ble_nus_init                             0x0001e221   Thumb Code   148  ble_nus.o(i.ble_nus_init)
    ble_nus_on_ble_evt                       0x0001e2b9   Thumb Code    66  ble_nus.o(i.ble_nus_on_ble_evt)
    ble_nus_string_send                      0x0001e2fb   Thumb Code    86  ble_nus.o(i.ble_nus_string_send)
    bsp_btn_ble_init                         0x0001e539   Thumb Code    48  bsp_btn_ble.o(i.bsp_btn_ble_init)
    bsp_btn_ble_on_ble_evt                   0x0001e571   Thumb Code   110  bsp_btn_ble.o(i.bsp_btn_ble_on_ble_evt)
    bsp_btn_ble_sleep_mode_prepare           0x0001e5e9   Thumb Code    28  bsp_btn_ble.o(i.bsp_btn_ble_sleep_mode_prepare)
    bsp_button_is_pressed                    0x0001e605   Thumb Code     8  bsp.o(i.bsp_button_is_pressed)
    bsp_event_handler                        0x0001e60d   Thumb Code   104  main.o(i.bsp_event_handler)
    bsp_event_to_button_action_assign        0x0001e689   Thumb Code    10  bsp.o(i.bsp_event_to_button_action_assign)
    bsp_indication_set                       0x0001e693   Thumb Code     6  bsp.o(i.bsp_indication_set)
    bsp_init                                 0x0001e699   Thumb Code     8  bsp.o(i.bsp_init)
    bsp_wakeup_buttons_set                   0x0001e6a1   Thumb Code     6  bsp.o(i.bsp_wakeup_buttons_set)
    btnCounter                               0x0001e6a7   Thumb Code    16  shiftreg.o(i.btnCounter)
    fs_queued_op_count_get                   0x0001eccd   Thumb Code    18  fstorage.o(i.fs_queued_op_count_get)
    intern_softdevice_events_execute         0x0001ed7d   Thumb Code   150  softdevice_handler.o(i.intern_softdevice_events_execute)
    log_rtt_init                             0x0001f10d   Thumb Code    64  nrf_log.o(i.log_rtt_init)
    log_rtt_printf                           0x0001f169   Thumb Code    30  nrf_log.o(i.log_rtt_printf)
    m_configure_next_event                   0x0001f189   Thumb Code    34  advertiser_beacon_timeslot.o(i.m_configure_next_event)
    m_handle_radio_disabled                  0x0001f351   Thumb Code    82  advertiser_beacon_timeslot.o(i.m_handle_radio_disabled)
    m_handle_start                           0x0001f3b1   Thumb Code    34  advertiser_beacon_timeslot.o(i.m_handle_start)
    m_request_earliest                       0x0001f3e1   Thumb Code    32  advertiser_beacon_timeslot.o(i.m_request_earliest)
    main                                     0x0001f4e5   Thumb Code   642  main.o(i.main)
    nrf_delay_ms                             0x0001f95d   Thumb Code    26  nrf_delay.o(i.nrf_delay_ms)
    nrf_drv_common_irq_enable                0x0001f979   Thumb Code    84  nrf_drv_common.o(i.nrf_drv_common_irq_enable)
    nrf_drv_ppi_channel_alloc                0x0001f9e5   Thumb Code   100  nrf_drv_ppi.o(i.nrf_drv_ppi_channel_alloc)
    nrf_drv_ppi_channel_assign               0x0001fa51   Thumb Code    72  nrf_drv_ppi.o(i.nrf_drv_ppi_channel_assign)
    nrf_drv_ppi_channel_enable               0x0001fa9d   Thumb Code    52  nrf_drv_ppi.o(i.nrf_drv_ppi_channel_enable)
    nrf_drv_ppi_init                         0x0001fadd   Thumb Code    20  nrf_drv_ppi.o(i.nrf_drv_ppi_init)
    nrf_drv_saadc_buffer_convert             0x0001faf5   Thumb Code   134  nrf_drv_saadc.o(i.nrf_drv_saadc_buffer_convert)
    nrf_drv_saadc_channel_init               0x0001fb81   Thumb Code    84  nrf_drv_saadc.o(i.nrf_drv_saadc_channel_init)
    nrf_drv_saadc_init                       0x0001fbd9   Thumb Code   114  nrf_drv_saadc.o(i.nrf_drv_saadc_init)
    nrf_drv_timer_compare                    0x0001fc59   Thumb Code    56  nrf_drv_timer.o(i.nrf_drv_timer_compare)
    nrf_drv_timer_enable                     0x0001fc91   Thumb Code    30  nrf_drv_timer.o(i.nrf_drv_timer_enable)
    nrf_drv_timer_extended_compare           0x0001fcb5   Thumb Code    66  nrf_drv_timer.o(i.nrf_drv_timer_extended_compare)
    nrf_drv_timer_init                       0x0001fcf9   Thumb Code   232  nrf_drv_timer.o(i.nrf_drv_timer_init)
    nrf_saadc_channel_init                   0x0001ffed   Thumb Code    98  nrf_saadc.o(i.nrf_saadc_channel_init)
    pstorage_access_status_get               0x0002050d   Thumb Code    36  pstorage.o(i.pstorage_access_status_get)
    saadc_event_handler                      0x000207bd   Thumb Code   222  main.o(i.saadc_event_handler)
    saadc_init                               0x000208d9   Thumb Code   290  main.o(i.saadc_init)
    saadc_sampling_event_enable              0x00020a19   Thumb Code    38  main.o(i.saadc_sampling_event_enable)
    saadc_sampling_event_init                0x00020a55   Thumb Code   246  main.o(i.saadc_sampling_event_init)
    sd_check_ram_start                       0x00020b6d   Thumb Code    52  softdevice_handler.o(i.sd_check_ram_start)
    shiftRegInit                             0x00020e4d   Thumb Code   106  shiftreg.o(i.shiftRegInit)
    shiftRegLatch                            0x00020eb7   Thumb Code    28  shiftreg.o(i.shiftRegLatch)
    shiftRegPulse                            0x00020ed3   Thumb Code    28  shiftreg.o(i.shiftRegPulse)
    shiftRegWrite                            0x00020eef   Thumb Code   112  shiftreg.o(i.shiftRegWrite)
    softdevice_ble_evt_handler_set           0x00020fd1   Thumb Code    20  softdevice_handler.o(i.softdevice_ble_evt_handler_set)
    softdevice_enable                        0x00020fe9   Thumb Code    90  softdevice_handler.o(i.softdevice_enable)
    softdevice_enable_get_default_config     0x000210ed   Thumb Code    44  softdevice_handler.o(i.softdevice_enable_get_default_config)
    softdevice_fault_handler                 0x00021119   Thumb Code    20  softdevice_handler.o(i.softdevice_fault_handler)
    softdevice_handler_init                  0x0002112d   Thumb Code    84  softdevice_handler.o(i.softdevice_handler_init)
    softdevice_sys_evt_handler_set           0x00021195   Thumb Code    20  softdevice_handler.o(i.softdevice_sys_evt_handler_set)
    timer_light_show_handler                 0x00021289   Thumb Code   548  main.o(i.timer_light_show_handler)
    Region$$Table$$Base                      0x00021f20   Number         0  anon$$obj.o(Region$$Table)
    Region$$Table$$Limit                     0x00021f40   Number         0  anon$$obj.o(Region$$Table)
    Image$$RW_IRAM1$$Base                    0x20001fe8   Number         0  anon$$obj.o ABSOLUTE
    dataReceived                             0x20002000   Data           8  main.o(.data)
    solution                                 0x20002008   Data           8  main.o(.data)
    btn1_counter                             0x20002010   Data           1  main.o(.data)
    btn2_counter                             0x20002011   Data           1  main.o(.data)
    btn3_counter                             0x20002012   Data           1  main.o(.data)
    btn4_counter                             0x20002013   Data           1  main.o(.data)
    btn5_counter                             0x20002014   Data           1  main.o(.data)
    btn6_counter                             0x20002015   Data           1  main.o(.data)
    ledMatriseA                              0x20002016   Data           7  main.o(.data)
    ledMatriseB                              0x2000201d   Data           7  main.o(.data)
    knappSjekk                               0x20002024   Data           1  main.o(.data)
    knappSjekk1                              0x20002025   Data           1  main.o(.data)
    knappSjekk2                              0x20002026   Data           1  main.o(.data)
    knappSjekk3                              0x20002027   Data           1  main.o(.data)
    knappSjekk4                              0x20002028   Data           1  main.o(.data)
    knappSjekk5                              0x20002029   Data           1  main.o(.data)
    knappSjekk6                              0x2000202a   Data           1  main.o(.data)
    SystemCoreClock                          0x200020f4   Data           4  system_nrf52.o(.data)
    _SEGGER_RTT                              0x20002f18   Data         120  segger_rtt.o(.bss)
    nrf_nvic_state                           0x20002f90   Data          12  softdevice_handler.o(.bss)
    __initial_sp                             0x20004fa0   Data           0  arm_startup_nrf52.o(STACK)



==============================================================================

Memory Map of the image

  Image Entry point : 0x0001c401

  Load Region LR_IROM1 (Base: 0x0001c000, Size: 0x00006050, Max: 0x00064000, ABSOLUTE)

    Execution Region ER_IROM1 (Base: 0x0001c000, Size: 0x00005f40, Max: 0x00064000, ABSOLUTE)

    Base Addr    Size         Type   Attr      Idx    E Section Name        Object

    0x0001c000   0x00000400   Data   RO         3731    RESET               arm_startup_nrf52.o
    0x0001c400   0x00000000   Code   RO         3816  * .ARM.Collect$$$$00000000  mc_w.l(entry.o)
    0x0001c400   0x00000004   Code   RO         3836    .ARM.Collect$$$$00000001  mc_w.l(entry2.o)
    0x0001c404   0x00000004   Code   RO         3839    .ARM.Collect$$$$00000004  mc_w.l(entry5.o)
    0x0001c408   0x00000000   Code   RO         3841    .ARM.Collect$$$$00000008  mc_w.l(entry7b.o)
    0x0001c408   0x00000000   Code   RO         3843    .ARM.Collect$$$$0000000A  mc_w.l(entry8b.o)
    0x0001c408   0x00000008   Code   RO         3844    .ARM.Collect$$$$0000000B  mc_w.l(entry9a.o)
    0x0001c410   0x00000000   Code   RO         3846    .ARM.Collect$$$$0000000D  mc_w.l(entry10a.o)
    0x0001c410   0x00000000   Code   RO         3848    .ARM.Collect$$$$0000000F  mc_w.l(entry11a.o)
    0x0001c410   0x00000004   Code   RO         3837    .ARM.Collect$$$$00002712  mc_w.l(entry2.o)
    0x0001c414   0x00000076   Code   RO         1153    .emb_text           nrf_delay.o
    0x0001c48a   0x00000002   PAD
    0x0001c48c   0x00000076   Code   RO         2776    .emb_text           app_timer.o
    0x0001c502   0x00000002   PAD
    0x0001c504   0x00000024   Code   RO         3732    .text               arm_startup_nrf52.o
    0x0001c528   0x00000024   Code   RO         3824    .text               mc_w.l(memcpya.o)
    0x0001c54c   0x00000024   Code   RO         3826    .text               mc_w.l(memseta.o)
    0x0001c570   0x00000012   Code   RO         3832    .text               mc_w.l(strcpy.o)
    0x0001c582   0x00000002   PAD
    0x0001c584   0x00000024   Code   RO         3852    .text               mc_w.l(init.o)
    0x0001c5a8   0x000001b8   Code   RO         1223    i.GPIOTE_IRQHandler  nrf_drv_gpiote.o
    0x0001c760   0x00000018   Code   RO         2777    i.NVIC_ClearPendingIRQ  app_timer.o
    0x0001c778   0x00000016   Code   RO         2778    i.NVIC_EnableIRQ    app_timer.o
    0x0001c78e   0x00000002   PAD
    0x0001c790   0x00000018   Code   RO         2779    i.NVIC_SetPendingIRQ  app_timer.o
    0x0001c7a8   0x00000028   Code   RO         2780    i.NVIC_SetPriority  app_timer.o
    0x0001c7d0   0x00000040   Code   RO         3739    i.NVIC_SystemReset  system_nrf52.o
    0x0001c810   0x00000034   Code   RO         2781    i.RTC1_IRQHandler   app_timer.o
    0x0001c844   0x000000d8   Code   RO         2082    i.SAADC_IRQHandler  nrf_drv_saadc.o
    0x0001c91c   0x00000094   Code   RO         3448    i.SEGGER_RTT_ConfigDownBuffer  segger_rtt.o
    0x0001c9b0   0x00000094   Code   RO         3449    i.SEGGER_RTT_ConfigUpBuffer  segger_rtt.o
    0x0001ca44   0x00000034   Code   RO         3461    i.SEGGER_RTT_Write  segger_rtt.o
    0x0001ca78   0x00000084   Code   RO         3462    i.SEGGER_RTT_WriteNoLock  segger_rtt.o
    0x0001cafc   0x0000001a   Code   RO         3588    i.SEGGER_RTT_printf  segger_rtt_printf.o
    0x0001cb16   0x0000020a   Code   RO         3589    i.SEGGER_RTT_vprintf  segger_rtt_printf.o
    0x0001cd20   0x00000008   Code   RO         2782    i.SWI0_EGU0_IRQHandler  app_timer.o
    0x0001cd28   0x00000038   Code   RO         3625    i.SWI2_EGU2_IRQHandler  softdevice_handler.o
    0x0001cd60   0x00000010   Code   RO         3740    i.SystemCoreClockUpdate  system_nrf52.o
    0x0001cd70   0x00000240   Code   RO         3741    i.SystemInit        system_nrf52.o
    0x0001cfb0   0x00000018   Code   RO         2405    i.TIMER0_IRQHandler  nrf_drv_timer.o
    0x0001cfc8   0x00000018   Code   RO         2406    i.TIMER1_IRQHandler  nrf_drv_timer.o
    0x0001cfe0   0x00000018   Code   RO         1462    i.UARTE0_UART0_IRQHandler  nrf_drv_uart.o
    0x0001cff8   0x00000070   Code   RO         3465    i._DoInit           segger_rtt.o
    0x0001d068   0x0000001c   Code   RO         3466    i._GetAvailWriteSpace  segger_rtt.o
    0x0001d084   0x000000ec   Code   RO         3590    i._PrintInt         segger_rtt_printf.o
    0x0001d170   0x000000ec   Code   RO         3591    i._PrintUnsigned    segger_rtt_printf.o
    0x0001d25c   0x00000044   Code   RO         3592    i._StoreChar        segger_rtt_printf.o
    0x0001d2a0   0x00000072   Code   RO         3468    i._WriteBlocking    segger_rtt.o
    0x0001d312   0x0000004c   Code   RO         3469    i._WriteNoCheck     segger_rtt.o
    0x0001d35e   0x0000000e   Code   RO         3856    i.__scatterload_copy  mc_w.l(handlers.o)
    0x0001d36c   0x00000002   Code   RO         3857    i.__scatterload_null  mc_w.l(handlers.o)
    0x0001d36e   0x0000000e   Code   RO         3858    i.__scatterload_zeroinit  mc_w.l(handlers.o)
    0x0001d37c   0x0000000c   Code   RO         3007    i.__sd_nvic_irq_disable  app_util_platform.o
    0x0001d388   0x000001c6   Code   RO          544    i.adv_data_encode   ble_advdata.o
    0x0001d54e   0x00000012   Code   RO          545    i.advdata_check     ble_advdata.o
    0x0001d560   0x00000054   Code   RO          491    i.advertising_buttons_configure  bsp_btn_ble.o
    0x0001d5b4   0x0000008c   Code   RO            5    i.advertising_init  main.o
    0x0001d640   0x00000054   Code   RO          974    i.app_beacon_init   advertiser_beacon_timeslot.o
    0x0001d694   0x0000008c   Code   RO          975    i.app_beacon_on_sys_evt  advertiser_beacon_timeslot.o
    0x0001d720   0x00000070   Code   RO          976    i.app_beacon_start  advertiser_beacon_timeslot.o
    0x0001d790   0x0000001a   Code   RO         2672    i.app_error_fault_handler  app_error_weak.o
    0x0001d7aa   0x00000020   Code   RO         2632    i.app_error_handler  app_error.o
    0x0001d7ca   0x00000002   PAD
    0x0001d7cc   0x00000088   Code   RO         2634    i.app_error_save_and_stop  app_error.o
    0x0001d854   0x0000003c   Code   RO         2785    i.app_timer_create  app_timer.o
    0x0001d890   0x000000b8   Code   RO         2786    i.app_timer_init    app_timer.o
    0x0001d948   0x00000058   Code   RO         2787    i.app_timer_start   app_timer.o
    0x0001d9a0   0x00000034   Code   RO         2788    i.app_timer_stop    app_timer.o
    0x0001d9d4   0x0000000c   Code   RO         3008    i.app_util_critical_region_enter  app_util_platform.o
    0x0001d9e0   0x00000048   Code   RO         3009    i.app_util_critical_region_exit  app_util_platform.o
    0x0001da28   0x00000052   Code   RO          546    i.appearance_encode  ble_advdata.o
    0x0001da7a   0x00000002   PAD
    0x0001da7c   0x00000014   Code   RO         2242    i.are_app_channels  nrf_drv_ppi.o
    0x0001da90   0x00000028   Code   RO            7    i.beacon_advertiser_error_handler  main.o
    0x0001dab8   0x00000094   Code   RO          547    i.ble_advdata_set   ble_advdata.o
    0x0001db4c   0x0000017c   Code   RO          672    i.ble_advertising_init  ble_advertising.o
    0x0001dcc8   0x000000f8   Code   RO          673    i.ble_advertising_on_ble_evt  ble_advertising.o
    0x0001ddc0   0x00000010   Code   RO          676    i.ble_advertising_peer_address_clear  ble_advertising.o
    0x0001ddd0   0x00000078   Code   RO          677    i.ble_advertising_restart_without_whitelist  ble_advertising.o
    0x0001de48   0x00000288   Code   RO          678    i.ble_advertising_start  ble_advertising.o
    0x0001e0d0   0x00000070   Code   RO          768    i.ble_conn_params_init  ble_conn_params.o
    0x0001e140   0x0000003e   Code   RO          769    i.ble_conn_params_on_ble_evt  ble_conn_params.o
    0x0001e17e   0x00000074   Code   RO          548    i.ble_device_addr_encode  ble_advdata.o
    0x0001e1f2   0x00000002   PAD
    0x0001e1f4   0x0000002c   Code   RO            8    i.ble_evt_dispatch  main.o
    0x0001e220   0x00000098   Code   RO          865    i.ble_nus_init      ble_nus.o
    0x0001e2b8   0x00000042   Code   RO          866    i.ble_nus_on_ble_evt  ble_nus.o
    0x0001e2fa   0x00000056   Code   RO          867    i.ble_nus_string_send  ble_nus.o
    0x0001e350   0x000001e8   Code   RO            9    i.ble_stack_init    main.o
    0x0001e538   0x00000038   Code   RO          492    i.bsp_btn_ble_init  bsp_btn_ble.o
    0x0001e570   0x00000078   Code   RO          493    i.bsp_btn_ble_on_ble_evt  bsp_btn_ble.o
    0x0001e5e8   0x0000001c   Code   RO          494    i.bsp_btn_ble_sleep_mode_prepare  bsp_btn_ble.o
    0x0001e604   0x00000008   Code   RO          403    i.bsp_button_is_pressed  bsp.o
    0x0001e60c   0x0000007c   Code   RO           10    i.bsp_event_handler  main.o
    0x0001e688   0x0000000a   Code   RO          407    i.bsp_event_to_button_action_assign  bsp.o
    0x0001e692   0x00000006   Code   RO          408    i.bsp_indication_set  bsp.o
    0x0001e698   0x00000008   Code   RO          410    i.bsp_init          bsp.o
    0x0001e6a0   0x00000006   Code   RO          411    i.bsp_wakeup_buttons_set  bsp.o
    0x0001e6a6   0x00000010   Code   RO         3285    i.btnCounter        shiftreg.o
    0x0001e6b6   0x00000002   PAD
    0x0001e6b8   0x00000074   Code   RO           11    i.buttons_leds_init  main.o
    0x0001e72c   0x00000010   Code   RO         1225    i.channel_handler_get  nrf_drv_gpiote.o
    0x0001e73c   0x0000000c   Code   RO         1227    i.channel_port_get  nrf_drv_gpiote.o
    0x0001e748   0x00000090   Code   RO         2790    i.compare_reg_update  app_timer.o
    0x0001e7d8   0x0000005a   Code   RO          549    i.conn_int_check    ble_advdata.o
    0x0001e832   0x00000068   Code   RO          550    i.conn_int_encode   ble_advdata.o
    0x0001e89a   0x00000002   PAD
    0x0001e89c   0x00000028   Code   RO           12    i.conn_params_error_handler  main.o
    0x0001e8c4   0x00000070   Code   RO           13    i.conn_params_init  main.o
    0x0001e934   0x00000084   Code   RO          771    i.conn_params_negotiation  ble_conn_params.o
    0x0001e9b8   0x00000054   Code   RO          495    i.connection_buttons_configure  bsp_btn_ble.o
    0x0001ea0c   0x00000064   Code   RO         2791    i.elapsed_ticks_acquire  app_timer.o
    0x0001ea70   0x00000030   Code   RO         3742    i.errata_16         system_nrf52.o
    0x0001eaa0   0x00000054   Code   RO         3743    i.errata_31         system_nrf52.o
    0x0001eaf4   0x00000030   Code   RO         3744    i.errata_32         system_nrf52.o
    0x0001eb24   0x00000054   Code   RO         3745    i.errata_36         system_nrf52.o
    0x0001eb78   0x00000030   Code   RO         3746    i.errata_37         system_nrf52.o
    0x0001eba8   0x00000030   Code   RO         3747    i.errata_57         system_nrf52.o
    0x0001ebd8   0x00000030   Code   RO         3748    i.errata_66         system_nrf52.o
    0x0001ec08   0x00000058   Code   RO         2792    i.expired_timers_handler  app_timer.o
    0x0001ec60   0x00000036   Code   RO          551    i.flags_encode      ble_advdata.o
    0x0001ec96   0x00000036   Code   RO          680    i.flash_access_in_progress  ble_advertising.o
    0x0001eccc   0x00000018   Code   RO         3073    i.fs_queued_op_count_get  fstorage.o
    0x0001ece4   0x00000098   Code   RO           14    i.gap_params_init   main.o
    0x0001ed7c   0x000000b0   Code   RO         3626    i.intern_softdevice_events_execute  softdevice_handler.o
    0x0001ee2c   0x0000005c   Code   RO         2407    i.irq_handler       nrf_drv_timer.o
    0x0001ee88   0x00000020   Code   RO         2244    i.is_allocated_channel  nrf_drv_ppi.o
    0x0001eea8   0x00000012   Code   RO         2246    i.is_app_channel    nrf_drv_ppi.o
    0x0001eeba   0x00000002   PAD
    0x0001eebc   0x00000024   Code   RO          772    i.is_conn_params_ok  ble_conn_params.o
    0x0001eee0   0x0000001c   Code   RO         2248    i.is_programmable_app_channel  nrf_drv_ppi.o
    0x0001eefc   0x0000006a   Code   RO          552    i.le_role_encode    ble_advdata.o
    0x0001ef66   0x00000002   PAD
    0x0001ef68   0x00000098   Code   RO         2793    i.list_deletions_handler  app_timer.o
    0x0001f000   0x0000010c   Code   RO         2794    i.list_insertions_handler  app_timer.o
    0x0001f10c   0x0000005c   Code   RO         3201    i.log_rtt_init      nrf_log.o
    0x0001f168   0x0000001e   Code   RO         3202    i.log_rtt_printf    nrf_log.o
    0x0001f186   0x00000002   PAD
    0x0001f188   0x00000028   Code   RO          978    i.m_configure_next_event  advertiser_beacon_timeslot.o
    0x0001f1b0   0x000000a4   Code   RO          979    i.m_configure_radio  advertiser_beacon_timeslot.o
    0x0001f254   0x000000fc   Code   RO          980    i.m_get_adv_packet  advertiser_beacon_timeslot.o
    0x0001f350   0x00000060   Code   RO          981    i.m_handle_radio_disabled  advertiser_beacon_timeslot.o
    0x0001f3b0   0x00000030   Code   RO          982    i.m_handle_start    advertiser_beacon_timeslot.o
    0x0001f3e0   0x00000028   Code   RO          983    i.m_request_earliest  advertiser_beacon_timeslot.o
    0x0001f408   0x0000003c   Code   RO          984    i.m_set_adv_ch      advertiser_beacon_timeslot.o
    0x0001f444   0x000000a0   Code   RO          985    i.m_timeslot_callback  advertiser_beacon_timeslot.o
    0x0001f4e4   0x00000340   Code   RO           15    i.main              main.o
    0x0001f824   0x00000076   Code   RO          553    i.manuf_specific_data_encode  ble_advdata.o
    0x0001f89a   0x000000c2   Code   RO          554    i.name_encode       ble_advdata.o
    0x0001f95c   0x0000001a   Code   RO         1154    i.nrf_delay_ms      nrf_delay.o
    0x0001f976   0x00000002   PAD
    0x0001f978   0x00000060   Code   RO         1185    i.nrf_drv_common_irq_enable  nrf_drv_common.o
    0x0001f9d8   0x0000000a   Code   RO         2408    i.nrf_drv_get_IRQn  nrf_drv_timer.o
    0x0001f9e2   0x00000002   PAD
    0x0001f9e4   0x0000006c   Code   RO         2249    i.nrf_drv_ppi_channel_alloc  nrf_drv_ppi.o
    0x0001fa50   0x0000004c   Code   RO         2250    i.nrf_drv_ppi_channel_assign  nrf_drv_ppi.o
    0x0001fa9c   0x00000038   Code   RO         2252    i.nrf_drv_ppi_channel_enable  nrf_drv_ppi.o
    0x0001fad4   0x00000008   Code   RO         2255    i.nrf_drv_ppi_channel_to_mask  nrf_drv_ppi.o
    0x0001fadc   0x00000018   Code   RO         2262    i.nrf_drv_ppi_init  nrf_drv_ppi.o
    0x0001faf4   0x0000008c   Code   RO         2084    i.nrf_drv_saadc_buffer_convert  nrf_drv_saadc.o
    0x0001fb80   0x00000058   Code   RO         2085    i.nrf_drv_saadc_channel_init  nrf_drv_saadc.o
    0x0001fbd8   0x00000080   Code   RO         2087    i.nrf_drv_saadc_init  nrf_drv_saadc.o
    0x0001fc58   0x00000038   Code   RO         2411    i.nrf_drv_timer_compare  nrf_drv_timer.o
    0x0001fc90   0x00000024   Code   RO         2415    i.nrf_drv_timer_enable  nrf_drv_timer.o
    0x0001fcb4   0x00000042   Code   RO         2416    i.nrf_drv_timer_extended_compare  nrf_drv_timer.o
    0x0001fcf6   0x00000002   PAD
    0x0001fcf8   0x000001e4   Code   RO         2418    i.nrf_drv_timer_init  nrf_drv_timer.o
    0x0001fedc   0x00000024   Code   RO         3286    i.nrf_gpio_cfg      shiftreg.o
    0x0001ff00   0x0000001a   Code   RO         3287    i.nrf_gpio_cfg_input  shiftreg.o
    0x0001ff1a   0x00000018   Code   RO         3288    i.nrf_gpio_cfg_output  shiftreg.o
    0x0001ff32   0x00000002   PAD
    0x0001ff34   0x00000024   Code   RO         1249    i.nrf_gpio_cfg_sense_set  nrf_drv_gpiote.o
    0x0001ff58   0x00000010   Code   RO           16    i.nrf_gpio_pin_clear  main.o
    0x0001ff68   0x00000010   Code   RO         3289    i.nrf_gpio_pin_clear  shiftreg.o
    0x0001ff78   0x00000014   Code   RO           17    i.nrf_gpio_pin_read  main.o
    0x0001ff8c   0x00000010   Code   RO         3290    i.nrf_gpio_pin_set  shiftreg.o
    0x0001ff9c   0x0000000c   Code   RO         1252    i.nrf_gpiote_event_addr_get  nrf_drv_gpiote.o
    0x0001ffa8   0x0000001c   Code   RO         1253    i.nrf_gpiote_event_clear  nrf_drv_gpiote.o
    0x0001ffc4   0x00000016   Code   RO         1254    i.nrf_gpiote_event_is_set  nrf_drv_gpiote.o
    0x0001ffda   0x00000002   PAD
    0x0001ffdc   0x00000010   Code   RO         2093    i.nrf_saadc_buffer_init  nrf_drv_saadc.o
    0x0001ffec   0x00000068   Code   RO         2215    i.nrf_saadc_channel_init  nrf_saadc.o
    0x00020054   0x00000018   Code   RO         2094    i.nrf_saadc_channel_input_set  nrf_drv_saadc.o
    0x0002006c   0x00000014   Code   RO         2095    i.nrf_saadc_event_check  nrf_drv_saadc.o
    0x00020080   0x0000000c   Code   RO         2096    i.nrf_saadc_event_clear  nrf_drv_saadc.o
    0x0002008c   0x0000000c   Code   RO         2097    i.nrf_saadc_int_disable  nrf_drv_saadc.o
    0x00020098   0x0000000c   Code   RO         2098    i.nrf_saadc_int_enable  nrf_drv_saadc.o
    0x000200a4   0x0000000c   Code   RO         2100    i.nrf_saadc_task_trigger  nrf_drv_saadc.o
    0x000200b0   0x0000000e   Code   RO         2422    i.nrf_timer_compare_event_get  nrf_drv_timer.o
    0x000200be   0x0000000a   Code   RO         2423    i.nrf_timer_compare_int_get  nrf_drv_timer.o
    0x000200c8   0x00000006   Code   RO         2424    i.nrf_timer_event_clear  nrf_drv_timer.o
    0x000200ce   0x00000006   Code   RO         2425    i.nrf_timer_int_disable  nrf_drv_timer.o
    0x000200d4   0x00000006   Code   RO         2426    i.nrf_timer_int_enable  nrf_drv_timer.o
    0x000200da   0x0000000c   Code   RO         2427    i.nrf_timer_shorts_disable  nrf_drv_timer.o
    0x000200e6   0x00000006   Code   RO         2428    i.nrf_timer_task_trigger  nrf_drv_timer.o
    0x000200ec   0x0000000c   Code   RO         1483    i.nrf_uart_errorsrc_get_and_clear  nrf_drv_uart.o
    0x000200f8   0x0000000e   Code   RO         1484    i.nrf_uart_event_check  nrf_drv_uart.o
    0x00020106   0x00000006   Code   RO         1485    i.nrf_uart_event_clear  nrf_drv_uart.o
    0x0002010c   0x00000006   Code   RO         1487    i.nrf_uart_int_disable  nrf_drv_uart.o
    0x00020112   0x00000012   Code   RO         1489    i.nrf_uart_int_enable_check  nrf_drv_uart.o
    0x00020124   0x00000006   Code   RO         1490    i.nrf_uart_task_trigger  nrf_drv_uart.o
    0x0002012a   0x0000000c   Code   RO         1492    i.nrf_uarte_errorsrc_get_and_clear  nrf_drv_uart.o
    0x00020136   0x0000000e   Code   RO         1493    i.nrf_uarte_event_check  nrf_drv_uart.o
    0x00020144   0x00000006   Code   RO         1494    i.nrf_uarte_event_clear  nrf_drv_uart.o
    0x0002014a   0x0000000a   Code   RO         1498    i.nrf_uarte_rx_amount_get  nrf_drv_uart.o
    0x00020154   0x000000fc   Code   RO           18    i.nus_data_handler  main.o
    0x00020250   0x00000048   Code   RO           19    i.on_adv_evt        main.o
    0x00020298   0x000000d4   Code   RO           20    i.on_ble_evt        main.o
    0x0002036c   0x00000040   Code   RO           21    i.on_conn_params_evt  main.o
    0x000203ac   0x00000018   Code   RO          773    i.on_conn_params_update  ble_conn_params.o
    0x000203c4   0x00000038   Code   RO          774    i.on_connect        ble_conn_params.o
    0x000203fc   0x00000006   Code   RO          868    i.on_connect        ble_nus.o
    0x00020402   0x00000002   PAD
    0x00020404   0x00000040   Code   RO          775    i.on_disconnect     ble_conn_params.o
    0x00020444   0x00000008   Code   RO          869    i.on_disconnect     ble_nus.o
    0x0002044c   0x00000058   Code   RO          776    i.on_write          ble_conn_params.o
    0x000204a4   0x00000050   Code   RO          870    i.on_write          ble_nus.o
    0x000204f4   0x00000018   Code   RO          681    i.peer_address_exists  ble_advertising.o
    0x0002050c   0x0000002c   Code   RO         1772    i.pstorage_access_status_get  pstorage.o
    0x00020538   0x00000014   Code   RO         3627    i.ram_end_address_get  softdevice_handler.o
    0x0002054c   0x0000000c   Code   RO         2795    i.rtc1_compare0_set  app_timer.o
    0x00020558   0x0000000c   Code   RO         2796    i.rtc1_counter_get  app_timer.o
    0x00020564   0x00000018   Code   RO         2797    i.rtc1_init         app_timer.o
    0x0002057c   0x0000003c   Code   RO         2798    i.rtc1_start        app_timer.o
    0x000205b8   0x00000058   Code   RO         2799    i.rtc1_stop         app_timer.o
    0x00020610   0x00000050   Code   RO         1502    i.rx_byte           nrf_drv_uart.o
    0x00020660   0x00000138   Code   RO          871    i.rx_char_add       ble_nus.o
    0x00020798   0x00000024   Code   RO         1503    i.rx_done_event     nrf_drv_uart.o
    0x000207bc   0x0000011c   Code   RO           22    i.saadc_event_handler  main.o
    0x000208d8   0x00000140   Code   RO           23    i.saadc_init        main.o
    0x00020a18   0x0000003c   Code   RO           24    i.saadc_sampling_event_enable  main.o
    0x00020a54   0x00000118   Code   RO           25    i.saadc_sampling_event_init  main.o
    0x00020b6c   0x00000094   Code   RO         3628    i.sd_check_ram_start  softdevice_handler.o
    0x00020c00   0x000000d0   Code   RO         3629    i.sd_nvic_EnableIRQ  softdevice_handler.o
    0x00020cd0   0x00000068   Code   RO         3012    i.sd_nvic_critical_region_enter  app_util_platform.o
    0x00020d38   0x00000036   Code   RO          555    i.sec_mgr_oob_flags_encode  ble_advdata.o
    0x00020d6e   0x00000096   Code   RO          556    i.service_data_encode  ble_advdata.o
    0x00020e04   0x00000048   Code   RO           26    i.services_init     main.o
    0x00020e4c   0x0000006a   Code   RO         3291    i.shiftRegInit      shiftreg.o
    0x00020eb6   0x0000001c   Code   RO         3292    i.shiftRegLatch     shiftreg.o
    0x00020ed2   0x0000001c   Code   RO         3293    i.shiftRegPulse     shiftreg.o
    0x00020eee   0x00000070   Code   RO         3294    i.shiftRegWrite     shiftreg.o
    0x00020f5e   0x00000002   PAD
    0x00020f60   0x00000070   Code   RO           27    i.sleep_mode_enter  main.o
    0x00020fd0   0x00000018   Code   RO         3630    i.softdevice_ble_evt_handler_set  softdevice_handler.o
    0x00020fe8   0x00000104   Code   RO         3631    i.softdevice_enable  softdevice_handler.o
    0x000210ec   0x0000002c   Code   RO         3632    i.softdevice_enable_get_default_config  softdevice_handler.o
    0x00021118   0x00000014   Code   RO         3633    i.softdevice_fault_handler  softdevice_handler.o
    0x0002112c   0x00000068   Code   RO         3634    i.softdevice_handler_init  softdevice_handler.o
    0x00021194   0x00000018   Code   RO         3637    i.softdevice_sys_evt_handler_set  softdevice_handler.o
    0x000211ac   0x0000000e   Code   RO          557    i.srdata_check      ble_advdata.o
    0x000211ba   0x0000004c   Code   RO          496    i.startup_event_extract  bsp_btn_ble.o
    0x00021206   0x0000000c   Code   RO           28    i.sys_evt_dispatch  main.o
    0x00021212   0x0000000a   Code   RO         2800    i.ticks_diff_get    app_timer.o
    0x0002121c   0x0000006c   Code   RO         2801    i.timeout_handler_exec  app_timer.o
    0x00021288   0x0000026c   Code   RO           29    i.timer_light_show_handler  main.o
    0x000214f4   0x00000054   Code   RO         2802    i.timer_list_handler  app_timer.o
    0x00021548   0x0000000a   Code   RO         2803    i.timer_list_handler_sched  app_timer.o
    0x00021552   0x00000002   PAD
    0x00021554   0x00000068   Code   RO         2804    i.timer_list_insert  app_timer.o
    0x000215bc   0x0000006c   Code   RO         2805    i.timer_list_remove  app_timer.o
    0x00021628   0x0000005c   Code   RO         2806    i.timer_start_op_schedule  app_timer.o
    0x00021684   0x00000040   Code   RO         2808    i.timer_stop_op_schedule  app_timer.o
    0x000216c4   0x00000098   Code   RO         2809    i.timer_timeouts_check  app_timer.o
    0x0002175c   0x0000000a   Code   RO         2810    i.timer_timeouts_check_sched  app_timer.o
    0x00021766   0x00000002   PAD
    0x00021768   0x00000048   Code   RO           30    i.timeslot_init     main.o
    0x000217b0   0x00000046   Code   RO          558    i.tk_value_encode   ble_advdata.o
    0x000217f6   0x00000002   PAD
    0x000217f8   0x00000038   Code   RO         1505    i.tx_byte           nrf_drv_uart.o
    0x00021830   0x000000ee   Code   RO          872    i.tx_char_add       ble_nus.o
    0x0002191e   0x00000002   PAD
    0x00021920   0x0000002c   Code   RO         1506    i.tx_done_event     nrf_drv_uart.o
    0x0002194c   0x00000036   Code   RO          559    i.tx_power_level_encode  ble_advdata.o
    0x00021982   0x00000002   PAD
    0x00021984   0x00000160   Code   RO         1507    i.uart_irq_handler  nrf_drv_uart.o
    0x00021ae4   0x0000012c   Code   RO         1508    i.uarte_irq_handler  nrf_drv_uart.o
    0x00021c10   0x0000000c   Code   RO          560    i.uint16_encode     ble_advdata.o
    0x00021c1c   0x00000090   Code   RO          777    i.update_timeout_handler  ble_conn_params.o
    0x00021cac   0x00000058   Code   RO         2811    i.user_id_get       app_timer.o
    0x00021d04   0x00000030   Code   RO         2812    i.user_op_alloc     app_timer.o
    0x00021d34   0x00000004   Code   RO         2813    i.user_op_enque     app_timer.o
    0x00021d38   0x0000004e   Code   RO          561    i.uuid_list_encode  ble_advdata.o
    0x00021d86   0x000000dc   Code   RO          562    i.uuid_list_sized_encode  ble_advdata.o
    0x00021e62   0x00000012   Code   RO          682    i.whitelist_has_entries  ble_advertising.o
    0x00021e74   0x00000024   Data   RO           32    .constdata          main.o
    0x00021e98   0x00000004   Data   RO          779    .constdata          ble_conn_params.o
    0x00021e9c   0x00000010   Data   RO          873    .constdata          ble_nus.o
    0x00021eac   0x00000003   Data   RO         2102    .constdata          nrf_drv_saadc.o
    0x00021eaf   0x00000001   PAD
    0x00021eb0   0x00000010   Data   RO         2430    .constdata          nrf_drv_timer.o
    0x00021ec0   0x00000010   Data   RO         3593    .constdata          segger_rtt_printf.o
    0x00021ed0   0x0000004e   Data   RO         3639    .conststring        softdevice_handler.o
    0x00021f1e   0x00000002   PAD
    0x00021f20   0x00000020   Data   RO         3854    Region$$Table       anon$$obj.o


    Execution Region RW_IRAM1 (Base: 0x20001fe8, Size: 0x00002fb8, Max: 0x0000e018, ABSOLUTE)

    Base Addr    Size         Type   Attr      Idx    E Section Name        Object

    0x20001fe8   0x0000004a   Data   RW           33    .data               main.o
    0x20002032   0x00000002   PAD
    0x20002034   0x00000008   Data   RW          497    .data               bsp_btn_ble.o
    0x2000203c   0x00000020   Data   RW          684    .data               ble_advertising.o
    0x2000205c   0x00000015   Data   RW          780    .data               ble_conn_params.o
    0x20002071   0x00000003   PAD
    0x20002074   0x00000009   Data   RW          987    .data               advertiser_beacon_timeslot.o
    0x2000207d   0x00000003   PAD
    0x20002080   0x00000028   Data   RW         1808    .data               pstorage.o
    0x200020a8   0x00000009   Data   RW         2266    .data               nrf_drv_ppi.o
    0x200020b1   0x00000003   PAD
    0x200020b4   0x00000022   Data   RW         2814    .data               app_timer.o
    0x200020d6   0x00000004   Data   RW         3207    .data               nrf_log.o
    0x200020da   0x00000002   PAD
    0x200020dc   0x00000018   Data   RW         3640    .data               softdevice_handler.o
    0x200020f4   0x00000004   Data   RW         3749    .data               system_nrf52.o
    0x200020f8   0x00000250   Zero   RW           31    .bss                main.o
    0x20002348   0x00000103   Zero   RW          683    .bss                ble_advertising.o
    0x2000244b   0x00000001   PAD
    0x2000244c   0x0000003c   Zero   RW          778    .bss                ble_conn_params.o
    0x20002488   0x00000058   Zero   RW          986    .bss                advertiser_beacon_timeslot.o
    0x200024e0   0x00000058   Zero   RW         1261    .bss                nrf_drv_gpiote.o
    0x20002538   0x00000020   Zero   RW         1509    .bss                nrf_drv_uart.o
    0x20002558   0x000000d8   Zero   RW         1806    .bss                pstorage.o
    0x20002630   0x0000002c   Zero   RW         2101    .bss                nrf_drv_saadc.o
    0x2000265c   0x00000018   Zero   RW         2429    .bss                nrf_drv_timer.o
    0x20002674   0x00000020   Zero   RW         2635    .bss                app_error.o
    0x20002694   0x00000058   Zero   RW         3084    .bss                fstorage.o
    0x200026ec   0x0000041b   Zero   RW         3206    .bss                nrf_log.o
    0x20002b07   0x00000001   PAD
    0x20002b08   0x00000488   Zero   RW         3470    .bss                segger_rtt.o
    0x20002f90   0x0000000c   Zero   RW         3638    .bss                softdevice_handler.o
    0x20002f9c   0x00000004   PAD
    0x20002fa0   0x00002000   Zero   RW         3729    STACK               arm_startup_nrf52.o


==============================================================================

Image component sizes


      Code (inc. data)   RO Data    RW Data    ZI Data      Debug   Object Name

      1196        198          0          9         88      36525   advertiser_beacon_timeslot.o
       168          4          0          0         32       4026   app_error.o
        26          0          0          0          0        770   app_error_weak.o
      2502        324          0         34          0      61279   app_timer.o
       200         24          0          0          0       9958   app_util_platform.o
        36          8       1024          0       8192        928   arm_startup_nrf52.o
      2136          0          0          0          0      24476   ble_advdata.o
      1508        150          0         32        259      10172   ble_advertising.o
       718        122          4         21         60      19080   ble_conn_params.o
       948          4         16          0          0       7574   ble_nus.o
        38          0          0          0          0       3349   bsp.o
       448         18          0          8          0       5937   bsp_btn_ble.o
        24          6          0          0         88       3312   fstorage.o
      4556        950         36         74        592     144624   main.o
       144          0          0          0          0       1831   nrf_delay.o
        96         12          0          0          0      28923   nrf_drv_common.o
       566         38          0          0         88      16120   nrf_drv_gpiote.o
       370         34          0          9          0      12793   nrf_drv_ppi.o
       680         68          3          0         44      16804   nrf_drv_saadc.o
       852        278         16          0         24      20129   nrf_drv_timer.o
       996         66          0          0         32      23794   nrf_drv_uart.o
       122         28          0          4       1051       4389   nrf_log.o
       104          6          0          0          0       6341   nrf_saadc.o
        44          8          0         40        216       9437   pstorage.o
       810         62          0          0       1160      10332   segger_rtt.o
      1088          6         16          0          0       6317   segger_rtt_printf.o
       408         18          0          0          0       9592   shiftreg.o
      1084        350         78         24         12      40973   softdevice_handler.o
      1064        108          0          4          0       6523   system_nrf52.o

    ----------------------------------------------------------------------
     22978       2890       1228        272      11944     546308   Object Totals
         0          0         32          0          0          0   (incl. Generated)
        46          0          3         13          6          0   (incl. Padding)

    ----------------------------------------------------------------------

      Code (inc. data)   RO Data    RW Data    ZI Data      Debug   Library Member Name

         0          0          0          0          0          0   entry.o
         0          0          0          0          0          0   entry10a.o
         0          0          0          0          0          0   entry11a.o
         8          4          0          0          0          0   entry2.o
         4          0          0          0          0          0   entry5.o
         0          0          0          0          0          0   entry7b.o
         0          0          0          0          0          0   entry8b.o
         8          4          0          0          0          0   entry9a.o
        30          0          0          0          0          0   handlers.o
        36          8          0          0          0         68   init.o
        36          0          0          0          0         68   memcpya.o
        36          0          0          0          0        108   memseta.o
        18          0          0          0          0         68   strcpy.o

    ----------------------------------------------------------------------
       178         16          0          0          0        312   Library Totals
         2          0          0          0          0          0   (incl. Padding)

    ----------------------------------------------------------------------

      Code (inc. data)   RO Data    RW Data    ZI Data      Debug   Library Name

       176         16          0          0          0        312   mc_w.l

    ----------------------------------------------------------------------
       178         16          0          0          0        312   Library Totals

    ----------------------------------------------------------------------

==============================================================================


      Code (inc. data)   RO Data    RW Data    ZI Data      Debug   

     23156       2906       1228        272      11944     522820   Grand Totals
     23156       2906       1228        272      11944     522820   ELF Image Totals
     23156       2906       1228        272          0          0   ROM Totals

==============================================================================

    Total RO  Size (Code + RO Data)                24384 (  23.81kB)
    Total RW  Size (RW Data + ZI Data)             12216 (  11.93kB)
    Total ROM Size (Code + RO Data + RW Data)      24656 (  24.08kB)

==============================================================================

